Archive member included to satisfy reference by file (symbol)

../nios_software_bsp/\libhal_bsp.a(alt_load.o)
                              ../nios_software_bsp//obj/HAL/src/crt0.o (alt_load)
../nios_software_bsp/\libhal_bsp.a(alt_main.o)
                              ../nios_software_bsp//obj/HAL/src/crt0.o (alt_main)
../nios_software_bsp/\libhal_bsp.a(alt_usleep.o)
                              obj/default/main.o (usleep)
../nios_software_bsp/\libhal_bsp.a(alt_sys_init.o)
                              ../nios_software_bsp/\libhal_bsp.a(alt_main.o) (alt_irq_init)
../nios_software_bsp/\libhal_bsp.a(altera_avalon_jtag_uart_fd.o)
                              ../nios_software_bsp/\libhal_bsp.a(alt_sys_init.o) (altera_avalon_jtag_uart_read_fd)
../nios_software_bsp/\libhal_bsp.a(altera_avalon_jtag_uart_init.o)
                              ../nios_software_bsp/\libhal_bsp.a(alt_sys_init.o) (altera_avalon_jtag_uart_init)
../nios_software_bsp/\libhal_bsp.a(altera_avalon_jtag_uart_ioctl.o)
                              ../nios_software_bsp/\libhal_bsp.a(altera_avalon_jtag_uart_fd.o) (altera_avalon_jtag_uart_ioctl)
../nios_software_bsp/\libhal_bsp.a(altera_avalon_jtag_uart_read.o)
                              ../nios_software_bsp/\libhal_bsp.a(altera_avalon_jtag_uart_fd.o) (altera_avalon_jtag_uart_read)
../nios_software_bsp/\libhal_bsp.a(altera_avalon_jtag_uart_write.o)
                              ../nios_software_bsp/\libhal_bsp.a(altera_avalon_jtag_uart_fd.o) (altera_avalon_jtag_uart_write)
../nios_software_bsp/\libhal_bsp.a(alt_alarm_start.o)
                              ../nios_software_bsp/\libhal_bsp.a(altera_avalon_jtag_uart_init.o) (alt_alarm_start)
../nios_software_bsp/\libhal_bsp.a(alt_busy_sleep.o)
                              ../nios_software_bsp/\libhal_bsp.a(alt_usleep.o) (alt_busy_sleep)
../nios_software_bsp/\libhal_bsp.a(alt_close.o)
                              ../nios_software_bsp/\libhal_bsp.a(alt_main.o) (close)
../nios_software_bsp/\libhal_bsp.a(alt_dcache_flush_all.o)
                              ../nios_software_bsp/\libhal_bsp.a(alt_load.o) (alt_dcache_flush_all)
../nios_software_bsp/\libhal_bsp.a(alt_dev.o)
                              ../nios_software_bsp/\libhal_bsp.a(alt_sys_init.o) (alt_dev_list)
../nios_software_bsp/\libhal_bsp.a(alt_dev_llist_insert.o)
                              ../nios_software_bsp/\libhal_bsp.a(alt_sys_init.o) (alt_dev_llist_insert)
../nios_software_bsp/\libhal_bsp.a(alt_do_ctors.o)
                              ../nios_software_bsp/\libhal_bsp.a(alt_main.o) (_do_ctors)
../nios_software_bsp/\libhal_bsp.a(alt_do_dtors.o)
                              ../nios_software_bsp/\libhal_bsp.a(alt_main.o) (_do_dtors)
../nios_software_bsp/\libhal_bsp.a(alt_errno.o)
                              ../nios_software_bsp/\libhal_bsp.a(alt_close.o) (alt_errno)
../nios_software_bsp/\libhal_bsp.a(alt_icache_flush_all.o)
                              ../nios_software_bsp/\libhal_bsp.a(alt_load.o) (alt_icache_flush_all)
../nios_software_bsp/\libhal_bsp.a(alt_iic.o)
                              ../nios_software_bsp/\libhal_bsp.a(altera_avalon_jtag_uart_init.o) (alt_ic_isr_register)
../nios_software_bsp/\libhal_bsp.a(alt_iic_isr_register.o)
                              ../nios_software_bsp/\libhal_bsp.a(alt_iic.o) (alt_iic_isr_register)
../nios_software_bsp/\libhal_bsp.a(alt_io_redirect.o)
                              ../nios_software_bsp/\libhal_bsp.a(alt_main.o) (alt_io_redirect)
../nios_software_bsp/\libhal_bsp.a(alt_irq_entry.o)
                              ../nios_software_bsp/\libhal_bsp.a(alt_iic_isr_register.o) (alt_irq_entry)
../nios_software_bsp/\libhal_bsp.a(alt_irq_handler.o)
                              ../nios_software_bsp/\libhal_bsp.a(alt_iic_isr_register.o) (alt_irq)
../nios_software_bsp/\libhal_bsp.a(alt_irq_vars.o)
                              ../nios_software_bsp/\libhal_bsp.a(alt_iic.o) (alt_irq_active)
../nios_software_bsp/\libhal_bsp.a(alt_open.o)
                              ../nios_software_bsp/\libhal_bsp.a(alt_io_redirect.o) (open)
../nios_software_bsp/\libhal_bsp.a(alt_release_fd.o)
                              ../nios_software_bsp/\libhal_bsp.a(alt_close.o) (alt_release_fd)
../nios_software_bsp/\libhal_bsp.a(alt_tick.o)
                              ../nios_software_bsp/\libhal_bsp.a(altera_avalon_jtag_uart_init.o) (_alt_tick_rate)
../nios_software_bsp/\libhal_bsp.a(altera_nios2_gen2_irq.o)
                              ../nios_software_bsp/\libhal_bsp.a(alt_sys_init.o) (altera_nios2_gen2_irq_init)
../nios_software_bsp/\libhal_bsp.a(alt_exception_entry.o)
                              ../nios_software_bsp/\libhal_bsp.a(alt_irq_entry.o) (alt_exception)
../nios_software_bsp/\libhal_bsp.a(alt_find_dev.o)
                              ../nios_software_bsp/\libhal_bsp.a(alt_open.o) (alt_find_dev)
../nios_software_bsp/\libhal_bsp.a(alt_find_file.o)
                              ../nios_software_bsp/\libhal_bsp.a(alt_open.o) (alt_find_file)
../nios_software_bsp/\libhal_bsp.a(alt_get_fd.o)
                              ../nios_software_bsp/\libhal_bsp.a(alt_open.o) (alt_get_fd)
../nios_software_bsp/\libhal_bsp.a(alt_instruction_exception_entry.o)
                              ../nios_software_bsp/\libhal_bsp.a(alt_exception_entry.o) (alt_instruction_exception_entry)
c:/intelfpga/16.1/nios2eds/bin/gnu/h-x86_64-mingw32/bin/../lib/gcc/nios2-elf/5.3.0/../../../../../H-x86_64-mingw32/nios2-elf/lib/mno-hw-mul\libc.a(lib_a-atexit.o)
                              ../nios_software_bsp/\libhal_bsp.a(alt_main.o) (atexit)
c:/intelfpga/16.1/nios2eds/bin/gnu/h-x86_64-mingw32/bin/../lib/gcc/nios2-elf/5.3.0/../../../../../H-x86_64-mingw32/nios2-elf/lib/mno-hw-mul\libc.a(lib_a-exit.o)
                              ../nios_software_bsp/\libhal_bsp.a(alt_main.o) (exit)
c:/intelfpga/16.1/nios2eds/bin/gnu/h-x86_64-mingw32/bin/../lib/gcc/nios2-elf/5.3.0/../../../../../H-x86_64-mingw32/nios2-elf/lib/mno-hw-mul\libc.a(lib_a-impure.o)
                              c:/intelfpga/16.1/nios2eds/bin/gnu/h-x86_64-mingw32/bin/../lib/gcc/nios2-elf/5.3.0/../../../../../H-x86_64-mingw32/nios2-elf/lib/mno-hw-mul\libc.a(lib_a-exit.o) (_global_impure_ptr)
c:/intelfpga/16.1/nios2eds/bin/gnu/h-x86_64-mingw32/bin/../lib/gcc/nios2-elf/5.3.0/../../../../../H-x86_64-mingw32/nios2-elf/lib/mno-hw-mul\libc.a(lib_a-int_errno.o)
                              ../nios_software_bsp/\libhal_bsp.a(alt_close.o) (errno)
c:/intelfpga/16.1/nios2eds/bin/gnu/h-x86_64-mingw32/bin/../lib/gcc/nios2-elf/5.3.0/../../../../../H-x86_64-mingw32/nios2-elf/lib/mno-hw-mul\libc.a(lib_a-memcmp.o)
                              ../nios_software_bsp/\libhal_bsp.a(alt_find_dev.o) (memcmp)
c:/intelfpga/16.1/nios2eds/bin/gnu/h-x86_64-mingw32/bin/../lib/gcc/nios2-elf/5.3.0/../../../../../H-x86_64-mingw32/nios2-elf/lib/mno-hw-mul\libc.a(lib_a-memcpy.o)
                              ../nios_software_bsp/\libhal_bsp.a(altera_avalon_jtag_uart_read.o) (memcpy)
c:/intelfpga/16.1/nios2eds/bin/gnu/h-x86_64-mingw32/bin/../lib/gcc/nios2-elf/5.3.0/../../../../../H-x86_64-mingw32/nios2-elf/lib/mno-hw-mul\libc.a(lib_a-strlen.o)
                              ../nios_software_bsp/\libhal_bsp.a(alt_find_dev.o) (strlen)
c:/intelfpga/16.1/nios2eds/bin/gnu/h-x86_64-mingw32/bin/../lib/gcc/nios2-elf/5.3.0/../../../../../H-x86_64-mingw32/nios2-elf/lib/mno-hw-mul\libc.a(lib_a-__atexit.o)
                              c:/intelfpga/16.1/nios2eds/bin/gnu/h-x86_64-mingw32/bin/../lib/gcc/nios2-elf/5.3.0/../../../../../H-x86_64-mingw32/nios2-elf/lib/mno-hw-mul\libc.a(lib_a-atexit.o) (__register_exitproc)
c:/intelfpga/16.1/nios2eds/bin/gnu/h-x86_64-mingw32/bin/../lib/gcc/nios2-elf/5.3.0/../../../../../H-x86_64-mingw32/nios2-elf/lib/mno-hw-mul\libc.a(lib_a-__call_atexit.o)
                              c:/intelfpga/16.1/nios2eds/bin/gnu/h-x86_64-mingw32/bin/../lib/gcc/nios2-elf/5.3.0/../../../../../H-x86_64-mingw32/nios2-elf/lib/mno-hw-mul\libc.a(lib_a-exit.o) (__call_exitprocs)
c:/intelfpga/16.1/nios2eds/bin/gnu/h-x86_64-mingw32/bin/../lib/gcc/nios2-elf/5.3.0/mno-hw-mul\libgcc.a(lib2-divmod.o)
                              ../nios_software_bsp/\libhal_bsp.a(alt_busy_sleep.o) (__udivsi3)
c:/intelfpga/16.1/nios2eds/bin/gnu/h-x86_64-mingw32/bin/../lib/gcc/nios2-elf/5.3.0/mno-hw-mul\libgcc.a(lib2-mul.o)
                              ../nios_software_bsp/\libhal_bsp.a(alt_busy_sleep.o) (__mulsi3)
../nios_software_bsp/\libhal_bsp.a(alt_exit.o)
                              c:/intelfpga/16.1/nios2eds/bin/gnu/h-x86_64-mingw32/bin/../lib/gcc/nios2-elf/5.3.0/../../../../../H-x86_64-mingw32/nios2-elf/lib/mno-hw-mul\libc.a(lib_a-exit.o) (_exit)

Allocating common symbols
Common symbol       size              file

alt_irq             0x100             ../nios_software_bsp/\libhal_bsp.a(alt_irq_handler.o)
errno               0x4               c:/intelfpga/16.1/nios2eds/bin/gnu/h-x86_64-mingw32/bin/../lib/gcc/nios2-elf/5.3.0/../../../../../H-x86_64-mingw32/nios2-elf/lib/mno-hw-mul\libc.a(lib_a-int_errno.o)
second              0x4               obj/default/main.o
third               0x4               obj/default/main.o
first               0x4               obj/default/main.o
dataToWrite         0x4               obj/default/main.o

Memory Configuration

Name             Origin             Length             Attributes
reset            0x0000000000008000 0x0000000000000020
onchip_memory2_0 0x0000000000008020 0x0000000000007fe0
*default*        0x0000000000000000 0xffffffffffffffff

Linker script and memory map

LOAD ../nios_software_bsp//obj/HAL/src/crt0.o
LOAD obj/default/main.o
LOAD c:/intelfpga/16.1/nios2eds/bin/gnu/h-x86_64-mingw32/bin/../lib/gcc/nios2-elf/5.3.0/../../../../../H-x86_64-mingw32/nios2-elf/lib/mno-hw-mul\libstdc++.a
LOAD c:/intelfpga/16.1/nios2eds/bin/gnu/h-x86_64-mingw32/bin/../lib/gcc/nios2-elf/5.3.0/../../../../../H-x86_64-mingw32/nios2-elf/lib/mno-hw-mul\libm.a
LOAD c:/intelfpga/16.1/nios2eds/bin/gnu/h-x86_64-mingw32/bin/../lib/gcc/nios2-elf/5.3.0/mno-hw-mul\libgcc.a
START GROUP
LOAD c:/intelfpga/16.1/nios2eds/bin/gnu/h-x86_64-mingw32/bin/../lib/gcc/nios2-elf/5.3.0/../../../../../H-x86_64-mingw32/nios2-elf/lib/mno-hw-mul\libc.a
LOAD c:/intelfpga/16.1/nios2eds/bin/gnu/h-x86_64-mingw32/bin/../lib/gcc/nios2-elf/5.3.0/mno-hw-mul\libgcc.a
LOAD ../nios_software_bsp/\libhal_bsp.a
LOAD c:/intelfpga/16.1/nios2eds/bin/gnu/h-x86_64-mingw32/bin/../lib/gcc/nios2-elf/5.3.0/../../../../../H-x86_64-mingw32/nios2-elf/lib/mno-hw-mul\libm.a
END GROUP
LOAD c:/intelfpga/16.1/nios2eds/bin/gnu/h-x86_64-mingw32/bin/../lib/gcc/nios2-elf/5.3.0/mno-hw-mul\libgcc.a
                0x0000000000008000                __alt_mem_onchip_memory2_0 = 0x8000

.entry          0x0000000000008000       0x20
 *(.entry)
 .entry         0x0000000000008000       0x20 ../nios_software_bsp//obj/HAL/src/crt0.o
                0x0000000000008000                __reset

.exceptions     0x0000000000008020      0x210
                0x0000000000008020                PROVIDE (__ram_exceptions_start, ABSOLUTE (.))
                0x0000000000008020                . = ALIGN (0x20)
 *(.irq)
 *(.exceptions.entry.label)
 .exceptions.entry.label
                0x0000000000008020        0x0 ../nios_software_bsp/\libhal_bsp.a(alt_irq_entry.o)
                0x0000000000008020                alt_irq_entry
 .exceptions.entry.label
                0x0000000000008020        0x0 ../nios_software_bsp/\libhal_bsp.a(alt_exception_entry.o)
                0x0000000000008020                alt_exception
 *(.exceptions.entry.user)
 *(.exceptions.entry.ecc_fatal)
 *(.exceptions.entry)
 .exceptions.entry
                0x0000000000008020       0x54 ../nios_software_bsp/\libhal_bsp.a(alt_exception_entry.o)
 *(.exceptions.irqtest.user)
 *(.exceptions.irqtest)
 .exceptions.irqtest
                0x0000000000008074       0x10 ../nios_software_bsp/\libhal_bsp.a(alt_irq_entry.o)
 *(.exceptions.irqhandler.user)
 *(.exceptions.irqhandler)
 .exceptions.irqhandler
                0x0000000000008084        0x4 ../nios_software_bsp/\libhal_bsp.a(alt_irq_entry.o)
 *(.exceptions.irqreturn.user)
 *(.exceptions.irqreturn)
 .exceptions.irqreturn
                0x0000000000008088        0x4 ../nios_software_bsp/\libhal_bsp.a(alt_irq_entry.o)
 *(.exceptions.notirq.label)
 .exceptions.notirq.label
                0x000000000000808c        0x0 ../nios_software_bsp/\libhal_bsp.a(alt_irq_entry.o)
 *(.exceptions.notirq.user)
 *(.exceptions.notirq)
 .exceptions.notirq
                0x000000000000808c        0x8 ../nios_software_bsp/\libhal_bsp.a(alt_exception_entry.o)
 *(.exceptions.soft.user)
 *(.exceptions.soft)
 *(.exceptions.unknown.user)
 *(.exceptions.unknown)
 .exceptions.unknown
                0x0000000000008094       0x14 ../nios_software_bsp/\libhal_bsp.a(alt_exception_entry.o)
 *(.exceptions.exit.label)
 .exceptions.exit.label
                0x00000000000080a8        0x0 ../nios_software_bsp/\libhal_bsp.a(alt_irq_entry.o)
 .exceptions.exit.label
                0x00000000000080a8        0x0 ../nios_software_bsp/\libhal_bsp.a(alt_exception_entry.o)
 *(.exceptions.exit.user)
 *(.exceptions.exit)
 .exceptions.exit
                0x00000000000080a8       0x54 ../nios_software_bsp/\libhal_bsp.a(alt_exception_entry.o)
 *(.exceptions)
 .exceptions    0x00000000000080fc       0xd4 ../nios_software_bsp/\libhal_bsp.a(alt_irq_handler.o)
                0x00000000000080fc                alt_irq_handler
 .exceptions    0x00000000000081d0       0x60 ../nios_software_bsp/\libhal_bsp.a(alt_instruction_exception_entry.o)
                0x00000000000081d0                alt_instruction_exception_entry
                0x0000000000008230                PROVIDE (__ram_exceptions_end, ABSOLUTE (.))
                0x0000000000008020                PROVIDE (__flash_exceptions_start, LOADADDR (.exceptions))

.text           0x0000000000008230     0x2a50
                [!provide]                        PROVIDE (stext, ABSOLUTE (.))
 *(.interp)
 *(.hash)
 *(.dynsym)
 *(.dynstr)
 *(.gnu.version)
 *(.gnu.version_d)
 *(.gnu.version_r)
 *(.rel.init)
 *(.rela.init)
 *(.rel.text .rel.text.* .rel.gnu.linkonce.t.*)
 *(.rela.text .rela.text.* .rela.gnu.linkonce.t.*)
 *(.rel.fini)
 *(.rela.fini)
 *(.rel.rodata .rel.rodata.* .rel.gnu.linkonce.r.*)
 *(.rela.rodata .rela.rodata.* .rela.gnu.linkonce.r.*)
 *(.rel.data .rel.data.* .rel.gnu.linkonce.d.*)
 *(.rela.data .rela.data.* .rela.gnu.linkonce.d.*)
 *(.rel.tdata .rel.tdata.* .rel.gnu.linkonce.td.*)
 *(.rela.tdata .rela.tdata.* .rela.gnu.linkonce.td.*)
 *(.rel.tbss .rel.tbss.* .rel.gnu.linkonce.tb.*)
 *(.rela.tbss .rela.tbss.* .rela.gnu.linkonce.tb.*)
 *(.rel.ctors)
 *(.rela.ctors)
 *(.rel.dtors)
 *(.rela.dtors)
 *(.rel.got)
 *(.rela.got)
 *(.rel.sdata .rel.sdata.* .rel.gnu.linkonce.s.*)
 *(.rela.sdata .rela.sdata.* .rela.gnu.linkonce.s.*)
 *(.rel.sbss .rel.sbss.* .rel.gnu.linkonce.sb.*)
 *(.rela.sbss .rela.sbss.* .rela.gnu.linkonce.sb.*)
 *(.rel.sdata2 .rel.sdata2.* .rel.gnu.linkonce.s2.*)
 *(.rela.sdata2 .rela.sdata2.* .rela.gnu.linkonce.s2.*)
 *(.rel.sbss2 .rel.sbss2.* .rel.gnu.linkonce.sb2.*)
 *(.rela.sbss2 .rela.sbss2.* .rela.gnu.linkonce.sb2.*)
 *(.rel.bss .rel.bss.* .rel.gnu.linkonce.b.*)
 *(.rela.bss .rela.bss.* .rela.gnu.linkonce.b.*)
 *(.rel.plt)
 *(.rela.plt)
 *(.rel.dyn)
 *(.init)
 *(.plt)
 *(.text .stub .text.* .gnu.linkonce.t.*)
 .text          0x0000000000008230       0x3c ../nios_software_bsp//obj/HAL/src/crt0.o
                0x0000000000008230                _start
 .text          0x000000000000826c      0x4a0 obj/default/main.o
                0x000000000000826c                main
                0x000000000000831c                codecInit
                0x000000000000846c                audioRegWrite
                0x0000000000008518                i2cWriteByte
                0x000000000000862c                i2cStart
                0x00000000000086a4                i2cStop
 .text          0x000000000000870c       0xec ../nios_software_bsp/\libhal_bsp.a(alt_load.o)
                0x0000000000008774                alt_load
 .text          0x00000000000087f8       0x7c ../nios_software_bsp/\libhal_bsp.a(alt_main.o)
                0x00000000000087f8                alt_main
 .text          0x0000000000008874       0x30 ../nios_software_bsp/\libhal_bsp.a(alt_usleep.o)
                0x0000000000008874                usleep
 .text          0x00000000000088a4       0xb8 ../nios_software_bsp/\libhal_bsp.a(alt_sys_init.o)
                0x00000000000088d8                alt_irq_init
                0x0000000000008910                alt_sys_init
 .text          0x000000000000895c      0x164 ../nios_software_bsp/\libhal_bsp.a(altera_avalon_jtag_uart_fd.o)
                0x000000000000895c                altera_avalon_jtag_uart_read_fd
                0x00000000000089bc                altera_avalon_jtag_uart_write_fd
                0x0000000000008a1c                altera_avalon_jtag_uart_close_fd
                0x0000000000008a6c                altera_avalon_jtag_uart_ioctl_fd
 .text          0x0000000000008ac0      0x3d4 ../nios_software_bsp/\libhal_bsp.a(altera_avalon_jtag_uart_init.o)
                0x0000000000008ac0                altera_avalon_jtag_uart_init
                0x0000000000008e2c                altera_avalon_jtag_uart_close
 .text          0x0000000000008e94       0xf0 ../nios_software_bsp/\libhal_bsp.a(altera_avalon_jtag_uart_ioctl.o)
                0x0000000000008e94                altera_avalon_jtag_uart_ioctl
 .text          0x0000000000008f84      0x21c ../nios_software_bsp/\libhal_bsp.a(altera_avalon_jtag_uart_read.o)
                0x0000000000008f84                altera_avalon_jtag_uart_read
 .text          0x00000000000091a0      0x224 ../nios_software_bsp/\libhal_bsp.a(altera_avalon_jtag_uart_write.o)
                0x00000000000091a0                altera_avalon_jtag_uart_write
 .text          0x00000000000093c4      0x12c ../nios_software_bsp/\libhal_bsp.a(alt_alarm_start.o)
                0x00000000000093c4                alt_alarm_start
 .text          0x00000000000094f0      0x158 ../nios_software_bsp/\libhal_bsp.a(alt_busy_sleep.o)
                0x00000000000094f0                alt_busy_sleep
 .text          0x0000000000009648      0x114 ../nios_software_bsp/\libhal_bsp.a(alt_close.o)
                0x0000000000009684                close
 .text          0x000000000000975c       0x20 ../nios_software_bsp/\libhal_bsp.a(alt_dcache_flush_all.o)
                0x000000000000975c                alt_dcache_flush_all
 .text          0x000000000000977c       0x2c ../nios_software_bsp/\libhal_bsp.a(alt_dev.o)
 .text          0x00000000000097a8       0xe0 ../nios_software_bsp/\libhal_bsp.a(alt_dev_llist_insert.o)
                0x00000000000097e4                alt_dev_llist_insert
 .text          0x0000000000009888       0x60 ../nios_software_bsp/\libhal_bsp.a(alt_do_ctors.o)
                0x0000000000009888                _do_ctors
 .text          0x00000000000098e8       0x60 ../nios_software_bsp/\libhal_bsp.a(alt_do_dtors.o)
                0x00000000000098e8                _do_dtors
 .text          0x0000000000009948        0x0 ../nios_software_bsp/\libhal_bsp.a(alt_errno.o)
 .text          0x0000000000009948       0x20 ../nios_software_bsp/\libhal_bsp.a(alt_icache_flush_all.o)
                0x0000000000009948                alt_icache_flush_all
 .text          0x0000000000009968      0x1b0 ../nios_software_bsp/\libhal_bsp.a(alt_iic.o)
                0x0000000000009968                alt_ic_isr_register
                0x00000000000099b8                alt_ic_irq_enable
                0x0000000000009a40                alt_ic_irq_disable
                0x0000000000009acc                alt_ic_irq_enabled
 .text          0x0000000000009b18       0xf0 ../nios_software_bsp/\libhal_bsp.a(alt_iic_isr_register.o)
                0x0000000000009b18                alt_iic_isr_register
 .text          0x0000000000009c08      0x160 ../nios_software_bsp/\libhal_bsp.a(alt_io_redirect.o)
                0x0000000000009cec                alt_io_redirect
 .text          0x0000000000009d68        0x0 ../nios_software_bsp/\libhal_bsp.a(alt_irq_entry.o)
 .text          0x0000000000009d68        0x0 ../nios_software_bsp/\libhal_bsp.a(alt_irq_handler.o)
 .text          0x0000000000009d68        0x0 ../nios_software_bsp/\libhal_bsp.a(alt_irq_vars.o)
 .text          0x0000000000009d68      0x284 ../nios_software_bsp/\libhal_bsp.a(alt_open.o)
                0x0000000000009e90                open
 .text          0x0000000000009fec       0x84 ../nios_software_bsp/\libhal_bsp.a(alt_release_fd.o)
                0x0000000000009fec                alt_release_fd
 .text          0x000000000000a070      0x1a4 ../nios_software_bsp/\libhal_bsp.a(alt_tick.o)
                0x000000000000a070                alt_alarm_stop
                0x000000000000a10c                alt_tick
 .text          0x000000000000a214       0x24 ../nios_software_bsp/\libhal_bsp.a(altera_nios2_gen2_irq.o)
                0x000000000000a214                altera_nios2_gen2_irq_init
 .text          0x000000000000a238        0x0 ../nios_software_bsp/\libhal_bsp.a(alt_exception_entry.o)
 .text          0x000000000000a238       0x90 ../nios_software_bsp/\libhal_bsp.a(alt_find_dev.o)
                0x000000000000a238                alt_find_dev
 .text          0x000000000000a2c8      0x108 ../nios_software_bsp/\libhal_bsp.a(alt_find_file.o)
                0x000000000000a2c8                alt_find_file
 .text          0x000000000000a3d0       0xc4 ../nios_software_bsp/\libhal_bsp.a(alt_get_fd.o)
                0x000000000000a3d0                alt_get_fd
 .text          0x000000000000a494       0x9c ../nios_software_bsp/\libhal_bsp.a(alt_instruction_exception_entry.o)
                0x000000000000a494                alt_exception_cause_generated_bad_addr
 .text          0x000000000000a530        0x0 c:/intelfpga/16.1/nios2eds/bin/gnu/h-x86_64-mingw32/bin/../lib/gcc/nios2-elf/5.3.0/../../../../../H-x86_64-mingw32/nios2-elf/lib/mno-hw-mul\libc.a(lib_a-atexit.o)
 .text.atexit   0x000000000000a530       0x14 c:/intelfpga/16.1/nios2eds/bin/gnu/h-x86_64-mingw32/bin/../lib/gcc/nios2-elf/5.3.0/../../../../../H-x86_64-mingw32/nios2-elf/lib/mno-hw-mul\libc.a(lib_a-atexit.o)
                0x000000000000a530                atexit
 .text          0x000000000000a544        0x0 c:/intelfpga/16.1/nios2eds/bin/gnu/h-x86_64-mingw32/bin/../lib/gcc/nios2-elf/5.3.0/../../../../../H-x86_64-mingw32/nios2-elf/lib/mno-hw-mul\libc.a(lib_a-exit.o)
 .text.exit     0x000000000000a544       0x38 c:/intelfpga/16.1/nios2eds/bin/gnu/h-x86_64-mingw32/bin/../lib/gcc/nios2-elf/5.3.0/../../../../../H-x86_64-mingw32/nios2-elf/lib/mno-hw-mul\libc.a(lib_a-exit.o)
                0x000000000000a544                exit
 .text          0x000000000000a57c        0x0 c:/intelfpga/16.1/nios2eds/bin/gnu/h-x86_64-mingw32/bin/../lib/gcc/nios2-elf/5.3.0/../../../../../H-x86_64-mingw32/nios2-elf/lib/mno-hw-mul\libc.a(lib_a-impure.o)
 .text          0x000000000000a57c        0x0 c:/intelfpga/16.1/nios2eds/bin/gnu/h-x86_64-mingw32/bin/../lib/gcc/nios2-elf/5.3.0/../../../../../H-x86_64-mingw32/nios2-elf/lib/mno-hw-mul\libc.a(lib_a-int_errno.o)
 .text          0x000000000000a57c        0x0 c:/intelfpga/16.1/nios2eds/bin/gnu/h-x86_64-mingw32/bin/../lib/gcc/nios2-elf/5.3.0/../../../../../H-x86_64-mingw32/nios2-elf/lib/mno-hw-mul\libc.a(lib_a-memcmp.o)
 .text.memcmp   0x000000000000a57c       0x7c c:/intelfpga/16.1/nios2eds/bin/gnu/h-x86_64-mingw32/bin/../lib/gcc/nios2-elf/5.3.0/../../../../../H-x86_64-mingw32/nios2-elf/lib/mno-hw-mul\libc.a(lib_a-memcmp.o)
                0x000000000000a57c                memcmp
 .text          0x000000000000a5f8        0x0 c:/intelfpga/16.1/nios2eds/bin/gnu/h-x86_64-mingw32/bin/../lib/gcc/nios2-elf/5.3.0/../../../../../H-x86_64-mingw32/nios2-elf/lib/mno-hw-mul\libc.a(lib_a-memcpy.o)
 .text.memcpy   0x000000000000a5f8      0x148 c:/intelfpga/16.1/nios2eds/bin/gnu/h-x86_64-mingw32/bin/../lib/gcc/nios2-elf/5.3.0/../../../../../H-x86_64-mingw32/nios2-elf/lib/mno-hw-mul\libc.a(lib_a-memcpy.o)
                0x000000000000a5f8                memcpy
 .text          0x000000000000a740        0x0 c:/intelfpga/16.1/nios2eds/bin/gnu/h-x86_64-mingw32/bin/../lib/gcc/nios2-elf/5.3.0/../../../../../H-x86_64-mingw32/nios2-elf/lib/mno-hw-mul\libc.a(lib_a-strlen.o)
 .text.strlen   0x000000000000a740       0x98 c:/intelfpga/16.1/nios2eds/bin/gnu/h-x86_64-mingw32/bin/../lib/gcc/nios2-elf/5.3.0/../../../../../H-x86_64-mingw32/nios2-elf/lib/mno-hw-mul\libc.a(lib_a-strlen.o)
                0x000000000000a740                strlen
 .text          0x000000000000a7d8        0x0 c:/intelfpga/16.1/nios2eds/bin/gnu/h-x86_64-mingw32/bin/../lib/gcc/nios2-elf/5.3.0/../../../../../H-x86_64-mingw32/nios2-elf/lib/mno-hw-mul\libc.a(lib_a-__atexit.o)
 .text.__register_exitproc
                0x000000000000a7d8      0x118 c:/intelfpga/16.1/nios2eds/bin/gnu/h-x86_64-mingw32/bin/../lib/gcc/nios2-elf/5.3.0/../../../../../H-x86_64-mingw32/nios2-elf/lib/mno-hw-mul\libc.a(lib_a-__atexit.o)
                0x000000000000a7d8                __register_exitproc
 .text          0x000000000000a8f0        0x0 c:/intelfpga/16.1/nios2eds/bin/gnu/h-x86_64-mingw32/bin/../lib/gcc/nios2-elf/5.3.0/../../../../../H-x86_64-mingw32/nios2-elf/lib/mno-hw-mul\libc.a(lib_a-__call_atexit.o)
 .text.__call_exitprocs
                0x000000000000a8f0      0x180 c:/intelfpga/16.1/nios2eds/bin/gnu/h-x86_64-mingw32/bin/../lib/gcc/nios2-elf/5.3.0/../../../../../H-x86_64-mingw32/nios2-elf/lib/mno-hw-mul\libc.a(lib_a-__call_atexit.o)
                0x000000000000a8f0                __call_exitprocs
 .text          0x000000000000aa70      0x1b4 c:/intelfpga/16.1/nios2eds/bin/gnu/h-x86_64-mingw32/bin/../lib/gcc/nios2-elf/5.3.0/mno-hw-mul\libgcc.a(lib2-divmod.o)
                0x000000000000aa70                __divsi3
                0x000000000000aaf4                __modsi3
                0x000000000000ab68                __udivsi3
                0x000000000000abcc                __umodsi3
 .text          0x000000000000ac24       0x28 c:/intelfpga/16.1/nios2eds/bin/gnu/h-x86_64-mingw32/bin/../lib/gcc/nios2-elf/5.3.0/mno-hw-mul\libgcc.a(lib2-mul.o)
                0x000000000000ac24                __mulsi3
 .text          0x000000000000ac4c       0x34 ../nios_software_bsp/\libhal_bsp.a(alt_exit.o)
                0x000000000000ac4c                _exit
 *(.gnu.warning.*)
 *(.fini)
                [!provide]                        PROVIDE (__etext, ABSOLUTE (.))
                [!provide]                        PROVIDE (_etext, ABSOLUTE (.))
                [!provide]                        PROVIDE (etext, ABSOLUTE (.))
 *(.eh_frame_hdr)
                0x000000000000ac80                . = ALIGN (0x4)
                [!provide]                        PROVIDE (__preinit_array_start, ABSOLUTE (.))
 *(.preinit_array)
                [!provide]                        PROVIDE (__preinit_array_end, ABSOLUTE (.))
                [!provide]                        PROVIDE (__init_array_start, ABSOLUTE (.))
 *(.init_array)
                [!provide]                        PROVIDE (__init_array_end, ABSOLUTE (.))
                [!provide]                        PROVIDE (__fini_array_start, ABSOLUTE (.))
 *(.fini_array)
                [!provide]                        PROVIDE (__fini_array_end, ABSOLUTE (.))
 *(.eh_frame)
 *(.gcc_except_table .gcc_except_table.*)
 *(.dynamic)
                0x000000000000ac80                PROVIDE (__CTOR_LIST__, ABSOLUTE (.))
 *(.ctors)
 *(SORT(.ctors.*))
                0x000000000000ac80                PROVIDE (__CTOR_END__, ABSOLUTE (.))
                0x000000000000ac80                PROVIDE (__DTOR_LIST__, ABSOLUTE (.))
 *(.dtors)
 *(SORT(.dtors.*))
                0x000000000000ac80                PROVIDE (__DTOR_END__, ABSOLUTE (.))
 *(.jcr)
                0x000000000000ac80                . = ALIGN (0x4)

.rodata         0x000000000000ac80       0x38
                0x000000000000ac80                PROVIDE (__ram_rodata_start, ABSOLUTE (.))
                0x000000000000ac80                . = ALIGN (0x4)
 *(.rodata .rodata.* .gnu.linkonce.r.*)
 .rodata        0x000000000000ac80       0x11 ../nios_software_bsp/\libhal_bsp.a(alt_main.o)
 *fill*         0x000000000000ac91        0x3 
 .rodata        0x000000000000ac94       0x11 ../nios_software_bsp/\libhal_bsp.a(alt_sys_init.o)
 *fill*         0x000000000000aca5        0x3 
 .rodata        0x000000000000aca8        0xa ../nios_software_bsp/\libhal_bsp.a(alt_dev.o)
 *fill*         0x000000000000acb2        0x2 
 .rodata.str1.4
                0x000000000000acb4        0x4 c:/intelfpga/16.1/nios2eds/bin/gnu/h-x86_64-mingw32/bin/../lib/gcc/nios2-elf/5.3.0/../../../../../H-x86_64-mingw32/nios2-elf/lib/mno-hw-mul\libc.a(lib_a-impure.o)
                                          0x2 (size before relaxing)
 *(.rodata1)
                0x000000000000acb8                . = ALIGN (0x4)
                0x000000000000acb8                PROVIDE (__ram_rodata_end, ABSOLUTE (.))
                0x000000000000ac80                PROVIDE (__flash_rodata_start, LOADADDR (.rodata))

.rwdata         0x000000000000acb8     0x1664 load address 0x000000000000c31c
                0x000000000000acb8                PROVIDE (__ram_rwdata_start, ABSOLUTE (.))
                0x000000000000acb8                . = ALIGN (0x4)
 *(.got.plt)
 *(.got)
 *(.data1)
 *(.data .data.* .gnu.linkonce.d.*)
 .data          0x000000000000acb8        0x0 ../nios_software_bsp//obj/HAL/src/crt0.o
 .data          0x000000000000acb8        0x0 obj/default/main.o
 .data          0x000000000000acb8        0x0 ../nios_software_bsp/\libhal_bsp.a(alt_load.o)
 .data          0x000000000000acb8        0x0 ../nios_software_bsp/\libhal_bsp.a(alt_main.o)
 .data          0x000000000000acb8        0x0 ../nios_software_bsp/\libhal_bsp.a(alt_usleep.o)
 .data          0x000000000000acb8     0x1060 ../nios_software_bsp/\libhal_bsp.a(alt_sys_init.o)
 .data          0x000000000000bd18        0x0 ../nios_software_bsp/\libhal_bsp.a(altera_avalon_jtag_uart_fd.o)
 .data          0x000000000000bd18        0x0 ../nios_software_bsp/\libhal_bsp.a(altera_avalon_jtag_uart_init.o)
 .data          0x000000000000bd18        0x0 ../nios_software_bsp/\libhal_bsp.a(altera_avalon_jtag_uart_ioctl.o)
 .data          0x000000000000bd18        0x0 ../nios_software_bsp/\libhal_bsp.a(altera_avalon_jtag_uart_read.o)
 .data          0x000000000000bd18        0x0 ../nios_software_bsp/\libhal_bsp.a(altera_avalon_jtag_uart_write.o)
 .data          0x000000000000bd18        0x0 ../nios_software_bsp/\libhal_bsp.a(alt_alarm_start.o)
 .data          0x000000000000bd18        0x0 ../nios_software_bsp/\libhal_bsp.a(alt_busy_sleep.o)
 .data          0x000000000000bd18        0x0 ../nios_software_bsp/\libhal_bsp.a(alt_close.o)
 .data          0x000000000000bd18        0x0 ../nios_software_bsp/\libhal_bsp.a(alt_dcache_flush_all.o)
 .data          0x000000000000bd18      0x1a8 ../nios_software_bsp/\libhal_bsp.a(alt_dev.o)
                0x000000000000bd18                alt_dev_null
                0x000000000000bd40                alt_fd_list
 .data          0x000000000000bec0        0x0 ../nios_software_bsp/\libhal_bsp.a(alt_dev_llist_insert.o)
 .data          0x000000000000bec0        0x0 ../nios_software_bsp/\libhal_bsp.a(alt_do_ctors.o)
 .data          0x000000000000bec0        0x0 ../nios_software_bsp/\libhal_bsp.a(alt_do_dtors.o)
 .data          0x000000000000bec0        0x0 ../nios_software_bsp/\libhal_bsp.a(alt_errno.o)
 .data          0x000000000000bec0        0x0 ../nios_software_bsp/\libhal_bsp.a(alt_icache_flush_all.o)
 .data          0x000000000000bec0        0x0 ../nios_software_bsp/\libhal_bsp.a(alt_iic.o)
 .data          0x000000000000bec0        0x0 ../nios_software_bsp/\libhal_bsp.a(alt_iic_isr_register.o)
 .data          0x000000000000bec0        0x0 ../nios_software_bsp/\libhal_bsp.a(alt_io_redirect.o)
 .data          0x000000000000bec0        0x0 ../nios_software_bsp/\libhal_bsp.a(alt_irq_entry.o)
 .data          0x000000000000bec0        0x0 ../nios_software_bsp/\libhal_bsp.a(alt_irq_handler.o)
 .data          0x000000000000bec0        0x0 ../nios_software_bsp/\libhal_bsp.a(alt_irq_vars.o)
 .data          0x000000000000bec0        0x0 ../nios_software_bsp/\libhal_bsp.a(alt_open.o)
 .data          0x000000000000bec0        0x0 ../nios_software_bsp/\libhal_bsp.a(alt_release_fd.o)
 .data          0x000000000000bec0        0x0 ../nios_software_bsp/\libhal_bsp.a(alt_tick.o)
 .data          0x000000000000bec0        0x0 ../nios_software_bsp/\libhal_bsp.a(altera_nios2_gen2_irq.o)
 .data          0x000000000000bec0        0x0 ../nios_software_bsp/\libhal_bsp.a(alt_exception_entry.o)
 .data          0x000000000000bec0        0x0 ../nios_software_bsp/\libhal_bsp.a(alt_find_dev.o)
 .data          0x000000000000bec0        0x0 ../nios_software_bsp/\libhal_bsp.a(alt_find_file.o)
 .data          0x000000000000bec0        0x0 ../nios_software_bsp/\libhal_bsp.a(alt_get_fd.o)
 .data          0x000000000000bec0        0x0 ../nios_software_bsp/\libhal_bsp.a(alt_instruction_exception_entry.o)
 .data          0x000000000000bec0        0x0 c:/intelfpga/16.1/nios2eds/bin/gnu/h-x86_64-mingw32/bin/../lib/gcc/nios2-elf/5.3.0/../../../../../H-x86_64-mingw32/nios2-elf/lib/mno-hw-mul\libc.a(lib_a-atexit.o)
 .data          0x000000000000bec0        0x0 c:/intelfpga/16.1/nios2eds/bin/gnu/h-x86_64-mingw32/bin/../lib/gcc/nios2-elf/5.3.0/../../../../../H-x86_64-mingw32/nios2-elf/lib/mno-hw-mul\libc.a(lib_a-exit.o)
 .data          0x000000000000bec0        0x0 c:/intelfpga/16.1/nios2eds/bin/gnu/h-x86_64-mingw32/bin/../lib/gcc/nios2-elf/5.3.0/../../../../../H-x86_64-mingw32/nios2-elf/lib/mno-hw-mul\libc.a(lib_a-impure.o)
 .data.impure_data
                0x000000000000bec0      0x424 c:/intelfpga/16.1/nios2eds/bin/gnu/h-x86_64-mingw32/bin/../lib/gcc/nios2-elf/5.3.0/../../../../../H-x86_64-mingw32/nios2-elf/lib/mno-hw-mul\libc.a(lib_a-impure.o)
 .data          0x000000000000c2e4        0x0 c:/intelfpga/16.1/nios2eds/bin/gnu/h-x86_64-mingw32/bin/../lib/gcc/nios2-elf/5.3.0/../../../../../H-x86_64-mingw32/nios2-elf/lib/mno-hw-mul\libc.a(lib_a-int_errno.o)
 .data          0x000000000000c2e4        0x0 c:/intelfpga/16.1/nios2eds/bin/gnu/h-x86_64-mingw32/bin/../lib/gcc/nios2-elf/5.3.0/../../../../../H-x86_64-mingw32/nios2-elf/lib/mno-hw-mul\libc.a(lib_a-memcmp.o)
 .data          0x000000000000c2e4        0x0 c:/intelfpga/16.1/nios2eds/bin/gnu/h-x86_64-mingw32/bin/../lib/gcc/nios2-elf/5.3.0/../../../../../H-x86_64-mingw32/nios2-elf/lib/mno-hw-mul\libc.a(lib_a-memcpy.o)
 .data          0x000000000000c2e4        0x0 c:/intelfpga/16.1/nios2eds/bin/gnu/h-x86_64-mingw32/bin/../lib/gcc/nios2-elf/5.3.0/../../../../../H-x86_64-mingw32/nios2-elf/lib/mno-hw-mul\libc.a(lib_a-strlen.o)
 .data          0x000000000000c2e4        0x0 c:/intelfpga/16.1/nios2eds/bin/gnu/h-x86_64-mingw32/bin/../lib/gcc/nios2-elf/5.3.0/../../../../../H-x86_64-mingw32/nios2-elf/lib/mno-hw-mul\libc.a(lib_a-__atexit.o)
 .data          0x000000000000c2e4        0x0 c:/intelfpga/16.1/nios2eds/bin/gnu/h-x86_64-mingw32/bin/../lib/gcc/nios2-elf/5.3.0/../../../../../H-x86_64-mingw32/nios2-elf/lib/mno-hw-mul\libc.a(lib_a-__call_atexit.o)
 .data          0x000000000000c2e4        0x0 c:/intelfpga/16.1/nios2eds/bin/gnu/h-x86_64-mingw32/bin/../lib/gcc/nios2-elf/5.3.0/mno-hw-mul\libgcc.a(lib2-divmod.o)
 .data          0x000000000000c2e4        0x0 c:/intelfpga/16.1/nios2eds/bin/gnu/h-x86_64-mingw32/bin/../lib/gcc/nios2-elf/5.3.0/mno-hw-mul\libgcc.a(lib2-mul.o)
 .data          0x000000000000c2e4        0x0 ../nios_software_bsp/\libhal_bsp.a(alt_exit.o)
                0x00000000000142e4                _gp = ABSOLUTE ((. + 0x8000))
                [!provide]                        PROVIDE (gp, _gp)
 *(.rwdata .rwdata.*)
 *(.sdata .sdata.* .gnu.linkonce.s.*)
 .sdata         0x000000000000c2e4        0xc obj/default/main.o
                0x000000000000c2e4                i2cDataBit_ptr
                0x000000000000c2e8                i2cClockBit_ptr
                0x000000000000c2ec                ledsBasePtr
 .sdata         0x000000000000c2f0       0x14 ../nios_software_bsp/\libhal_bsp.a(alt_dev.o)
                0x000000000000c2f0                alt_fs_list
                0x000000000000c2f8                alt_dev_list
                0x000000000000c300                alt_max_fd
 .sdata         0x000000000000c304        0x4 ../nios_software_bsp/\libhal_bsp.a(alt_errno.o)
                0x000000000000c304                alt_errno
 .sdata         0x000000000000c308        0x4 ../nios_software_bsp/\libhal_bsp.a(alt_irq_vars.o)
                0x000000000000c308                alt_priority_mask
 .sdata         0x000000000000c30c        0x8 ../nios_software_bsp/\libhal_bsp.a(alt_tick.o)
                0x000000000000c30c                alt_alarm_list
 .sdata._global_impure_ptr
                0x000000000000c314        0x4 c:/intelfpga/16.1/nios2eds/bin/gnu/h-x86_64-mingw32/bin/../lib/gcc/nios2-elf/5.3.0/../../../../../H-x86_64-mingw32/nios2-elf/lib/mno-hw-mul\libc.a(lib_a-impure.o)
                0x000000000000c314                _global_impure_ptr
 .sdata._impure_ptr
                0x000000000000c318        0x4 c:/intelfpga/16.1/nios2eds/bin/gnu/h-x86_64-mingw32/bin/../lib/gcc/nios2-elf/5.3.0/../../../../../H-x86_64-mingw32/nios2-elf/lib/mno-hw-mul\libc.a(lib_a-impure.o)
                0x000000000000c318                _impure_ptr
 *(.sdata2 .sdata2.* .gnu.linkonce.s2.*)
                0x000000000000c31c                . = ALIGN (0x4)
                0x000000000000c31c                _edata = ABSOLUTE (.)
                [!provide]                        PROVIDE (edata, ABSOLUTE (.))
                0x000000000000c31c                PROVIDE (__ram_rwdata_end, ABSOLUTE (.))
                0x000000000000c31c                PROVIDE (__flash_rwdata_start, LOADADDR (.rwdata))

.bss            0x000000000000d980      0x134
                0x000000000000d980                __bss_start = ABSOLUTE (.)
                [!provide]                        PROVIDE (__sbss_start, ABSOLUTE (.))
                [!provide]                        PROVIDE (___sbss_start, ABSOLUTE (.))
 *(.dynsbss)
 *(.sbss .sbss.* .gnu.linkonce.sb.*)
 .sbss          0x000000000000d980        0x4 obj/default/main.o
                0x000000000000d980                busBridgePtr
 .sbss          0x000000000000d984       0x10 obj/default/main.o
                0x000000000000d984                second
                0x000000000000d988                third
                0x000000000000d98c                first
                0x000000000000d990                dataToWrite
 .sbss          0x000000000000d994        0xc ../nios_software_bsp/\libhal_bsp.a(alt_main.o)
                0x000000000000d994                alt_argc
                0x000000000000d998                alt_argv
                0x000000000000d99c                alt_envp
 .sbss          0x000000000000d9a0        0x4 ../nios_software_bsp/\libhal_bsp.a(alt_irq_vars.o)
                0x000000000000d9a0                alt_irq_active
 .sbss          0x000000000000d9a4        0x8 ../nios_software_bsp/\libhal_bsp.a(alt_tick.o)
                0x000000000000d9a4                _alt_tick_rate
                0x000000000000d9a8                _alt_nticks
 .sbss          0x000000000000d9ac        0x4 ../nios_software_bsp/\libhal_bsp.a(alt_instruction_exception_entry.o)
                0x000000000000d9ac                alt_instruction_exception_handler
 .sbss          0x000000000000d9b0        0x4 c:/intelfpga/16.1/nios2eds/bin/gnu/h-x86_64-mingw32/bin/../lib/gcc/nios2-elf/5.3.0/../../../../../H-x86_64-mingw32/nios2-elf/lib/mno-hw-mul\libc.a(lib_a-int_errno.o)
                0x000000000000d9b0                errno
 *(.sbss2 .sbss2.* .gnu.linkonce.sb2.*)
 *(.scommon)
                [!provide]                        PROVIDE (__sbss_end, ABSOLUTE (.))
                [!provide]                        PROVIDE (___sbss_end, ABSOLUTE (.))
 *(.dynbss)
 *(.bss .bss.* .gnu.linkonce.b.*)
 .bss           0x000000000000d9b4        0x0 ../nios_software_bsp//obj/HAL/src/crt0.o
 .bss           0x000000000000d9b4        0x0 obj/default/main.o
 .bss           0x000000000000d9b4        0x0 ../nios_software_bsp/\libhal_bsp.a(alt_load.o)
 .bss           0x000000000000d9b4        0x0 ../nios_software_bsp/\libhal_bsp.a(alt_main.o)
 .bss           0x000000000000d9b4        0x0 ../nios_software_bsp/\libhal_bsp.a(alt_usleep.o)
 .bss           0x000000000000d9b4        0x0 ../nios_software_bsp/\libhal_bsp.a(alt_sys_init.o)
 .bss           0x000000000000d9b4        0x0 ../nios_software_bsp/\libhal_bsp.a(altera_avalon_jtag_uart_fd.o)
 .bss           0x000000000000d9b4        0x0 ../nios_software_bsp/\libhal_bsp.a(altera_avalon_jtag_uart_init.o)
 .bss           0x000000000000d9b4        0x0 ../nios_software_bsp/\libhal_bsp.a(altera_avalon_jtag_uart_ioctl.o)
 .bss           0x000000000000d9b4        0x0 ../nios_software_bsp/\libhal_bsp.a(altera_avalon_jtag_uart_read.o)
 .bss           0x000000000000d9b4        0x0 ../nios_software_bsp/\libhal_bsp.a(altera_avalon_jtag_uart_write.o)
 .bss           0x000000000000d9b4        0x0 ../nios_software_bsp/\libhal_bsp.a(alt_alarm_start.o)
 .bss           0x000000000000d9b4        0x0 ../nios_software_bsp/\libhal_bsp.a(alt_busy_sleep.o)
 .bss           0x000000000000d9b4        0x0 ../nios_software_bsp/\libhal_bsp.a(alt_close.o)
 .bss           0x000000000000d9b4        0x0 ../nios_software_bsp/\libhal_bsp.a(alt_dcache_flush_all.o)
 .bss           0x000000000000d9b4        0x0 ../nios_software_bsp/\libhal_bsp.a(alt_dev.o)
 .bss           0x000000000000d9b4        0x0 ../nios_software_bsp/\libhal_bsp.a(alt_dev_llist_insert.o)
 .bss           0x000000000000d9b4        0x0 ../nios_software_bsp/\libhal_bsp.a(alt_do_ctors.o)
 .bss           0x000000000000d9b4        0x0 ../nios_software_bsp/\libhal_bsp.a(alt_do_dtors.o)
 .bss           0x000000000000d9b4        0x0 ../nios_software_bsp/\libhal_bsp.a(alt_errno.o)
 .bss           0x000000000000d9b4        0x0 ../nios_software_bsp/\libhal_bsp.a(alt_icache_flush_all.o)
 .bss           0x000000000000d9b4        0x0 ../nios_software_bsp/\libhal_bsp.a(alt_iic.o)
 .bss           0x000000000000d9b4        0x0 ../nios_software_bsp/\libhal_bsp.a(alt_iic_isr_register.o)
 .bss           0x000000000000d9b4        0x0 ../nios_software_bsp/\libhal_bsp.a(alt_io_redirect.o)
 .bss           0x000000000000d9b4        0x0 ../nios_software_bsp/\libhal_bsp.a(alt_irq_entry.o)
 .bss           0x000000000000d9b4        0x0 ../nios_software_bsp/\libhal_bsp.a(alt_irq_handler.o)
 .bss           0x000000000000d9b4        0x0 ../nios_software_bsp/\libhal_bsp.a(alt_irq_vars.o)
 .bss           0x000000000000d9b4        0x0 ../nios_software_bsp/\libhal_bsp.a(alt_open.o)
 .bss           0x000000000000d9b4        0x0 ../nios_software_bsp/\libhal_bsp.a(alt_release_fd.o)
 .bss           0x000000000000d9b4        0x0 ../nios_software_bsp/\libhal_bsp.a(alt_tick.o)
 .bss           0x000000000000d9b4        0x0 ../nios_software_bsp/\libhal_bsp.a(altera_nios2_gen2_irq.o)
 .bss           0x000000000000d9b4        0x0 ../nios_software_bsp/\libhal_bsp.a(alt_exception_entry.o)
 .bss           0x000000000000d9b4        0x0 ../nios_software_bsp/\libhal_bsp.a(alt_find_dev.o)
 .bss           0x000000000000d9b4        0x0 ../nios_software_bsp/\libhal_bsp.a(alt_find_file.o)
 .bss           0x000000000000d9b4        0x0 ../nios_software_bsp/\libhal_bsp.a(alt_get_fd.o)
 .bss           0x000000000000d9b4        0x0 ../nios_software_bsp/\libhal_bsp.a(alt_instruction_exception_entry.o)
 .bss           0x000000000000d9b4        0x0 c:/intelfpga/16.1/nios2eds/bin/gnu/h-x86_64-mingw32/bin/../lib/gcc/nios2-elf/5.3.0/../../../../../H-x86_64-mingw32/nios2-elf/lib/mno-hw-mul\libc.a(lib_a-atexit.o)
 .bss           0x000000000000d9b4        0x0 c:/intelfpga/16.1/nios2eds/bin/gnu/h-x86_64-mingw32/bin/../lib/gcc/nios2-elf/5.3.0/../../../../../H-x86_64-mingw32/nios2-elf/lib/mno-hw-mul\libc.a(lib_a-exit.o)
 .bss           0x000000000000d9b4        0x0 c:/intelfpga/16.1/nios2eds/bin/gnu/h-x86_64-mingw32/bin/../lib/gcc/nios2-elf/5.3.0/../../../../../H-x86_64-mingw32/nios2-elf/lib/mno-hw-mul\libc.a(lib_a-impure.o)
 .bss           0x000000000000d9b4        0x0 c:/intelfpga/16.1/nios2eds/bin/gnu/h-x86_64-mingw32/bin/../lib/gcc/nios2-elf/5.3.0/../../../../../H-x86_64-mingw32/nios2-elf/lib/mno-hw-mul\libc.a(lib_a-int_errno.o)
 .bss           0x000000000000d9b4        0x0 c:/intelfpga/16.1/nios2eds/bin/gnu/h-x86_64-mingw32/bin/../lib/gcc/nios2-elf/5.3.0/../../../../../H-x86_64-mingw32/nios2-elf/lib/mno-hw-mul\libc.a(lib_a-memcmp.o)
 .bss           0x000000000000d9b4        0x0 c:/intelfpga/16.1/nios2eds/bin/gnu/h-x86_64-mingw32/bin/../lib/gcc/nios2-elf/5.3.0/../../../../../H-x86_64-mingw32/nios2-elf/lib/mno-hw-mul\libc.a(lib_a-memcpy.o)
 .bss           0x000000000000d9b4        0x0 c:/intelfpga/16.1/nios2eds/bin/gnu/h-x86_64-mingw32/bin/../lib/gcc/nios2-elf/5.3.0/../../../../../H-x86_64-mingw32/nios2-elf/lib/mno-hw-mul\libc.a(lib_a-strlen.o)
 .bss           0x000000000000d9b4        0x0 c:/intelfpga/16.1/nios2eds/bin/gnu/h-x86_64-mingw32/bin/../lib/gcc/nios2-elf/5.3.0/../../../../../H-x86_64-mingw32/nios2-elf/lib/mno-hw-mul\libc.a(lib_a-__atexit.o)
 .bss           0x000000000000d9b4        0x0 c:/intelfpga/16.1/nios2eds/bin/gnu/h-x86_64-mingw32/bin/../lib/gcc/nios2-elf/5.3.0/../../../../../H-x86_64-mingw32/nios2-elf/lib/mno-hw-mul\libc.a(lib_a-__call_atexit.o)
 .bss           0x000000000000d9b4        0x0 c:/intelfpga/16.1/nios2eds/bin/gnu/h-x86_64-mingw32/bin/../lib/gcc/nios2-elf/5.3.0/mno-hw-mul\libgcc.a(lib2-divmod.o)
 .bss           0x000000000000d9b4        0x0 c:/intelfpga/16.1/nios2eds/bin/gnu/h-x86_64-mingw32/bin/../lib/gcc/nios2-elf/5.3.0/mno-hw-mul\libgcc.a(lib2-mul.o)
 .bss           0x000000000000d9b4        0x0 ../nios_software_bsp/\libhal_bsp.a(alt_exit.o)
 *(COMMON)
 COMMON         0x000000000000d9b4      0x100 ../nios_software_bsp/\libhal_bsp.a(alt_irq_handler.o)
                0x000000000000d9b4                alt_irq
                0x000000000000dab4                . = ALIGN (0x4)
                0x000000000000dab4                __bss_end = ABSOLUTE (.)

.onchip_memory2_0
                0x000000000000dab4        0x0
                [!provide]                        PROVIDE (_alt_partition_onchip_memory2_0_start, ABSOLUTE (.))
 *(.onchip_memory2_0 .onchip_memory2_0. onchip_memory2_0.*)
                0x000000000000dab4                . = ALIGN (0x4)
                [!provide]                        PROVIDE (_alt_partition_onchip_memory2_0_end, ABSOLUTE (.))
                0x000000000000dab4                _end = ABSOLUTE (.)
                0x000000000000dab4                end = ABSOLUTE (.)
                0x000000000000dab4                __alt_stack_base = ABSOLUTE (.)
                [!provide]                        PROVIDE (_alt_partition_onchip_memory2_0_load_addr, LOADADDR (.onchip_memory2_0))

.stab
 *(.stab)

.stabstr
 *(.stabstr)

.stab.excl
 *(.stab.excl)

.stab.exclstr
 *(.stab.exclstr)

.stab.index
 *(.stab.index)

.stab.indexstr
 *(.stab.indexstr)

.comment        0x0000000000000000       0x23
 *(.comment)
 .comment       0x0000000000000000       0x23 obj/default/main.o
                                         0x24 (size before relaxing)
 .comment       0x0000000000000023       0x24 ../nios_software_bsp/\libhal_bsp.a(alt_load.o)
 .comment       0x0000000000000023       0x24 ../nios_software_bsp/\libhal_bsp.a(alt_main.o)
 .comment       0x0000000000000023       0x24 ../nios_software_bsp/\libhal_bsp.a(alt_usleep.o)
 .comment       0x0000000000000023       0x24 ../nios_software_bsp/\libhal_bsp.a(alt_sys_init.o)
 .comment       0x0000000000000023       0x24 ../nios_software_bsp/\libhal_bsp.a(altera_avalon_jtag_uart_fd.o)
 .comment       0x0000000000000023       0x24 ../nios_software_bsp/\libhal_bsp.a(altera_avalon_jtag_uart_init.o)
 .comment       0x0000000000000023       0x24 ../nios_software_bsp/\libhal_bsp.a(altera_avalon_jtag_uart_ioctl.o)
 .comment       0x0000000000000023       0x24 ../nios_software_bsp/\libhal_bsp.a(altera_avalon_jtag_uart_read.o)
 .comment       0x0000000000000023       0x24 ../nios_software_bsp/\libhal_bsp.a(altera_avalon_jtag_uart_write.o)
 .comment       0x0000000000000023       0x24 ../nios_software_bsp/\libhal_bsp.a(alt_alarm_start.o)
 .comment       0x0000000000000023       0x24 ../nios_software_bsp/\libhal_bsp.a(alt_busy_sleep.o)
 .comment       0x0000000000000023       0x24 ../nios_software_bsp/\libhal_bsp.a(alt_close.o)
 .comment       0x0000000000000023       0x24 ../nios_software_bsp/\libhal_bsp.a(alt_dcache_flush_all.o)
 .comment       0x0000000000000023       0x24 ../nios_software_bsp/\libhal_bsp.a(alt_dev.o)
 .comment       0x0000000000000023       0x24 ../nios_software_bsp/\libhal_bsp.a(alt_dev_llist_insert.o)
 .comment       0x0000000000000023       0x24 ../nios_software_bsp/\libhal_bsp.a(alt_do_ctors.o)
 .comment       0x0000000000000023       0x24 ../nios_software_bsp/\libhal_bsp.a(alt_do_dtors.o)
 .comment       0x0000000000000023       0x24 ../nios_software_bsp/\libhal_bsp.a(alt_errno.o)
 .comment       0x0000000000000023       0x24 ../nios_software_bsp/\libhal_bsp.a(alt_icache_flush_all.o)
 .comment       0x0000000000000023       0x24 ../nios_software_bsp/\libhal_bsp.a(alt_iic.o)
 .comment       0x0000000000000023       0x24 ../nios_software_bsp/\libhal_bsp.a(alt_iic_isr_register.o)
 .comment       0x0000000000000023       0x24 ../nios_software_bsp/\libhal_bsp.a(alt_io_redirect.o)
 .comment       0x0000000000000023       0x24 ../nios_software_bsp/\libhal_bsp.a(alt_irq_handler.o)
 .comment       0x0000000000000023       0x24 ../nios_software_bsp/\libhal_bsp.a(alt_irq_vars.o)
 .comment       0x0000000000000023       0x24 ../nios_software_bsp/\libhal_bsp.a(alt_open.o)
 .comment       0x0000000000000023       0x24 ../nios_software_bsp/\libhal_bsp.a(alt_release_fd.o)
 .comment       0x0000000000000023       0x24 ../nios_software_bsp/\libhal_bsp.a(alt_tick.o)
 .comment       0x0000000000000023       0x24 ../nios_software_bsp/\libhal_bsp.a(altera_nios2_gen2_irq.o)
 .comment       0x0000000000000023       0x24 ../nios_software_bsp/\libhal_bsp.a(alt_find_dev.o)
 .comment       0x0000000000000023       0x24 ../nios_software_bsp/\libhal_bsp.a(alt_find_file.o)
 .comment       0x0000000000000023       0x24 ../nios_software_bsp/\libhal_bsp.a(alt_get_fd.o)
 .comment       0x0000000000000023       0x24 ../nios_software_bsp/\libhal_bsp.a(alt_instruction_exception_entry.o)
 .comment       0x0000000000000023       0x24 c:/intelfpga/16.1/nios2eds/bin/gnu/h-x86_64-mingw32/bin/../lib/gcc/nios2-elf/5.3.0/../../../../../H-x86_64-mingw32/nios2-elf/lib/mno-hw-mul\libc.a(lib_a-atexit.o)
 .comment       0x0000000000000023       0x24 c:/intelfpga/16.1/nios2eds/bin/gnu/h-x86_64-mingw32/bin/../lib/gcc/nios2-elf/5.3.0/../../../../../H-x86_64-mingw32/nios2-elf/lib/mno-hw-mul\libc.a(lib_a-exit.o)
 .comment       0x0000000000000023       0x24 c:/intelfpga/16.1/nios2eds/bin/gnu/h-x86_64-mingw32/bin/../lib/gcc/nios2-elf/5.3.0/../../../../../H-x86_64-mingw32/nios2-elf/lib/mno-hw-mul\libc.a(lib_a-impure.o)
 .comment       0x0000000000000023       0x24 c:/intelfpga/16.1/nios2eds/bin/gnu/h-x86_64-mingw32/bin/../lib/gcc/nios2-elf/5.3.0/../../../../../H-x86_64-mingw32/nios2-elf/lib/mno-hw-mul\libc.a(lib_a-int_errno.o)
 .comment       0x0000000000000023       0x24 c:/intelfpga/16.1/nios2eds/bin/gnu/h-x86_64-mingw32/bin/../lib/gcc/nios2-elf/5.3.0/../../../../../H-x86_64-mingw32/nios2-elf/lib/mno-hw-mul\libc.a(lib_a-memcmp.o)
 .comment       0x0000000000000023       0x24 c:/intelfpga/16.1/nios2eds/bin/gnu/h-x86_64-mingw32/bin/../lib/gcc/nios2-elf/5.3.0/../../../../../H-x86_64-mingw32/nios2-elf/lib/mno-hw-mul\libc.a(lib_a-memcpy.o)
 .comment       0x0000000000000023       0x24 c:/intelfpga/16.1/nios2eds/bin/gnu/h-x86_64-mingw32/bin/../lib/gcc/nios2-elf/5.3.0/../../../../../H-x86_64-mingw32/nios2-elf/lib/mno-hw-mul\libc.a(lib_a-strlen.o)
 .comment       0x0000000000000023       0x24 c:/intelfpga/16.1/nios2eds/bin/gnu/h-x86_64-mingw32/bin/../lib/gcc/nios2-elf/5.3.0/../../../../../H-x86_64-mingw32/nios2-elf/lib/mno-hw-mul\libc.a(lib_a-__atexit.o)
 .comment       0x0000000000000023       0x24 c:/intelfpga/16.1/nios2eds/bin/gnu/h-x86_64-mingw32/bin/../lib/gcc/nios2-elf/5.3.0/../../../../../H-x86_64-mingw32/nios2-elf/lib/mno-hw-mul\libc.a(lib_a-__call_atexit.o)
 .comment       0x0000000000000023       0x24 c:/intelfpga/16.1/nios2eds/bin/gnu/h-x86_64-mingw32/bin/../lib/gcc/nios2-elf/5.3.0/mno-hw-mul\libgcc.a(lib2-divmod.o)
 .comment       0x0000000000000023       0x24 c:/intelfpga/16.1/nios2eds/bin/gnu/h-x86_64-mingw32/bin/../lib/gcc/nios2-elf/5.3.0/mno-hw-mul\libgcc.a(lib2-mul.o)
 .comment       0x0000000000000023       0x24 ../nios_software_bsp/\libhal_bsp.a(alt_exit.o)

.debug
 *(.debug)

.line
 *(.line)

.debug_srcinfo
 *(.debug_srcinfo)

.debug_sfnames
 *(.debug_sfnames)

.debug_aranges  0x0000000000000000      0x618
 *(.debug_aranges)
 .debug_aranges
                0x0000000000000000       0x28 ../nios_software_bsp//obj/HAL/src/crt0.o
 .debug_aranges
                0x0000000000000028       0x20 obj/default/main.o
 .debug_aranges
                0x0000000000000048       0x20 ../nios_software_bsp/\libhal_bsp.a(alt_load.o)
 .debug_aranges
                0x0000000000000068       0x20 ../nios_software_bsp/\libhal_bsp.a(alt_main.o)
 .debug_aranges
                0x0000000000000088       0x20 ../nios_software_bsp/\libhal_bsp.a(alt_usleep.o)
 .debug_aranges
                0x00000000000000a8       0x20 ../nios_software_bsp/\libhal_bsp.a(alt_sys_init.o)
 .debug_aranges
                0x00000000000000c8       0x20 ../nios_software_bsp/\libhal_bsp.a(altera_avalon_jtag_uart_fd.o)
 .debug_aranges
                0x00000000000000e8       0x20 ../nios_software_bsp/\libhal_bsp.a(altera_avalon_jtag_uart_init.o)
 .debug_aranges
                0x0000000000000108       0x20 ../nios_software_bsp/\libhal_bsp.a(altera_avalon_jtag_uart_ioctl.o)
 .debug_aranges
                0x0000000000000128       0x20 ../nios_software_bsp/\libhal_bsp.a(altera_avalon_jtag_uart_read.o)
 .debug_aranges
                0x0000000000000148       0x20 ../nios_software_bsp/\libhal_bsp.a(altera_avalon_jtag_uart_write.o)
 .debug_aranges
                0x0000000000000168       0x20 ../nios_software_bsp/\libhal_bsp.a(alt_alarm_start.o)
 .debug_aranges
                0x0000000000000188       0x20 ../nios_software_bsp/\libhal_bsp.a(alt_busy_sleep.o)
 .debug_aranges
                0x00000000000001a8       0x20 ../nios_software_bsp/\libhal_bsp.a(alt_close.o)
 .debug_aranges
                0x00000000000001c8       0x20 ../nios_software_bsp/\libhal_bsp.a(alt_dcache_flush_all.o)
 .debug_aranges
                0x00000000000001e8       0x20 ../nios_software_bsp/\libhal_bsp.a(alt_dev.o)
 .debug_aranges
                0x0000000000000208       0x20 ../nios_software_bsp/\libhal_bsp.a(alt_dev_llist_insert.o)
 .debug_aranges
                0x0000000000000228       0x20 ../nios_software_bsp/\libhal_bsp.a(alt_do_ctors.o)
 .debug_aranges
                0x0000000000000248       0x20 ../nios_software_bsp/\libhal_bsp.a(alt_do_dtors.o)
 .debug_aranges
                0x0000000000000268       0x18 ../nios_software_bsp/\libhal_bsp.a(alt_errno.o)
 .debug_aranges
                0x0000000000000280       0x20 ../nios_software_bsp/\libhal_bsp.a(alt_icache_flush_all.o)
 .debug_aranges
                0x00000000000002a0       0x20 ../nios_software_bsp/\libhal_bsp.a(alt_iic.o)
 .debug_aranges
                0x00000000000002c0       0x20 ../nios_software_bsp/\libhal_bsp.a(alt_iic_isr_register.o)
 .debug_aranges
                0x00000000000002e0       0x20 ../nios_software_bsp/\libhal_bsp.a(alt_io_redirect.o)
 .debug_aranges
                0x0000000000000300       0x30 ../nios_software_bsp/\libhal_bsp.a(alt_irq_entry.o)
 .debug_aranges
                0x0000000000000330       0x20 ../nios_software_bsp/\libhal_bsp.a(alt_irq_handler.o)
 .debug_aranges
                0x0000000000000350       0x18 ../nios_software_bsp/\libhal_bsp.a(alt_irq_vars.o)
 .debug_aranges
                0x0000000000000368       0x20 ../nios_software_bsp/\libhal_bsp.a(alt_open.o)
 .debug_aranges
                0x0000000000000388       0x20 ../nios_software_bsp/\libhal_bsp.a(alt_release_fd.o)
 .debug_aranges
                0x00000000000003a8       0x20 ../nios_software_bsp/\libhal_bsp.a(alt_tick.o)
 .debug_aranges
                0x00000000000003c8       0x20 ../nios_software_bsp/\libhal_bsp.a(altera_nios2_gen2_irq.o)
 .debug_aranges
                0x00000000000003e8       0x38 ../nios_software_bsp/\libhal_bsp.a(alt_exception_entry.o)
 .debug_aranges
                0x0000000000000420       0x20 ../nios_software_bsp/\libhal_bsp.a(alt_find_dev.o)
 .debug_aranges
                0x0000000000000440       0x20 ../nios_software_bsp/\libhal_bsp.a(alt_find_file.o)
 .debug_aranges
                0x0000000000000460       0x20 ../nios_software_bsp/\libhal_bsp.a(alt_get_fd.o)
 .debug_aranges
                0x0000000000000480       0x28 ../nios_software_bsp/\libhal_bsp.a(alt_instruction_exception_entry.o)
 .debug_aranges
                0x00000000000004a8       0x20 c:/intelfpga/16.1/nios2eds/bin/gnu/h-x86_64-mingw32/bin/../lib/gcc/nios2-elf/5.3.0/../../../../../H-x86_64-mingw32/nios2-elf/lib/mno-hw-mul\libc.a(lib_a-atexit.o)
 .debug_aranges
                0x00000000000004c8       0x20 c:/intelfpga/16.1/nios2eds/bin/gnu/h-x86_64-mingw32/bin/../lib/gcc/nios2-elf/5.3.0/../../../../../H-x86_64-mingw32/nios2-elf/lib/mno-hw-mul\libc.a(lib_a-exit.o)
 .debug_aranges
                0x00000000000004e8       0x18 c:/intelfpga/16.1/nios2eds/bin/gnu/h-x86_64-mingw32/bin/../lib/gcc/nios2-elf/5.3.0/../../../../../H-x86_64-mingw32/nios2-elf/lib/mno-hw-mul\libc.a(lib_a-impure.o)
 .debug_aranges
                0x0000000000000500       0x18 c:/intelfpga/16.1/nios2eds/bin/gnu/h-x86_64-mingw32/bin/../lib/gcc/nios2-elf/5.3.0/../../../../../H-x86_64-mingw32/nios2-elf/lib/mno-hw-mul\libc.a(lib_a-int_errno.o)
 .debug_aranges
                0x0000000000000518       0x20 c:/intelfpga/16.1/nios2eds/bin/gnu/h-x86_64-mingw32/bin/../lib/gcc/nios2-elf/5.3.0/../../../../../H-x86_64-mingw32/nios2-elf/lib/mno-hw-mul\libc.a(lib_a-memcmp.o)
 .debug_aranges
                0x0000000000000538       0x20 c:/intelfpga/16.1/nios2eds/bin/gnu/h-x86_64-mingw32/bin/../lib/gcc/nios2-elf/5.3.0/../../../../../H-x86_64-mingw32/nios2-elf/lib/mno-hw-mul\libc.a(lib_a-memcpy.o)
 .debug_aranges
                0x0000000000000558       0x20 c:/intelfpga/16.1/nios2eds/bin/gnu/h-x86_64-mingw32/bin/../lib/gcc/nios2-elf/5.3.0/../../../../../H-x86_64-mingw32/nios2-elf/lib/mno-hw-mul\libc.a(lib_a-strlen.o)
 .debug_aranges
                0x0000000000000578       0x20 c:/intelfpga/16.1/nios2eds/bin/gnu/h-x86_64-mingw32/bin/../lib/gcc/nios2-elf/5.3.0/../../../../../H-x86_64-mingw32/nios2-elf/lib/mno-hw-mul\libc.a(lib_a-__atexit.o)
 .debug_aranges
                0x0000000000000598       0x20 c:/intelfpga/16.1/nios2eds/bin/gnu/h-x86_64-mingw32/bin/../lib/gcc/nios2-elf/5.3.0/../../../../../H-x86_64-mingw32/nios2-elf/lib/mno-hw-mul\libc.a(lib_a-__call_atexit.o)
 .debug_aranges
                0x00000000000005b8       0x20 c:/intelfpga/16.1/nios2eds/bin/gnu/h-x86_64-mingw32/bin/../lib/gcc/nios2-elf/5.3.0/mno-hw-mul\libgcc.a(lib2-divmod.o)
 .debug_aranges
                0x00000000000005d8       0x20 c:/intelfpga/16.1/nios2eds/bin/gnu/h-x86_64-mingw32/bin/../lib/gcc/nios2-elf/5.3.0/mno-hw-mul\libgcc.a(lib2-mul.o)
 .debug_aranges
                0x00000000000005f8       0x20 ../nios_software_bsp/\libhal_bsp.a(alt_exit.o)

.debug_pubnames
 *(.debug_pubnames)

.debug_info     0x0000000000000000     0x7b0b
 *(.debug_info .gnu.linkonce.wi.*)
 .debug_info    0x0000000000000000       0x72 ../nios_software_bsp//obj/HAL/src/crt0.o
 .debug_info    0x0000000000000072      0x26d obj/default/main.o
 .debug_info    0x00000000000002df      0x145 ../nios_software_bsp/\libhal_bsp.a(alt_load.o)
 .debug_info    0x0000000000000424      0x131 ../nios_software_bsp/\libhal_bsp.a(alt_main.o)
 .debug_info    0x0000000000000555       0xb0 ../nios_software_bsp/\libhal_bsp.a(alt_usleep.o)
 .debug_info    0x0000000000000605      0x4c3 ../nios_software_bsp/\libhal_bsp.a(alt_sys_init.o)
 .debug_info    0x0000000000000ac8      0x52e ../nios_software_bsp/\libhal_bsp.a(altera_avalon_jtag_uart_fd.o)
 .debug_info    0x0000000000000ff6      0x3a0 ../nios_software_bsp/\libhal_bsp.a(altera_avalon_jtag_uart_init.o)
 .debug_info    0x0000000000001396      0x280 ../nios_software_bsp/\libhal_bsp.a(altera_avalon_jtag_uart_ioctl.o)
 .debug_info    0x0000000000001616      0x345 ../nios_software_bsp/\libhal_bsp.a(altera_avalon_jtag_uart_read.o)
 .debug_info    0x000000000000195b      0x340 ../nios_software_bsp/\libhal_bsp.a(altera_avalon_jtag_uart_write.o)
 .debug_info    0x0000000000001c9b      0x2cc ../nios_software_bsp/\libhal_bsp.a(alt_alarm_start.o)
 .debug_info    0x0000000000001f67       0xd7 ../nios_software_bsp/\libhal_bsp.a(alt_busy_sleep.o)
 .debug_info    0x000000000000203e      0x321 ../nios_software_bsp/\libhal_bsp.a(alt_close.o)
 .debug_info    0x000000000000235f       0x92 ../nios_software_bsp/\libhal_bsp.a(alt_dcache_flush_all.o)
 .debug_info    0x00000000000023f1      0x49c ../nios_software_bsp/\libhal_bsp.a(alt_dev.o)
 .debug_info    0x000000000000288d      0x1a9 ../nios_software_bsp/\libhal_bsp.a(alt_dev_llist_insert.o)
 .debug_info    0x0000000000002a36       0x83 ../nios_software_bsp/\libhal_bsp.a(alt_do_ctors.o)
 .debug_info    0x0000000000002ab9       0x83 ../nios_software_bsp/\libhal_bsp.a(alt_do_dtors.o)
 .debug_info    0x0000000000002b3c       0xa6 ../nios_software_bsp/\libhal_bsp.a(alt_errno.o)
 .debug_info    0x0000000000002be2       0x92 ../nios_software_bsp/\libhal_bsp.a(alt_icache_flush_all.o)
 .debug_info    0x0000000000002c74      0x350 ../nios_software_bsp/\libhal_bsp.a(alt_iic.o)
 .debug_info    0x0000000000002fc4      0x1ef ../nios_software_bsp/\libhal_bsp.a(alt_iic_isr_register.o)
 .debug_info    0x00000000000031b3      0x4a5 ../nios_software_bsp/\libhal_bsp.a(alt_io_redirect.o)
 .debug_info    0x0000000000003658       0x7b ../nios_software_bsp/\libhal_bsp.a(alt_irq_entry.o)
 .debug_info    0x00000000000036d3      0x187 ../nios_software_bsp/\libhal_bsp.a(alt_irq_handler.o)
 .debug_info    0x000000000000385a       0x88 ../nios_software_bsp/\libhal_bsp.a(alt_irq_vars.o)
 .debug_info    0x00000000000038e2      0x3bb ../nios_software_bsp/\libhal_bsp.a(alt_open.o)
 .debug_info    0x0000000000003c9d      0x2b0 ../nios_software_bsp/\libhal_bsp.a(alt_release_fd.o)
 .debug_info    0x0000000000003f4d      0x299 ../nios_software_bsp/\libhal_bsp.a(alt_tick.o)
 .debug_info    0x00000000000041e6       0x92 ../nios_software_bsp/\libhal_bsp.a(altera_nios2_gen2_irq.o)
 .debug_info    0x0000000000004278       0x81 ../nios_software_bsp/\libhal_bsp.a(alt_exception_entry.o)
 .debug_info    0x00000000000042f9      0x2e9 ../nios_software_bsp/\libhal_bsp.a(alt_find_dev.o)
 .debug_info    0x00000000000045e2      0x2e6 ../nios_software_bsp/\libhal_bsp.a(alt_find_file.o)
 .debug_info    0x00000000000048c8      0x310 ../nios_software_bsp/\libhal_bsp.a(alt_get_fd.o)
 .debug_info    0x0000000000004bd8      0x1e7 ../nios_software_bsp/\libhal_bsp.a(alt_instruction_exception_entry.o)
 .debug_info    0x0000000000004dbf       0xfe c:/intelfpga/16.1/nios2eds/bin/gnu/h-x86_64-mingw32/bin/../lib/gcc/nios2-elf/5.3.0/../../../../../H-x86_64-mingw32/nios2-elf/lib/mno-hw-mul\libc.a(lib_a-atexit.o)
 .debug_info    0x0000000000004ebd      0x8e4 c:/intelfpga/16.1/nios2eds/bin/gnu/h-x86_64-mingw32/bin/../lib/gcc/nios2-elf/5.3.0/../../../../../H-x86_64-mingw32/nios2-elf/lib/mno-hw-mul\libc.a(lib_a-exit.o)
 .debug_info    0x00000000000057a1      0x8a1 c:/intelfpga/16.1/nios2eds/bin/gnu/h-x86_64-mingw32/bin/../lib/gcc/nios2-elf/5.3.0/../../../../../H-x86_64-mingw32/nios2-elf/lib/mno-hw-mul\libc.a(lib_a-impure.o)
 .debug_info    0x0000000000006042       0x8a c:/intelfpga/16.1/nios2eds/bin/gnu/h-x86_64-mingw32/bin/../lib/gcc/nios2-elf/5.3.0/../../../../../H-x86_64-mingw32/nios2-elf/lib/mno-hw-mul\libc.a(lib_a-int_errno.o)
 .debug_info    0x00000000000060cc      0x11a c:/intelfpga/16.1/nios2eds/bin/gnu/h-x86_64-mingw32/bin/../lib/gcc/nios2-elf/5.3.0/../../../../../H-x86_64-mingw32/nios2-elf/lib/mno-hw-mul\libc.a(lib_a-memcmp.o)
 .debug_info    0x00000000000061e6      0x144 c:/intelfpga/16.1/nios2eds/bin/gnu/h-x86_64-mingw32/bin/../lib/gcc/nios2-elf/5.3.0/../../../../../H-x86_64-mingw32/nios2-elf/lib/mno-hw-mul\libc.a(lib_a-memcpy.o)
 .debug_info    0x000000000000632a       0xe2 c:/intelfpga/16.1/nios2eds/bin/gnu/h-x86_64-mingw32/bin/../lib/gcc/nios2-elf/5.3.0/../../../../../H-x86_64-mingw32/nios2-elf/lib/mno-hw-mul\libc.a(lib_a-strlen.o)
 .debug_info    0x000000000000640c      0x934 c:/intelfpga/16.1/nios2eds/bin/gnu/h-x86_64-mingw32/bin/../lib/gcc/nios2-elf/5.3.0/../../../../../H-x86_64-mingw32/nios2-elf/lib/mno-hw-mul\libc.a(lib_a-__atexit.o)
 .debug_info    0x0000000000006d40      0x965 c:/intelfpga/16.1/nios2eds/bin/gnu/h-x86_64-mingw32/bin/../lib/gcc/nios2-elf/5.3.0/../../../../../H-x86_64-mingw32/nios2-elf/lib/mno-hw-mul\libc.a(lib_a-__call_atexit.o)
 .debug_info    0x00000000000076a5      0x2c6 c:/intelfpga/16.1/nios2eds/bin/gnu/h-x86_64-mingw32/bin/../lib/gcc/nios2-elf/5.3.0/mno-hw-mul\libgcc.a(lib2-divmod.o)
 .debug_info    0x000000000000796b       0xb4 c:/intelfpga/16.1/nios2eds/bin/gnu/h-x86_64-mingw32/bin/../lib/gcc/nios2-elf/5.3.0/mno-hw-mul\libgcc.a(lib2-mul.o)
 .debug_info    0x0000000000007a1f       0xec ../nios_software_bsp/\libhal_bsp.a(alt_exit.o)

.debug_abbrev   0x0000000000000000     0x2b59
 *(.debug_abbrev)
 .debug_abbrev  0x0000000000000000       0x12 ../nios_software_bsp//obj/HAL/src/crt0.o
 .debug_abbrev  0x0000000000000012       0xb9 obj/default/main.o
 .debug_abbrev  0x00000000000000cb       0x9f ../nios_software_bsp/\libhal_bsp.a(alt_load.o)
 .debug_abbrev  0x000000000000016a       0xba ../nios_software_bsp/\libhal_bsp.a(alt_main.o)
 .debug_abbrev  0x0000000000000224       0x60 ../nios_software_bsp/\libhal_bsp.a(alt_usleep.o)
 .debug_abbrev  0x0000000000000284      0x187 ../nios_software_bsp/\libhal_bsp.a(alt_sys_init.o)
 .debug_abbrev  0x000000000000040b      0x127 ../nios_software_bsp/\libhal_bsp.a(altera_avalon_jtag_uart_fd.o)
 .debug_abbrev  0x0000000000000532      0x19e ../nios_software_bsp/\libhal_bsp.a(altera_avalon_jtag_uart_init.o)
 .debug_abbrev  0x00000000000006d0      0x111 ../nios_software_bsp/\libhal_bsp.a(altera_avalon_jtag_uart_ioctl.o)
 .debug_abbrev  0x00000000000007e1      0x1aa ../nios_software_bsp/\libhal_bsp.a(altera_avalon_jtag_uart_read.o)
 .debug_abbrev  0x000000000000098b      0x1a8 ../nios_software_bsp/\libhal_bsp.a(altera_avalon_jtag_uart_write.o)
 .debug_abbrev  0x0000000000000b33      0x162 ../nios_software_bsp/\libhal_bsp.a(alt_alarm_start.o)
 .debug_abbrev  0x0000000000000c95       0x7e ../nios_software_bsp/\libhal_bsp.a(alt_busy_sleep.o)
 .debug_abbrev  0x0000000000000d13      0x11f ../nios_software_bsp/\libhal_bsp.a(alt_close.o)
 .debug_abbrev  0x0000000000000e32       0x42 ../nios_software_bsp/\libhal_bsp.a(alt_dcache_flush_all.o)
 .debug_abbrev  0x0000000000000e74       0xd9 ../nios_software_bsp/\libhal_bsp.a(alt_dev.o)
 .debug_abbrev  0x0000000000000f4d      0x114 ../nios_software_bsp/\libhal_bsp.a(alt_dev_llist_insert.o)
 .debug_abbrev  0x0000000000001061       0x79 ../nios_software_bsp/\libhal_bsp.a(alt_do_ctors.o)
 .debug_abbrev  0x00000000000010da       0x79 ../nios_software_bsp/\libhal_bsp.a(alt_do_dtors.o)
 .debug_abbrev  0x0000000000001153       0x5a ../nios_software_bsp/\libhal_bsp.a(alt_errno.o)
 .debug_abbrev  0x00000000000011ad       0x42 ../nios_software_bsp/\libhal_bsp.a(alt_icache_flush_all.o)
 .debug_abbrev  0x00000000000011ef      0x163 ../nios_software_bsp/\libhal_bsp.a(alt_iic.o)
 .debug_abbrev  0x0000000000001352      0x169 ../nios_software_bsp/\libhal_bsp.a(alt_iic_isr_register.o)
 .debug_abbrev  0x00000000000014bb      0x114 ../nios_software_bsp/\libhal_bsp.a(alt_io_redirect.o)
 .debug_abbrev  0x00000000000015cf       0x12 ../nios_software_bsp/\libhal_bsp.a(alt_irq_entry.o)
 .debug_abbrev  0x00000000000015e1      0x122 ../nios_software_bsp/\libhal_bsp.a(alt_irq_handler.o)
 .debug_abbrev  0x0000000000001703       0x40 ../nios_software_bsp/\libhal_bsp.a(alt_irq_vars.o)
 .debug_abbrev  0x0000000000001743      0x148 ../nios_software_bsp/\libhal_bsp.a(alt_open.o)
 .debug_abbrev  0x000000000000188b       0xde ../nios_software_bsp/\libhal_bsp.a(alt_release_fd.o)
 .debug_abbrev  0x0000000000001969      0x15a ../nios_software_bsp/\libhal_bsp.a(alt_tick.o)
 .debug_abbrev  0x0000000000001ac3       0x42 ../nios_software_bsp/\libhal_bsp.a(altera_nios2_gen2_irq.o)
 .debug_abbrev  0x0000000000001b05       0x12 ../nios_software_bsp/\libhal_bsp.a(alt_exception_entry.o)
 .debug_abbrev  0x0000000000001b17       0xf0 ../nios_software_bsp/\libhal_bsp.a(alt_find_dev.o)
 .debug_abbrev  0x0000000000001c07       0xf0 ../nios_software_bsp/\libhal_bsp.a(alt_find_file.o)
 .debug_abbrev  0x0000000000001cf7      0x10d ../nios_software_bsp/\libhal_bsp.a(alt_get_fd.o)
 .debug_abbrev  0x0000000000001e04       0xdc ../nios_software_bsp/\libhal_bsp.a(alt_instruction_exception_entry.o)
 .debug_abbrev  0x0000000000001ee0       0xaa c:/intelfpga/16.1/nios2eds/bin/gnu/h-x86_64-mingw32/bin/../lib/gcc/nios2-elf/5.3.0/../../../../../H-x86_64-mingw32/nios2-elf/lib/mno-hw-mul\libc.a(lib_a-atexit.o)
 .debug_abbrev  0x0000000000001f8a      0x1e5 c:/intelfpga/16.1/nios2eds/bin/gnu/h-x86_64-mingw32/bin/../lib/gcc/nios2-elf/5.3.0/../../../../../H-x86_64-mingw32/nios2-elf/lib/mno-hw-mul\libc.a(lib_a-exit.o)
 .debug_abbrev  0x000000000000216f      0x18f c:/intelfpga/16.1/nios2eds/bin/gnu/h-x86_64-mingw32/bin/../lib/gcc/nios2-elf/5.3.0/../../../../../H-x86_64-mingw32/nios2-elf/lib/mno-hw-mul\libc.a(lib_a-impure.o)
 .debug_abbrev  0x00000000000022fe       0x37 c:/intelfpga/16.1/nios2eds/bin/gnu/h-x86_64-mingw32/bin/../lib/gcc/nios2-elf/5.3.0/../../../../../H-x86_64-mingw32/nios2-elf/lib/mno-hw-mul\libc.a(lib_a-int_errno.o)
 .debug_abbrev  0x0000000000002335       0x7f c:/intelfpga/16.1/nios2eds/bin/gnu/h-x86_64-mingw32/bin/../lib/gcc/nios2-elf/5.3.0/../../../../../H-x86_64-mingw32/nios2-elf/lib/mno-hw-mul\libc.a(lib_a-memcmp.o)
 .debug_abbrev  0x00000000000023b4       0xa3 c:/intelfpga/16.1/nios2eds/bin/gnu/h-x86_64-mingw32/bin/../lib/gcc/nios2-elf/5.3.0/../../../../../H-x86_64-mingw32/nios2-elf/lib/mno-hw-mul\libc.a(lib_a-memcpy.o)
 .debug_abbrev  0x0000000000002457       0x90 c:/intelfpga/16.1/nios2eds/bin/gnu/h-x86_64-mingw32/bin/../lib/gcc/nios2-elf/5.3.0/../../../../../H-x86_64-mingw32/nios2-elf/lib/mno-hw-mul\libc.a(lib_a-strlen.o)
 .debug_abbrev  0x00000000000024e7      0x21e c:/intelfpga/16.1/nios2eds/bin/gnu/h-x86_64-mingw32/bin/../lib/gcc/nios2-elf/5.3.0/../../../../../H-x86_64-mingw32/nios2-elf/lib/mno-hw-mul\libc.a(lib_a-__atexit.o)
 .debug_abbrev  0x0000000000002705      0x22e c:/intelfpga/16.1/nios2eds/bin/gnu/h-x86_64-mingw32/bin/../lib/gcc/nios2-elf/5.3.0/../../../../../H-x86_64-mingw32/nios2-elf/lib/mno-hw-mul\libc.a(lib_a-__call_atexit.o)
 .debug_abbrev  0x0000000000002933      0x10e c:/intelfpga/16.1/nios2eds/bin/gnu/h-x86_64-mingw32/bin/../lib/gcc/nios2-elf/5.3.0/mno-hw-mul\libgcc.a(lib2-divmod.o)
 .debug_abbrev  0x0000000000002a41       0x6f c:/intelfpga/16.1/nios2eds/bin/gnu/h-x86_64-mingw32/bin/../lib/gcc/nios2-elf/5.3.0/mno-hw-mul\libgcc.a(lib2-mul.o)
 .debug_abbrev  0x0000000000002ab0       0xa9 ../nios_software_bsp/\libhal_bsp.a(alt_exit.o)

.debug_line     0x0000000000000000     0x2c6f
 *(.debug_line)
 .debug_line    0x0000000000000000       0x66 ../nios_software_bsp//obj/HAL/src/crt0.o
 .debug_line    0x0000000000000066      0x11b obj/default/main.o
 .debug_line    0x0000000000000181       0x8e ../nios_software_bsp/\libhal_bsp.a(alt_load.o)
 .debug_line    0x000000000000020f       0xa4 ../nios_software_bsp/\libhal_bsp.a(alt_main.o)
 .debug_line    0x00000000000002b3       0xa8 ../nios_software_bsp/\libhal_bsp.a(alt_usleep.o)
 .debug_line    0x000000000000035b      0x137 ../nios_software_bsp/\libhal_bsp.a(alt_sys_init.o)
 .debug_line    0x0000000000000492      0x12f ../nios_software_bsp/\libhal_bsp.a(altera_avalon_jtag_uart_fd.o)
 .debug_line    0x00000000000005c1      0x18b ../nios_software_bsp/\libhal_bsp.a(altera_avalon_jtag_uart_init.o)
 .debug_line    0x000000000000074c      0x131 ../nios_software_bsp/\libhal_bsp.a(altera_avalon_jtag_uart_ioctl.o)
 .debug_line    0x000000000000087d      0x171 ../nios_software_bsp/\libhal_bsp.a(altera_avalon_jtag_uart_read.o)
 .debug_line    0x00000000000009ee      0x170 ../nios_software_bsp/\libhal_bsp.a(altera_avalon_jtag_uart_write.o)
 .debug_line    0x0000000000000b5e       0xf9 ../nios_software_bsp/\libhal_bsp.a(alt_alarm_start.o)
 .debug_line    0x0000000000000c57       0xa2 ../nios_software_bsp/\libhal_bsp.a(alt_busy_sleep.o)
 .debug_line    0x0000000000000cf9      0x160 ../nios_software_bsp/\libhal_bsp.a(alt_close.o)
 .debug_line    0x0000000000000e59       0x51 ../nios_software_bsp/\libhal_bsp.a(alt_dcache_flush_all.o)
 .debug_line    0x0000000000000eaa       0xf3 ../nios_software_bsp/\libhal_bsp.a(alt_dev.o)
 .debug_line    0x0000000000000f9d       0xcf ../nios_software_bsp/\libhal_bsp.a(alt_dev_llist_insert.o)
 .debug_line    0x000000000000106c       0x59 ../nios_software_bsp/\libhal_bsp.a(alt_do_ctors.o)
 .debug_line    0x00000000000010c5       0x59 ../nios_software_bsp/\libhal_bsp.a(alt_do_dtors.o)
 .debug_line    0x000000000000111e       0x51 ../nios_software_bsp/\libhal_bsp.a(alt_errno.o)
 .debug_line    0x000000000000116f       0x4f ../nios_software_bsp/\libhal_bsp.a(alt_icache_flush_all.o)
 .debug_line    0x00000000000011be       0xeb ../nios_software_bsp/\libhal_bsp.a(alt_iic.o)
 .debug_line    0x00000000000012a9       0xdb ../nios_software_bsp/\libhal_bsp.a(alt_iic_isr_register.o)
 .debug_line    0x0000000000001384      0x130 ../nios_software_bsp/\libhal_bsp.a(alt_io_redirect.o)
 .debug_line    0x00000000000014b4       0x6b ../nios_software_bsp/\libhal_bsp.a(alt_irq_entry.o)
 .debug_line    0x000000000000151f       0xaa ../nios_software_bsp/\libhal_bsp.a(alt_irq_handler.o)
 .debug_line    0x00000000000015c9       0x50 ../nios_software_bsp/\libhal_bsp.a(alt_irq_vars.o)
 .debug_line    0x0000000000001619      0x12b ../nios_software_bsp/\libhal_bsp.a(alt_open.o)
 .debug_line    0x0000000000001744       0xb0 ../nios_software_bsp/\libhal_bsp.a(alt_release_fd.o)
 .debug_line    0x00000000000017f4       0xff ../nios_software_bsp/\libhal_bsp.a(alt_tick.o)
 .debug_line    0x00000000000018f3       0x51 ../nios_software_bsp/\libhal_bsp.a(altera_nios2_gen2_irq.o)
 .debug_line    0x0000000000001944       0xb3 ../nios_software_bsp/\libhal_bsp.a(alt_exception_entry.o)
 .debug_line    0x00000000000019f7       0xb5 ../nios_software_bsp/\libhal_bsp.a(alt_find_dev.o)
 .debug_line    0x0000000000001aac       0xd1 ../nios_software_bsp/\libhal_bsp.a(alt_find_file.o)
 .debug_line    0x0000000000001b7d       0xd7 ../nios_software_bsp/\libhal_bsp.a(alt_get_fd.o)
 .debug_line    0x0000000000001c54       0xb9 ../nios_software_bsp/\libhal_bsp.a(alt_instruction_exception_entry.o)
 .debug_line    0x0000000000001d0d       0xe7 c:/intelfpga/16.1/nios2eds/bin/gnu/h-x86_64-mingw32/bin/../lib/gcc/nios2-elf/5.3.0/../../../../../H-x86_64-mingw32/nios2-elf/lib/mno-hw-mul\libc.a(lib_a-atexit.o)
 .debug_line    0x0000000000001df4      0x1fc c:/intelfpga/16.1/nios2eds/bin/gnu/h-x86_64-mingw32/bin/../lib/gcc/nios2-elf/5.3.0/../../../../../H-x86_64-mingw32/nios2-elf/lib/mno-hw-mul\libc.a(lib_a-exit.o)
 .debug_line    0x0000000000001ff0      0x160 c:/intelfpga/16.1/nios2eds/bin/gnu/h-x86_64-mingw32/bin/../lib/gcc/nios2-elf/5.3.0/../../../../../H-x86_64-mingw32/nios2-elf/lib/mno-hw-mul\libc.a(lib_a-impure.o)
 .debug_line    0x0000000000002150       0x5f c:/intelfpga/16.1/nios2eds/bin/gnu/h-x86_64-mingw32/bin/../lib/gcc/nios2-elf/5.3.0/../../../../../H-x86_64-mingw32/nios2-elf/lib/mno-hw-mul\libc.a(lib_a-int_errno.o)
 .debug_line    0x00000000000021af      0x176 c:/intelfpga/16.1/nios2eds/bin/gnu/h-x86_64-mingw32/bin/../lib/gcc/nios2-elf/5.3.0/../../../../../H-x86_64-mingw32/nios2-elf/lib/mno-hw-mul\libc.a(lib_a-memcmp.o)
 .debug_line    0x0000000000002325      0x18c c:/intelfpga/16.1/nios2eds/bin/gnu/h-x86_64-mingw32/bin/../lib/gcc/nios2-elf/5.3.0/../../../../../H-x86_64-mingw32/nios2-elf/lib/mno-hw-mul\libc.a(lib_a-memcpy.o)
 .debug_line    0x00000000000024b1      0x16f c:/intelfpga/16.1/nios2eds/bin/gnu/h-x86_64-mingw32/bin/../lib/gcc/nios2-elf/5.3.0/../../../../../H-x86_64-mingw32/nios2-elf/lib/mno-hw-mul\libc.a(lib_a-strlen.o)
 .debug_line    0x0000000000002620      0x21f c:/intelfpga/16.1/nios2eds/bin/gnu/h-x86_64-mingw32/bin/../lib/gcc/nios2-elf/5.3.0/../../../../../H-x86_64-mingw32/nios2-elf/lib/mno-hw-mul\libc.a(lib_a-__atexit.o)
 .debug_line    0x000000000000283f      0x23a c:/intelfpga/16.1/nios2eds/bin/gnu/h-x86_64-mingw32/bin/../lib/gcc/nios2-elf/5.3.0/../../../../../H-x86_64-mingw32/nios2-elf/lib/mno-hw-mul\libc.a(lib_a-__call_atexit.o)
 .debug_line    0x0000000000002a79      0x105 c:/intelfpga/16.1/nios2eds/bin/gnu/h-x86_64-mingw32/bin/../lib/gcc/nios2-elf/5.3.0/mno-hw-mul\libgcc.a(lib2-divmod.o)
 .debug_line    0x0000000000002b7e       0x80 c:/intelfpga/16.1/nios2eds/bin/gnu/h-x86_64-mingw32/bin/../lib/gcc/nios2-elf/5.3.0/mno-hw-mul\libgcc.a(lib2-mul.o)
 .debug_line    0x0000000000002bfe       0x71 ../nios_software_bsp/\libhal_bsp.a(alt_exit.o)

.debug_frame    0x0000000000000000      0xc2c
 *(.debug_frame)
 .debug_frame   0x0000000000000000       0xf4 obj/default/main.o
 .debug_frame   0x00000000000000f4       0x5c ../nios_software_bsp/\libhal_bsp.a(alt_load.o)
 .debug_frame   0x0000000000000150       0x2c ../nios_software_bsp/\libhal_bsp.a(alt_main.o)
 .debug_frame   0x000000000000017c       0x38 ../nios_software_bsp/\libhal_bsp.a(alt_usleep.o)
 .debug_frame   0x00000000000001b4       0x88 ../nios_software_bsp/\libhal_bsp.a(alt_sys_init.o)
 .debug_frame   0x000000000000023c       0xb0 ../nios_software_bsp/\libhal_bsp.a(altera_avalon_jtag_uart_fd.o)
 .debug_frame   0x00000000000002ec       0xa4 ../nios_software_bsp/\libhal_bsp.a(altera_avalon_jtag_uart_init.o)
 .debug_frame   0x0000000000000390       0x34 ../nios_software_bsp/\libhal_bsp.a(altera_avalon_jtag_uart_ioctl.o)
 .debug_frame   0x00000000000003c4       0x38 ../nios_software_bsp/\libhal_bsp.a(altera_avalon_jtag_uart_read.o)
 .debug_frame   0x00000000000003fc       0x38 ../nios_software_bsp/\libhal_bsp.a(altera_avalon_jtag_uart_write.o)
 .debug_frame   0x0000000000000434       0x34 ../nios_software_bsp/\libhal_bsp.a(alt_alarm_start.o)
 .debug_frame   0x0000000000000468       0x38 ../nios_software_bsp/\libhal_bsp.a(alt_busy_sleep.o)
 .debug_frame   0x00000000000004a0       0x60 ../nios_software_bsp/\libhal_bsp.a(alt_close.o)
 .debug_frame   0x0000000000000500       0x34 ../nios_software_bsp/\libhal_bsp.a(alt_dcache_flush_all.o)
 .debug_frame   0x0000000000000534       0x34 ../nios_software_bsp/\libhal_bsp.a(alt_dev.o)
 .debug_frame   0x0000000000000568       0x60 ../nios_software_bsp/\libhal_bsp.a(alt_dev_llist_insert.o)
 .debug_frame   0x00000000000005c8       0x38 ../nios_software_bsp/\libhal_bsp.a(alt_do_ctors.o)
 .debug_frame   0x0000000000000600       0x38 ../nios_software_bsp/\libhal_bsp.a(alt_do_dtors.o)
 .debug_frame   0x0000000000000638       0x34 ../nios_software_bsp/\libhal_bsp.a(alt_icache_flush_all.o)
 .debug_frame   0x000000000000066c       0xa4 ../nios_software_bsp/\libhal_bsp.a(alt_iic.o)
 .debug_frame   0x0000000000000710       0x38 ../nios_software_bsp/\libhal_bsp.a(alt_iic_isr_register.o)
 .debug_frame   0x0000000000000748       0x64 ../nios_software_bsp/\libhal_bsp.a(alt_io_redirect.o)
 .debug_frame   0x00000000000007ac       0x38 ../nios_software_bsp/\libhal_bsp.a(alt_irq_handler.o)
 .debug_frame   0x00000000000007e4       0x8c ../nios_software_bsp/\libhal_bsp.a(alt_open.o)
 .debug_frame   0x0000000000000870       0x3c ../nios_software_bsp/\libhal_bsp.a(alt_release_fd.o)
 .debug_frame   0x00000000000008ac       0x5c ../nios_software_bsp/\libhal_bsp.a(alt_tick.o)
 .debug_frame   0x0000000000000908       0x34 ../nios_software_bsp/\libhal_bsp.a(altera_nios2_gen2_irq.o)
 .debug_frame   0x000000000000093c       0x38 ../nios_software_bsp/\libhal_bsp.a(alt_find_dev.o)
 .debug_frame   0x0000000000000974       0x38 ../nios_software_bsp/\libhal_bsp.a(alt_find_file.o)
 .debug_frame   0x00000000000009ac       0x3c ../nios_software_bsp/\libhal_bsp.a(alt_get_fd.o)
 .debug_frame   0x00000000000009e8       0x5c ../nios_software_bsp/\libhal_bsp.a(alt_instruction_exception_entry.o)
 .debug_frame   0x0000000000000a44       0x20 c:/intelfpga/16.1/nios2eds/bin/gnu/h-x86_64-mingw32/bin/../lib/gcc/nios2-elf/5.3.0/../../../../../H-x86_64-mingw32/nios2-elf/lib/mno-hw-mul\libc.a(lib_a-atexit.o)
 .debug_frame   0x0000000000000a64       0x28 c:/intelfpga/16.1/nios2eds/bin/gnu/h-x86_64-mingw32/bin/../lib/gcc/nios2-elf/5.3.0/../../../../../H-x86_64-mingw32/nios2-elf/lib/mno-hw-mul\libc.a(lib_a-exit.o)
 .debug_frame   0x0000000000000a8c       0x20 c:/intelfpga/16.1/nios2eds/bin/gnu/h-x86_64-mingw32/bin/../lib/gcc/nios2-elf/5.3.0/../../../../../H-x86_64-mingw32/nios2-elf/lib/mno-hw-mul\libc.a(lib_a-memcmp.o)
 .debug_frame   0x0000000000000aac       0x38 c:/intelfpga/16.1/nios2eds/bin/gnu/h-x86_64-mingw32/bin/../lib/gcc/nios2-elf/5.3.0/../../../../../H-x86_64-mingw32/nios2-elf/lib/mno-hw-mul\libc.a(lib_a-memcpy.o)
 .debug_frame   0x0000000000000ae4       0x20 c:/intelfpga/16.1/nios2eds/bin/gnu/h-x86_64-mingw32/bin/../lib/gcc/nios2-elf/5.3.0/../../../../../H-x86_64-mingw32/nios2-elf/lib/mno-hw-mul\libc.a(lib_a-strlen.o)
 .debug_frame   0x0000000000000b04       0x38 c:/intelfpga/16.1/nios2eds/bin/gnu/h-x86_64-mingw32/bin/../lib/gcc/nios2-elf/5.3.0/../../../../../H-x86_64-mingw32/nios2-elf/lib/mno-hw-mul\libc.a(lib_a-__atexit.o)
 .debug_frame   0x0000000000000b3c       0x54 c:/intelfpga/16.1/nios2eds/bin/gnu/h-x86_64-mingw32/bin/../lib/gcc/nios2-elf/5.3.0/../../../../../H-x86_64-mingw32/nios2-elf/lib/mno-hw-mul\libc.a(lib_a-__call_atexit.o)
 .debug_frame   0x0000000000000b90       0x50 c:/intelfpga/16.1/nios2eds/bin/gnu/h-x86_64-mingw32/bin/../lib/gcc/nios2-elf/5.3.0/mno-hw-mul\libgcc.a(lib2-divmod.o)
 .debug_frame   0x0000000000000be0       0x20 c:/intelfpga/16.1/nios2eds/bin/gnu/h-x86_64-mingw32/bin/../lib/gcc/nios2-elf/5.3.0/mno-hw-mul\libgcc.a(lib2-mul.o)
 .debug_frame   0x0000000000000c00       0x2c ../nios_software_bsp/\libhal_bsp.a(alt_exit.o)

.debug_str      0x0000000000000000     0x1d14
 *(.debug_str)
 .debug_str     0x0000000000000000      0x1d2 obj/default/main.o
                                        0x21e (size before relaxing)
 .debug_str     0x00000000000001d2      0x127 ../nios_software_bsp/\libhal_bsp.a(alt_load.o)
                                        0x216 (size before relaxing)
 .debug_str     0x00000000000002f9       0x70 ../nios_software_bsp/\libhal_bsp.a(alt_main.o)
                                        0x1a1 (size before relaxing)
 .debug_str     0x0000000000000369       0x27 ../nios_software_bsp/\libhal_bsp.a(alt_usleep.o)
                                        0x14c (size before relaxing)
 .debug_str     0x0000000000000390      0x19b ../nios_software_bsp/\libhal_bsp.a(alt_sys_init.o)
                                        0x35c (size before relaxing)
 .debug_str     0x000000000000052b       0xb9 ../nios_software_bsp/\libhal_bsp.a(altera_avalon_jtag_uart_fd.o)
                                        0x3a8 (size before relaxing)
 .debug_str     0x00000000000005e4       0xd1 ../nios_software_bsp/\libhal_bsp.a(altera_avalon_jtag_uart_init.o)
                                        0x33c (size before relaxing)
 .debug_str     0x00000000000006b5       0x4a ../nios_software_bsp/\libhal_bsp.a(altera_avalon_jtag_uart_ioctl.o)
                                        0x297 (size before relaxing)
 .debug_str     0x00000000000006ff       0x7f ../nios_software_bsp/\libhal_bsp.a(altera_avalon_jtag_uart_read.o)
                                        0x2ec (size before relaxing)
 .debug_str     0x000000000000077e       0x4a ../nios_software_bsp/\libhal_bsp.a(altera_avalon_jtag_uart_write.o)
                                        0x2ed (size before relaxing)
 .debug_str     0x00000000000007c8       0x59 ../nios_software_bsp/\libhal_bsp.a(alt_alarm_start.o)
                                        0x282 (size before relaxing)
 .debug_str     0x0000000000000821       0x42 ../nios_software_bsp/\libhal_bsp.a(alt_busy_sleep.o)
                                        0x16f (size before relaxing)
 .debug_str     0x0000000000000863       0x44 ../nios_software_bsp/\libhal_bsp.a(alt_close.o)
                                        0x20f (size before relaxing)
 .debug_str     0x00000000000008a7       0x34 ../nios_software_bsp/\libhal_bsp.a(alt_dcache_flush_all.o)
                                        0x159 (size before relaxing)
 .debug_str     0x00000000000008db      0x120 ../nios_software_bsp/\libhal_bsp.a(alt_dev.o)
                                        0x309 (size before relaxing)
 .debug_str     0x00000000000009fb       0x34 ../nios_software_bsp/\libhal_bsp.a(alt_dev_llist_insert.o)
                                        0x1d0 (size before relaxing)
 .debug_str     0x0000000000000a2f       0x48 ../nios_software_bsp/\libhal_bsp.a(alt_do_ctors.o)
                                         0xd4 (size before relaxing)
 .debug_str     0x0000000000000a77       0x4c ../nios_software_bsp/\libhal_bsp.a(alt_do_dtors.o)
                                         0xd3 (size before relaxing)
 .debug_str     0x0000000000000ac3       0x14 ../nios_software_bsp/\libhal_bsp.a(alt_errno.o)
                                        0x149 (size before relaxing)
 .debug_str     0x0000000000000ad7       0x34 ../nios_software_bsp/\libhal_bsp.a(alt_icache_flush_all.o)
                                        0x159 (size before relaxing)
 .debug_str     0x0000000000000b0b       0xc4 ../nios_software_bsp/\libhal_bsp.a(alt_iic.o)
                                        0x242 (size before relaxing)
 .debug_str     0x0000000000000bcf       0x4c ../nios_software_bsp/\libhal_bsp.a(alt_iic_isr_register.o)
                                        0x1ec (size before relaxing)
 .debug_str     0x0000000000000c1b       0x56 ../nios_software_bsp/\libhal_bsp.a(alt_io_redirect.o)
                                        0x31a (size before relaxing)
 .debug_str     0x0000000000000c71       0x3a ../nios_software_bsp/\libhal_bsp.a(alt_irq_handler.o)
                                        0x19b (size before relaxing)
 .debug_str     0x0000000000000cab       0x17 ../nios_software_bsp/\libhal_bsp.a(alt_irq_vars.o)
                                        0x13e (size before relaxing)
 .debug_str     0x0000000000000cc2       0x2f ../nios_software_bsp/\libhal_bsp.a(alt_open.o)
                                        0x24f (size before relaxing)
 .debug_str     0x0000000000000cf1       0x28 ../nios_software_bsp/\libhal_bsp.a(alt_release_fd.o)
                                        0x1d7 (size before relaxing)
 .debug_str     0x0000000000000d19       0x4a ../nios_software_bsp/\libhal_bsp.a(alt_tick.o)
                                        0x256 (size before relaxing)
 .debug_str     0x0000000000000d63       0x3b ../nios_software_bsp/\libhal_bsp.a(altera_nios2_gen2_irq.o)
                                        0x160 (size before relaxing)
 .debug_str     0x0000000000000d9e       0x24 ../nios_software_bsp/\libhal_bsp.a(alt_find_dev.o)
                                        0x1f0 (size before relaxing)
 .debug_str     0x0000000000000dc2       0x26 ../nios_software_bsp/\libhal_bsp.a(alt_find_file.o)
                                        0x1fe (size before relaxing)
 .debug_str     0x0000000000000de8       0x30 ../nios_software_bsp/\libhal_bsp.a(alt_get_fd.o)
                                        0x220 (size before relaxing)
 .debug_str     0x0000000000000e18      0x48b ../nios_software_bsp/\libhal_bsp.a(alt_instruction_exception_entry.o)
                                        0x5a4 (size before relaxing)
 .debug_str     0x00000000000012a3      0x17c c:/intelfpga/16.1/nios2eds/bin/gnu/h-x86_64-mingw32/bin/../lib/gcc/nios2-elf/5.3.0/../../../../../H-x86_64-mingw32/nios2-elf/lib/mno-hw-mul\libc.a(lib_a-atexit.o)
                                        0x221 (size before relaxing)
 .debug_str     0x000000000000141f      0x3b5 c:/intelfpga/16.1/nios2eds/bin/gnu/h-x86_64-mingw32/bin/../lib/gcc/nios2-elf/5.3.0/../../../../../H-x86_64-mingw32/nios2-elf/lib/mno-hw-mul\libc.a(lib_a-exit.o)
                                        0x5be (size before relaxing)
 .debug_str     0x00000000000017d4       0xd6 c:/intelfpga/16.1/nios2eds/bin/gnu/h-x86_64-mingw32/bin/../lib/gcc/nios2-elf/5.3.0/../../../../../H-x86_64-mingw32/nios2-elf/lib/mno-hw-mul\libc.a(lib_a-impure.o)
                                        0x5b5 (size before relaxing)
 .debug_str     0x00000000000018aa       0x3f c:/intelfpga/16.1/nios2eds/bin/gnu/h-x86_64-mingw32/bin/../lib/gcc/nios2-elf/5.3.0/../../../../../H-x86_64-mingw32/nios2-elf/lib/mno-hw-mul\libc.a(lib_a-int_errno.o)
                                        0x1dd (size before relaxing)
 .debug_str     0x00000000000018e9       0xda c:/intelfpga/16.1/nios2eds/bin/gnu/h-x86_64-mingw32/bin/../lib/gcc/nios2-elf/5.3.0/../../../../../H-x86_64-mingw32/nios2-elf/lib/mno-hw-mul\libc.a(lib_a-memcmp.o)
                                        0x1e4 (size before relaxing)
 .debug_str     0x00000000000019c3       0x6b c:/intelfpga/16.1/nios2eds/bin/gnu/h-x86_64-mingw32/bin/../lib/gcc/nios2-elf/5.3.0/../../../../../H-x86_64-mingw32/nios2-elf/lib/mno-hw-mul\libc.a(lib_a-memcpy.o)
                                        0x20b (size before relaxing)
 .debug_str     0x0000000000001a2e       0x51 c:/intelfpga/16.1/nios2eds/bin/gnu/h-x86_64-mingw32/bin/../lib/gcc/nios2-elf/5.3.0/../../../../../H-x86_64-mingw32/nios2-elf/lib/mno-hw-mul\libc.a(lib_a-strlen.o)
                                        0x1f7 (size before relaxing)
 .debug_str     0x0000000000001a7f       0x3f c:/intelfpga/16.1/nios2eds/bin/gnu/h-x86_64-mingw32/bin/../lib/gcc/nios2-elf/5.3.0/../../../../../H-x86_64-mingw32/nios2-elf/lib/mno-hw-mul\libc.a(lib_a-__atexit.o)
                                        0x5f6 (size before relaxing)
 .debug_str     0x0000000000001abe       0x65 c:/intelfpga/16.1/nios2eds/bin/gnu/h-x86_64-mingw32/bin/../lib/gcc/nios2-elf/5.3.0/../../../../../H-x86_64-mingw32/nios2-elf/lib/mno-hw-mul\libc.a(lib_a-__call_atexit.o)
                                        0x5e2 (size before relaxing)
 .debug_str     0x0000000000001b23      0x187 c:/intelfpga/16.1/nios2eds/bin/gnu/h-x86_64-mingw32/bin/../lib/gcc/nios2-elf/5.3.0/mno-hw-mul\libgcc.a(lib2-divmod.o)
                                        0x1d2 (size before relaxing)
 .debug_str     0x0000000000001caa       0x40 c:/intelfpga/16.1/nios2eds/bin/gnu/h-x86_64-mingw32/bin/../lib/gcc/nios2-elf/5.3.0/mno-hw-mul\libgcc.a(lib2-mul.o)
                                        0x193 (size before relaxing)
 .debug_str     0x0000000000001cea       0x2a ../nios_software_bsp/\libhal_bsp.a(alt_exit.o)
                                        0x155 (size before relaxing)

.debug_loc      0x0000000000000000      0xcd1
 *(.debug_loc)
 .debug_loc     0x0000000000000000       0x2c c:/intelfpga/16.1/nios2eds/bin/gnu/h-x86_64-mingw32/bin/../lib/gcc/nios2-elf/5.3.0/../../../../../H-x86_64-mingw32/nios2-elf/lib/mno-hw-mul\libc.a(lib_a-atexit.o)
 .debug_loc     0x000000000000002c       0x1e c:/intelfpga/16.1/nios2eds/bin/gnu/h-x86_64-mingw32/bin/../lib/gcc/nios2-elf/5.3.0/../../../../../H-x86_64-mingw32/nios2-elf/lib/mno-hw-mul\libc.a(lib_a-exit.o)
 .debug_loc     0x000000000000004a      0x126 c:/intelfpga/16.1/nios2eds/bin/gnu/h-x86_64-mingw32/bin/../lib/gcc/nios2-elf/5.3.0/../../../../../H-x86_64-mingw32/nios2-elf/lib/mno-hw-mul\libc.a(lib_a-memcmp.o)
 .debug_loc     0x0000000000000170      0x266 c:/intelfpga/16.1/nios2eds/bin/gnu/h-x86_64-mingw32/bin/../lib/gcc/nios2-elf/5.3.0/../../../../../H-x86_64-mingw32/nios2-elf/lib/mno-hw-mul\libc.a(lib_a-memcpy.o)
 .debug_loc     0x00000000000003d6       0x47 c:/intelfpga/16.1/nios2eds/bin/gnu/h-x86_64-mingw32/bin/../lib/gcc/nios2-elf/5.3.0/../../../../../H-x86_64-mingw32/nios2-elf/lib/mno-hw-mul\libc.a(lib_a-strlen.o)
 .debug_loc     0x000000000000041d      0x185 c:/intelfpga/16.1/nios2eds/bin/gnu/h-x86_64-mingw32/bin/../lib/gcc/nios2-elf/5.3.0/../../../../../H-x86_64-mingw32/nios2-elf/lib/mno-hw-mul\libc.a(lib_a-__atexit.o)
 .debug_loc     0x00000000000005a2      0x1ce c:/intelfpga/16.1/nios2eds/bin/gnu/h-x86_64-mingw32/bin/../lib/gcc/nios2-elf/5.3.0/../../../../../H-x86_64-mingw32/nios2-elf/lib/mno-hw-mul\libc.a(lib_a-__call_atexit.o)
 .debug_loc     0x0000000000000770      0x4ce c:/intelfpga/16.1/nios2eds/bin/gnu/h-x86_64-mingw32/bin/../lib/gcc/nios2-elf/5.3.0/mno-hw-mul\libgcc.a(lib2-divmod.o)
 .debug_loc     0x0000000000000c3e       0x93 c:/intelfpga/16.1/nios2eds/bin/gnu/h-x86_64-mingw32/bin/../lib/gcc/nios2-elf/5.3.0/mno-hw-mul\libgcc.a(lib2-mul.o)

.debug_macinfo
 *(.debug_macinfo)

.debug_weaknames
 *(.debug_weaknames)

.debug_funcnames
 *(.debug_funcnames)

.debug_typenames
 *(.debug_typenames)

.debug_varnames
 *(.debug_varnames)

.debug_alt_sim_info
                0x0000000000000000       0x40
 *(.debug_alt_sim_info)
 .debug_alt_sim_info
                0x0000000000000000       0x10 ../nios_software_bsp//obj/HAL/src/crt0.o
 .debug_alt_sim_info
                0x0000000000000010       0x30 ../nios_software_bsp/\libhal_bsp.a(alt_busy_sleep.o)
                0x0000000000010000                __alt_data_end = 0x10000
                0x0000000000010000                PROVIDE (__alt_stack_pointer, __alt_data_end)
                [!provide]                        PROVIDE (__alt_stack_limit, __alt_stack_base)
                [!provide]                        PROVIDE (__alt_heap_start, end)
                [!provide]                        PROVIDE (__alt_heap_limit, 0x10000)
OUTPUT(nios_software.elf elf32-littlenios2)

.debug_ranges   0x0000000000000000      0x1d8
 .debug_ranges  0x0000000000000000       0x20 ../nios_software_bsp//obj/HAL/src/crt0.o
 .debug_ranges  0x0000000000000020       0x30 ../nios_software_bsp/\libhal_bsp.a(altera_avalon_jtag_uart_init.o)
 .debug_ranges  0x0000000000000050       0x18 ../nios_software_bsp/\libhal_bsp.a(altera_avalon_jtag_uart_read.o)
 .debug_ranges  0x0000000000000068       0x28 ../nios_software_bsp/\libhal_bsp.a(alt_irq_entry.o)
 .debug_ranges  0x0000000000000090       0x10 ../nios_software_bsp/\libhal_bsp.a(alt_irq_handler.o)
 .debug_ranges  0x00000000000000a0       0x30 ../nios_software_bsp/\libhal_bsp.a(alt_exception_entry.o)
 .debug_ranges  0x00000000000000d0       0x18 ../nios_software_bsp/\libhal_bsp.a(alt_instruction_exception_entry.o)
 .debug_ranges  0x00000000000000e8       0x10 c:/intelfpga/16.1/nios2eds/bin/gnu/h-x86_64-mingw32/bin/../lib/gcc/nios2-elf/5.3.0/../../../../../H-x86_64-mingw32/nios2-elf/lib/mno-hw-mul\libc.a(lib_a-atexit.o)
 .debug_ranges  0x00000000000000f8       0x10 c:/intelfpga/16.1/nios2eds/bin/gnu/h-x86_64-mingw32/bin/../lib/gcc/nios2-elf/5.3.0/../../../../../H-x86_64-mingw32/nios2-elf/lib/mno-hw-mul\libc.a(lib_a-exit.o)
 .debug_ranges  0x0000000000000108       0x10 c:/intelfpga/16.1/nios2eds/bin/gnu/h-x86_64-mingw32/bin/../lib/gcc/nios2-elf/5.3.0/../../../../../H-x86_64-mingw32/nios2-elf/lib/mno-hw-mul\libc.a(lib_a-memcmp.o)
 .debug_ranges  0x0000000000000118       0x10 c:/intelfpga/16.1/nios2eds/bin/gnu/h-x86_64-mingw32/bin/../lib/gcc/nios2-elf/5.3.0/../../../../../H-x86_64-mingw32/nios2-elf/lib/mno-hw-mul\libc.a(lib_a-memcpy.o)
 .debug_ranges  0x0000000000000128       0x10 c:/intelfpga/16.1/nios2eds/bin/gnu/h-x86_64-mingw32/bin/../lib/gcc/nios2-elf/5.3.0/../../../../../H-x86_64-mingw32/nios2-elf/lib/mno-hw-mul\libc.a(lib_a-strlen.o)
 .debug_ranges  0x0000000000000138       0x10 c:/intelfpga/16.1/nios2eds/bin/gnu/h-x86_64-mingw32/bin/../lib/gcc/nios2-elf/5.3.0/../../../../../H-x86_64-mingw32/nios2-elf/lib/mno-hw-mul\libc.a(lib_a-__atexit.o)
 .debug_ranges  0x0000000000000148       0x30 c:/intelfpga/16.1/nios2eds/bin/gnu/h-x86_64-mingw32/bin/../lib/gcc/nios2-elf/5.3.0/../../../../../H-x86_64-mingw32/nios2-elf/lib/mno-hw-mul\libc.a(lib_a-__call_atexit.o)
 .debug_ranges  0x0000000000000178       0x60 c:/intelfpga/16.1/nios2eds/bin/gnu/h-x86_64-mingw32/bin/../lib/gcc/nios2-elf/5.3.0/mno-hw-mul\libgcc.a(lib2-divmod.o)
