Archive member included to satisfy reference by file (symbol)

../niosSoftware_bsp/\libhal_bsp.a(alt_load.o)
                              ../niosSoftware_bsp//obj/HAL/src/crt0.o (alt_load)
../niosSoftware_bsp/\libhal_bsp.a(alt_main.o)
                              ../niosSoftware_bsp//obj/HAL/src/crt0.o (alt_main)
../niosSoftware_bsp/\libhal_bsp.a(alt_sys_init.o)
                              ../niosSoftware_bsp/\libhal_bsp.a(alt_main.o) (alt_irq_init)
../niosSoftware_bsp/\libhal_bsp.a(altera_avalon_jtag_uart_fd.o)
                              ../niosSoftware_bsp/\libhal_bsp.a(alt_sys_init.o) (altera_avalon_jtag_uart_read_fd)
../niosSoftware_bsp/\libhal_bsp.a(altera_avalon_jtag_uart_init.o)
                              ../niosSoftware_bsp/\libhal_bsp.a(alt_sys_init.o) (altera_avalon_jtag_uart_init)
../niosSoftware_bsp/\libhal_bsp.a(altera_avalon_jtag_uart_ioctl.o)
                              ../niosSoftware_bsp/\libhal_bsp.a(altera_avalon_jtag_uart_fd.o) (altera_avalon_jtag_uart_ioctl)
../niosSoftware_bsp/\libhal_bsp.a(altera_avalon_jtag_uart_read.o)
                              ../niosSoftware_bsp/\libhal_bsp.a(altera_avalon_jtag_uart_fd.o) (altera_avalon_jtag_uart_read)
../niosSoftware_bsp/\libhal_bsp.a(altera_avalon_jtag_uart_write.o)
                              ../niosSoftware_bsp/\libhal_bsp.a(altera_avalon_jtag_uart_fd.o) (altera_avalon_jtag_uart_write)
../niosSoftware_bsp/\libhal_bsp.a(alt_alarm_start.o)
                              ../niosSoftware_bsp/\libhal_bsp.a(altera_avalon_jtag_uart_init.o) (alt_alarm_start)
../niosSoftware_bsp/\libhal_bsp.a(alt_close.o)
                              ../niosSoftware_bsp/\libhal_bsp.a(alt_main.o) (close)
../niosSoftware_bsp/\libhal_bsp.a(alt_dcache_flush_all.o)
                              ../niosSoftware_bsp/\libhal_bsp.a(alt_load.o) (alt_dcache_flush_all)
../niosSoftware_bsp/\libhal_bsp.a(alt_dev.o)
                              ../niosSoftware_bsp/\libhal_bsp.a(alt_sys_init.o) (alt_dev_list)
../niosSoftware_bsp/\libhal_bsp.a(alt_dev_llist_insert.o)
                              ../niosSoftware_bsp/\libhal_bsp.a(alt_sys_init.o) (alt_dev_llist_insert)
../niosSoftware_bsp/\libhal_bsp.a(alt_do_ctors.o)
                              ../niosSoftware_bsp/\libhal_bsp.a(alt_main.o) (_do_ctors)
../niosSoftware_bsp/\libhal_bsp.a(alt_do_dtors.o)
                              ../niosSoftware_bsp/\libhal_bsp.a(alt_main.o) (_do_dtors)
../niosSoftware_bsp/\libhal_bsp.a(alt_errno.o)
                              ../niosSoftware_bsp/\libhal_bsp.a(alt_close.o) (alt_errno)
../niosSoftware_bsp/\libhal_bsp.a(alt_icache_flush_all.o)
                              ../niosSoftware_bsp/\libhal_bsp.a(alt_load.o) (alt_icache_flush_all)
../niosSoftware_bsp/\libhal_bsp.a(alt_iic.o)
                              ../niosSoftware_bsp/\libhal_bsp.a(altera_avalon_jtag_uart_init.o) (alt_ic_isr_register)
../niosSoftware_bsp/\libhal_bsp.a(alt_iic_isr_register.o)
                              ../niosSoftware_bsp/\libhal_bsp.a(alt_iic.o) (alt_iic_isr_register)
../niosSoftware_bsp/\libhal_bsp.a(alt_io_redirect.o)
                              ../niosSoftware_bsp/\libhal_bsp.a(alt_main.o) (alt_io_redirect)
../niosSoftware_bsp/\libhal_bsp.a(alt_irq_entry.o)
                              ../niosSoftware_bsp/\libhal_bsp.a(alt_iic_isr_register.o) (alt_irq_entry)
../niosSoftware_bsp/\libhal_bsp.a(alt_irq_handler.o)
                              ../niosSoftware_bsp/\libhal_bsp.a(alt_iic_isr_register.o) (alt_irq)
../niosSoftware_bsp/\libhal_bsp.a(alt_irq_vars.o)
                              ../niosSoftware_bsp/\libhal_bsp.a(alt_iic.o) (alt_irq_active)
../niosSoftware_bsp/\libhal_bsp.a(alt_open.o)
                              ../niosSoftware_bsp/\libhal_bsp.a(alt_io_redirect.o) (open)
../niosSoftware_bsp/\libhal_bsp.a(alt_release_fd.o)
                              ../niosSoftware_bsp/\libhal_bsp.a(alt_close.o) (alt_release_fd)
../niosSoftware_bsp/\libhal_bsp.a(alt_tick.o)
                              ../niosSoftware_bsp/\libhal_bsp.a(altera_avalon_jtag_uart_init.o) (_alt_tick_rate)
../niosSoftware_bsp/\libhal_bsp.a(altera_nios2_gen2_irq.o)
                              ../niosSoftware_bsp/\libhal_bsp.a(alt_sys_init.o) (altera_nios2_gen2_irq_init)
../niosSoftware_bsp/\libhal_bsp.a(alt_exception_entry.o)
                              ../niosSoftware_bsp/\libhal_bsp.a(alt_irq_entry.o) (alt_exception)
../niosSoftware_bsp/\libhal_bsp.a(alt_find_dev.o)
                              ../niosSoftware_bsp/\libhal_bsp.a(alt_open.o) (alt_find_dev)
../niosSoftware_bsp/\libhal_bsp.a(alt_find_file.o)
                              ../niosSoftware_bsp/\libhal_bsp.a(alt_open.o) (alt_find_file)
../niosSoftware_bsp/\libhal_bsp.a(alt_get_fd.o)
                              ../niosSoftware_bsp/\libhal_bsp.a(alt_open.o) (alt_get_fd)
../niosSoftware_bsp/\libhal_bsp.a(alt_instruction_exception_entry.o)
                              ../niosSoftware_bsp/\libhal_bsp.a(alt_exception_entry.o) (alt_instruction_exception_entry)
c:/intelfpga/16.1/nios2eds/bin/gnu/h-x86_64-mingw32/bin/../lib/gcc/nios2-elf/5.3.0/../../../../../H-x86_64-mingw32/nios2-elf/lib/mno-hw-mul\libc.a(lib_a-atexit.o)
                              ../niosSoftware_bsp/\libhal_bsp.a(alt_main.o) (atexit)
c:/intelfpga/16.1/nios2eds/bin/gnu/h-x86_64-mingw32/bin/../lib/gcc/nios2-elf/5.3.0/../../../../../H-x86_64-mingw32/nios2-elf/lib/mno-hw-mul\libc.a(lib_a-exit.o)
                              ../niosSoftware_bsp/\libhal_bsp.a(alt_main.o) (exit)
c:/intelfpga/16.1/nios2eds/bin/gnu/h-x86_64-mingw32/bin/../lib/gcc/nios2-elf/5.3.0/../../../../../H-x86_64-mingw32/nios2-elf/lib/mno-hw-mul\libc.a(lib_a-impure.o)
                              c:/intelfpga/16.1/nios2eds/bin/gnu/h-x86_64-mingw32/bin/../lib/gcc/nios2-elf/5.3.0/../../../../../H-x86_64-mingw32/nios2-elf/lib/mno-hw-mul\libc.a(lib_a-exit.o) (_global_impure_ptr)
c:/intelfpga/16.1/nios2eds/bin/gnu/h-x86_64-mingw32/bin/../lib/gcc/nios2-elf/5.3.0/../../../../../H-x86_64-mingw32/nios2-elf/lib/mno-hw-mul\libc.a(lib_a-int_errno.o)
                              ../niosSoftware_bsp/\libhal_bsp.a(alt_close.o) (errno)
c:/intelfpga/16.1/nios2eds/bin/gnu/h-x86_64-mingw32/bin/../lib/gcc/nios2-elf/5.3.0/../../../../../H-x86_64-mingw32/nios2-elf/lib/mno-hw-mul\libc.a(lib_a-memcmp.o)
                              ../niosSoftware_bsp/\libhal_bsp.a(alt_find_dev.o) (memcmp)
c:/intelfpga/16.1/nios2eds/bin/gnu/h-x86_64-mingw32/bin/../lib/gcc/nios2-elf/5.3.0/../../../../../H-x86_64-mingw32/nios2-elf/lib/mno-hw-mul\libc.a(lib_a-memcpy.o)
                              ../niosSoftware_bsp/\libhal_bsp.a(altera_avalon_jtag_uart_read.o) (memcpy)
c:/intelfpga/16.1/nios2eds/bin/gnu/h-x86_64-mingw32/bin/../lib/gcc/nios2-elf/5.3.0/../../../../../H-x86_64-mingw32/nios2-elf/lib/mno-hw-mul\libc.a(lib_a-strlen.o)
                              ../niosSoftware_bsp/\libhal_bsp.a(alt_find_dev.o) (strlen)
c:/intelfpga/16.1/nios2eds/bin/gnu/h-x86_64-mingw32/bin/../lib/gcc/nios2-elf/5.3.0/../../../../../H-x86_64-mingw32/nios2-elf/lib/mno-hw-mul\libc.a(lib_a-__atexit.o)
                              c:/intelfpga/16.1/nios2eds/bin/gnu/h-x86_64-mingw32/bin/../lib/gcc/nios2-elf/5.3.0/../../../../../H-x86_64-mingw32/nios2-elf/lib/mno-hw-mul\libc.a(lib_a-atexit.o) (__register_exitproc)
c:/intelfpga/16.1/nios2eds/bin/gnu/h-x86_64-mingw32/bin/../lib/gcc/nios2-elf/5.3.0/../../../../../H-x86_64-mingw32/nios2-elf/lib/mno-hw-mul\libc.a(lib_a-__call_atexit.o)
                              c:/intelfpga/16.1/nios2eds/bin/gnu/h-x86_64-mingw32/bin/../lib/gcc/nios2-elf/5.3.0/../../../../../H-x86_64-mingw32/nios2-elf/lib/mno-hw-mul\libc.a(lib_a-exit.o) (__call_exitprocs)
c:/intelfpga/16.1/nios2eds/bin/gnu/h-x86_64-mingw32/bin/../lib/gcc/nios2-elf/5.3.0/mno-hw-mul\libgcc.a(lib2-mul.o)
                              ../niosSoftware_bsp/\libhal_bsp.a(alt_close.o) (__mulsi3)
../niosSoftware_bsp/\libhal_bsp.a(alt_exit.o)
                              c:/intelfpga/16.1/nios2eds/bin/gnu/h-x86_64-mingw32/bin/../lib/gcc/nios2-elf/5.3.0/../../../../../H-x86_64-mingw32/nios2-elf/lib/mno-hw-mul\libc.a(lib_a-exit.o) (_exit)

Allocating common symbols
Common symbol       size              file

alt_irq             0x100             ../niosSoftware_bsp/\libhal_bsp.a(alt_irq_handler.o)
errno               0x4               c:/intelfpga/16.1/nios2eds/bin/gnu/h-x86_64-mingw32/bin/../lib/gcc/nios2-elf/5.3.0/../../../../../H-x86_64-mingw32/nios2-elf/lib/mno-hw-mul\libc.a(lib_a-int_errno.o)
keyVal              0x4               obj/default/main.o

Memory Configuration

Name             Origin             Length             Attributes
reset            0x0000000000008000 0x0000000000000020
onchip_memory2_0 0x0000000000008020 0x0000000000007fe0
*default*        0x0000000000000000 0xffffffffffffffff

Linker script and memory map

LOAD ../niosSoftware_bsp//obj/HAL/src/crt0.o
LOAD obj/default/main.o
LOAD c:/intelfpga/16.1/nios2eds/bin/gnu/h-x86_64-mingw32/bin/../lib/gcc/nios2-elf/5.3.0/../../../../../H-x86_64-mingw32/nios2-elf/lib/mno-hw-mul\libstdc++.a
LOAD c:/intelfpga/16.1/nios2eds/bin/gnu/h-x86_64-mingw32/bin/../lib/gcc/nios2-elf/5.3.0/../../../../../H-x86_64-mingw32/nios2-elf/lib/mno-hw-mul\libm.a
LOAD c:/intelfpga/16.1/nios2eds/bin/gnu/h-x86_64-mingw32/bin/../lib/gcc/nios2-elf/5.3.0/mno-hw-mul\libgcc.a
START GROUP
LOAD c:/intelfpga/16.1/nios2eds/bin/gnu/h-x86_64-mingw32/bin/../lib/gcc/nios2-elf/5.3.0/../../../../../H-x86_64-mingw32/nios2-elf/lib/mno-hw-mul\libc.a
LOAD c:/intelfpga/16.1/nios2eds/bin/gnu/h-x86_64-mingw32/bin/../lib/gcc/nios2-elf/5.3.0/mno-hw-mul\libgcc.a
LOAD ../niosSoftware_bsp/\libhal_bsp.a
LOAD c:/intelfpga/16.1/nios2eds/bin/gnu/h-x86_64-mingw32/bin/../lib/gcc/nios2-elf/5.3.0/../../../../../H-x86_64-mingw32/nios2-elf/lib/mno-hw-mul\libm.a
END GROUP
LOAD c:/intelfpga/16.1/nios2eds/bin/gnu/h-x86_64-mingw32/bin/../lib/gcc/nios2-elf/5.3.0/mno-hw-mul\libgcc.a
                0x0000000000008000                __alt_mem_onchip_memory2_0 = 0x8000

.entry          0x0000000000008000       0x20
 *(.entry)
 .entry         0x0000000000008000       0x20 ../niosSoftware_bsp//obj/HAL/src/crt0.o
                0x0000000000008000                __reset

.exceptions     0x0000000000008020      0x210
                0x0000000000008020                PROVIDE (__ram_exceptions_start, ABSOLUTE (.))
                0x0000000000008020                . = ALIGN (0x20)
 *(.irq)
 *(.exceptions.entry.label)
 .exceptions.entry.label
                0x0000000000008020        0x0 ../niosSoftware_bsp/\libhal_bsp.a(alt_irq_entry.o)
                0x0000000000008020                alt_irq_entry
 .exceptions.entry.label
                0x0000000000008020        0x0 ../niosSoftware_bsp/\libhal_bsp.a(alt_exception_entry.o)
                0x0000000000008020                alt_exception
 *(.exceptions.entry.user)
 *(.exceptions.entry.ecc_fatal)
 *(.exceptions.entry)
 .exceptions.entry
                0x0000000000008020       0x54 ../niosSoftware_bsp/\libhal_bsp.a(alt_exception_entry.o)
 *(.exceptions.irqtest.user)
 *(.exceptions.irqtest)
 .exceptions.irqtest
                0x0000000000008074       0x10 ../niosSoftware_bsp/\libhal_bsp.a(alt_irq_entry.o)
 *(.exceptions.irqhandler.user)
 *(.exceptions.irqhandler)
 .exceptions.irqhandler
                0x0000000000008084        0x4 ../niosSoftware_bsp/\libhal_bsp.a(alt_irq_entry.o)
 *(.exceptions.irqreturn.user)
 *(.exceptions.irqreturn)
 .exceptions.irqreturn
                0x0000000000008088        0x4 ../niosSoftware_bsp/\libhal_bsp.a(alt_irq_entry.o)
 *(.exceptions.notirq.label)
 .exceptions.notirq.label
                0x000000000000808c        0x0 ../niosSoftware_bsp/\libhal_bsp.a(alt_irq_entry.o)
 *(.exceptions.notirq.user)
 *(.exceptions.notirq)
 .exceptions.notirq
                0x000000000000808c        0x8 ../niosSoftware_bsp/\libhal_bsp.a(alt_exception_entry.o)
 *(.exceptions.soft.user)
 *(.exceptions.soft)
 *(.exceptions.unknown.user)
 *(.exceptions.unknown)
 .exceptions.unknown
                0x0000000000008094       0x14 ../niosSoftware_bsp/\libhal_bsp.a(alt_exception_entry.o)
 *(.exceptions.exit.label)
 .exceptions.exit.label
                0x00000000000080a8        0x0 ../niosSoftware_bsp/\libhal_bsp.a(alt_irq_entry.o)
 .exceptions.exit.label
                0x00000000000080a8        0x0 ../niosSoftware_bsp/\libhal_bsp.a(alt_exception_entry.o)
 *(.exceptions.exit.user)
 *(.exceptions.exit)
 .exceptions.exit
                0x00000000000080a8       0x54 ../niosSoftware_bsp/\libhal_bsp.a(alt_exception_entry.o)
 *(.exceptions)
 .exceptions    0x00000000000080fc       0xd4 ../niosSoftware_bsp/\libhal_bsp.a(alt_irq_handler.o)
                0x00000000000080fc                alt_irq_handler
 .exceptions    0x00000000000081d0       0x60 ../niosSoftware_bsp/\libhal_bsp.a(alt_instruction_exception_entry.o)
                0x00000000000081d0                alt_instruction_exception_entry
                0x0000000000008230                PROVIDE (__ram_exceptions_end, ABSOLUTE (.))
                0x0000000000008020                PROVIDE (__flash_exceptions_start, LOADADDR (.exceptions))

.text           0x0000000000008230     0x2508
                [!provide]                        PROVIDE (stext, ABSOLUTE (.))
 *(.interp)
 *(.hash)
 *(.dynsym)
 *(.dynstr)
 *(.gnu.version)
 *(.gnu.version_d)
 *(.gnu.version_r)
 *(.rel.init)
 *(.rela.init)
 *(.rel.text .rel.text.* .rel.gnu.linkonce.t.*)
 *(.rela.text .rela.text.* .rela.gnu.linkonce.t.*)
 *(.rel.fini)
 *(.rela.fini)
 *(.rel.rodata .rel.rodata.* .rel.gnu.linkonce.r.*)
 *(.rela.rodata .rela.rodata.* .rela.gnu.linkonce.r.*)
 *(.rel.data .rel.data.* .rel.gnu.linkonce.d.*)
 *(.rela.data .rela.data.* .rela.gnu.linkonce.d.*)
 *(.rel.tdata .rel.tdata.* .rel.gnu.linkonce.td.*)
 *(.rela.tdata .rela.tdata.* .rela.gnu.linkonce.td.*)
 *(.rel.tbss .rel.tbss.* .rel.gnu.linkonce.tb.*)
 *(.rela.tbss .rela.tbss.* .rela.gnu.linkonce.tb.*)
 *(.rel.ctors)
 *(.rela.ctors)
 *(.rel.dtors)
 *(.rela.dtors)
 *(.rel.got)
 *(.rela.got)
 *(.rel.sdata .rel.sdata.* .rel.gnu.linkonce.s.*)
 *(.rela.sdata .rela.sdata.* .rela.gnu.linkonce.s.*)
 *(.rel.sbss .rel.sbss.* .rel.gnu.linkonce.sb.*)
 *(.rela.sbss .rela.sbss.* .rela.gnu.linkonce.sb.*)
 *(.rel.sdata2 .rel.sdata2.* .rel.gnu.linkonce.s2.*)
 *(.rela.sdata2 .rela.sdata2.* .rela.gnu.linkonce.s2.*)
 *(.rel.sbss2 .rel.sbss2.* .rel.gnu.linkonce.sb2.*)
 *(.rela.sbss2 .rela.sbss2.* .rela.gnu.linkonce.sb2.*)
 *(.rel.bss .rel.bss.* .rel.gnu.linkonce.b.*)
 *(.rela.bss .rela.bss.* .rela.gnu.linkonce.b.*)
 *(.rel.plt)
 *(.rela.plt)
 *(.rel.dyn)
 *(.init)
 *(.plt)
 *(.text .stub .text.* .gnu.linkonce.t.*)
 .text          0x0000000000008230       0x3c ../niosSoftware_bsp//obj/HAL/src/crt0.o
                0x0000000000008230                _start
 .text          0x000000000000826c      0x294 obj/default/main.o
                0x000000000000826c                main
                0x000000000000832c                ramConfidenceTest
                0x00000000000083a4                writeData
                0x0000000000008400                ramTestByte
                0x0000000000008484                ramTestHalfwork
 .text          0x0000000000008500       0xec ../niosSoftware_bsp/\libhal_bsp.a(alt_load.o)
                0x0000000000008568                alt_load
 .text          0x00000000000085ec       0x7c ../niosSoftware_bsp/\libhal_bsp.a(alt_main.o)
                0x00000000000085ec                alt_main
 .text          0x0000000000008668       0xb8 ../niosSoftware_bsp/\libhal_bsp.a(alt_sys_init.o)
                0x000000000000869c                alt_irq_init
                0x00000000000086d4                alt_sys_init
 .text          0x0000000000008720      0x164 ../niosSoftware_bsp/\libhal_bsp.a(altera_avalon_jtag_uart_fd.o)
                0x0000000000008720                altera_avalon_jtag_uart_read_fd
                0x0000000000008780                altera_avalon_jtag_uart_write_fd
                0x00000000000087e0                altera_avalon_jtag_uart_close_fd
                0x0000000000008830                altera_avalon_jtag_uart_ioctl_fd
 .text          0x0000000000008884      0x3d4 ../niosSoftware_bsp/\libhal_bsp.a(altera_avalon_jtag_uart_init.o)
                0x0000000000008884                altera_avalon_jtag_uart_init
                0x0000000000008bf0                altera_avalon_jtag_uart_close
 .text          0x0000000000008c58       0xf0 ../niosSoftware_bsp/\libhal_bsp.a(altera_avalon_jtag_uart_ioctl.o)
                0x0000000000008c58                altera_avalon_jtag_uart_ioctl
 .text          0x0000000000008d48      0x21c ../niosSoftware_bsp/\libhal_bsp.a(altera_avalon_jtag_uart_read.o)
                0x0000000000008d48                altera_avalon_jtag_uart_read
 .text          0x0000000000008f64      0x224 ../niosSoftware_bsp/\libhal_bsp.a(altera_avalon_jtag_uart_write.o)
                0x0000000000008f64                altera_avalon_jtag_uart_write
 .text          0x0000000000009188      0x12c ../niosSoftware_bsp/\libhal_bsp.a(alt_alarm_start.o)
                0x0000000000009188                alt_alarm_start
 .text          0x00000000000092b4      0x114 ../niosSoftware_bsp/\libhal_bsp.a(alt_close.o)
                0x00000000000092f0                close
 .text          0x00000000000093c8       0x20 ../niosSoftware_bsp/\libhal_bsp.a(alt_dcache_flush_all.o)
                0x00000000000093c8                alt_dcache_flush_all
 .text          0x00000000000093e8       0x2c ../niosSoftware_bsp/\libhal_bsp.a(alt_dev.o)
 .text          0x0000000000009414       0xe0 ../niosSoftware_bsp/\libhal_bsp.a(alt_dev_llist_insert.o)
                0x0000000000009450                alt_dev_llist_insert
 .text          0x00000000000094f4       0x60 ../niosSoftware_bsp/\libhal_bsp.a(alt_do_ctors.o)
                0x00000000000094f4                _do_ctors
 .text          0x0000000000009554       0x60 ../niosSoftware_bsp/\libhal_bsp.a(alt_do_dtors.o)
                0x0000000000009554                _do_dtors
 .text          0x00000000000095b4        0x0 ../niosSoftware_bsp/\libhal_bsp.a(alt_errno.o)
 .text          0x00000000000095b4       0x20 ../niosSoftware_bsp/\libhal_bsp.a(alt_icache_flush_all.o)
                0x00000000000095b4                alt_icache_flush_all
 .text          0x00000000000095d4      0x1b0 ../niosSoftware_bsp/\libhal_bsp.a(alt_iic.o)
                0x00000000000095d4                alt_ic_isr_register
                0x0000000000009624                alt_ic_irq_enable
                0x00000000000096ac                alt_ic_irq_disable
                0x0000000000009738                alt_ic_irq_enabled
 .text          0x0000000000009784       0xf0 ../niosSoftware_bsp/\libhal_bsp.a(alt_iic_isr_register.o)
                0x0000000000009784                alt_iic_isr_register
 .text          0x0000000000009874      0x160 ../niosSoftware_bsp/\libhal_bsp.a(alt_io_redirect.o)
                0x0000000000009958                alt_io_redirect
 .text          0x00000000000099d4        0x0 ../niosSoftware_bsp/\libhal_bsp.a(alt_irq_entry.o)
 .text          0x00000000000099d4        0x0 ../niosSoftware_bsp/\libhal_bsp.a(alt_irq_handler.o)
 .text          0x00000000000099d4        0x0 ../niosSoftware_bsp/\libhal_bsp.a(alt_irq_vars.o)
 .text          0x00000000000099d4      0x284 ../niosSoftware_bsp/\libhal_bsp.a(alt_open.o)
                0x0000000000009afc                open
 .text          0x0000000000009c58       0x84 ../niosSoftware_bsp/\libhal_bsp.a(alt_release_fd.o)
                0x0000000000009c58                alt_release_fd
 .text          0x0000000000009cdc      0x1a4 ../niosSoftware_bsp/\libhal_bsp.a(alt_tick.o)
                0x0000000000009cdc                alt_alarm_stop
                0x0000000000009d78                alt_tick
 .text          0x0000000000009e80       0x24 ../niosSoftware_bsp/\libhal_bsp.a(altera_nios2_gen2_irq.o)
                0x0000000000009e80                altera_nios2_gen2_irq_init
 .text          0x0000000000009ea4        0x0 ../niosSoftware_bsp/\libhal_bsp.a(alt_exception_entry.o)
 .text          0x0000000000009ea4       0x90 ../niosSoftware_bsp/\libhal_bsp.a(alt_find_dev.o)
                0x0000000000009ea4                alt_find_dev
 .text          0x0000000000009f34      0x108 ../niosSoftware_bsp/\libhal_bsp.a(alt_find_file.o)
                0x0000000000009f34                alt_find_file
 .text          0x000000000000a03c       0xc4 ../niosSoftware_bsp/\libhal_bsp.a(alt_get_fd.o)
                0x000000000000a03c                alt_get_fd
 .text          0x000000000000a100       0x9c ../niosSoftware_bsp/\libhal_bsp.a(alt_instruction_exception_entry.o)
                0x000000000000a100                alt_exception_cause_generated_bad_addr
 .text          0x000000000000a19c        0x0 c:/intelfpga/16.1/nios2eds/bin/gnu/h-x86_64-mingw32/bin/../lib/gcc/nios2-elf/5.3.0/../../../../../H-x86_64-mingw32/nios2-elf/lib/mno-hw-mul\libc.a(lib_a-atexit.o)
 .text.atexit   0x000000000000a19c       0x14 c:/intelfpga/16.1/nios2eds/bin/gnu/h-x86_64-mingw32/bin/../lib/gcc/nios2-elf/5.3.0/../../../../../H-x86_64-mingw32/nios2-elf/lib/mno-hw-mul\libc.a(lib_a-atexit.o)
                0x000000000000a19c                atexit
 .text          0x000000000000a1b0        0x0 c:/intelfpga/16.1/nios2eds/bin/gnu/h-x86_64-mingw32/bin/../lib/gcc/nios2-elf/5.3.0/../../../../../H-x86_64-mingw32/nios2-elf/lib/mno-hw-mul\libc.a(lib_a-exit.o)
 .text.exit     0x000000000000a1b0       0x38 c:/intelfpga/16.1/nios2eds/bin/gnu/h-x86_64-mingw32/bin/../lib/gcc/nios2-elf/5.3.0/../../../../../H-x86_64-mingw32/nios2-elf/lib/mno-hw-mul\libc.a(lib_a-exit.o)
                0x000000000000a1b0                exit
 .text          0x000000000000a1e8        0x0 c:/intelfpga/16.1/nios2eds/bin/gnu/h-x86_64-mingw32/bin/../lib/gcc/nios2-elf/5.3.0/../../../../../H-x86_64-mingw32/nios2-elf/lib/mno-hw-mul\libc.a(lib_a-impure.o)
 .text          0x000000000000a1e8        0x0 c:/intelfpga/16.1/nios2eds/bin/gnu/h-x86_64-mingw32/bin/../lib/gcc/nios2-elf/5.3.0/../../../../../H-x86_64-mingw32/nios2-elf/lib/mno-hw-mul\libc.a(lib_a-int_errno.o)
 .text          0x000000000000a1e8        0x0 c:/intelfpga/16.1/nios2eds/bin/gnu/h-x86_64-mingw32/bin/../lib/gcc/nios2-elf/5.3.0/../../../../../H-x86_64-mingw32/nios2-elf/lib/mno-hw-mul\libc.a(lib_a-memcmp.o)
 .text.memcmp   0x000000000000a1e8       0x7c c:/intelfpga/16.1/nios2eds/bin/gnu/h-x86_64-mingw32/bin/../lib/gcc/nios2-elf/5.3.0/../../../../../H-x86_64-mingw32/nios2-elf/lib/mno-hw-mul\libc.a(lib_a-memcmp.o)
                0x000000000000a1e8                memcmp
 .text          0x000000000000a264        0x0 c:/intelfpga/16.1/nios2eds/bin/gnu/h-x86_64-mingw32/bin/../lib/gcc/nios2-elf/5.3.0/../../../../../H-x86_64-mingw32/nios2-elf/lib/mno-hw-mul\libc.a(lib_a-memcpy.o)
 .text.memcpy   0x000000000000a264      0x148 c:/intelfpga/16.1/nios2eds/bin/gnu/h-x86_64-mingw32/bin/../lib/gcc/nios2-elf/5.3.0/../../../../../H-x86_64-mingw32/nios2-elf/lib/mno-hw-mul\libc.a(lib_a-memcpy.o)
                0x000000000000a264                memcpy
 .text          0x000000000000a3ac        0x0 c:/intelfpga/16.1/nios2eds/bin/gnu/h-x86_64-mingw32/bin/../lib/gcc/nios2-elf/5.3.0/../../../../../H-x86_64-mingw32/nios2-elf/lib/mno-hw-mul\libc.a(lib_a-strlen.o)
 .text.strlen   0x000000000000a3ac       0x98 c:/intelfpga/16.1/nios2eds/bin/gnu/h-x86_64-mingw32/bin/../lib/gcc/nios2-elf/5.3.0/../../../../../H-x86_64-mingw32/nios2-elf/lib/mno-hw-mul\libc.a(lib_a-strlen.o)
                0x000000000000a3ac                strlen
 .text          0x000000000000a444        0x0 c:/intelfpga/16.1/nios2eds/bin/gnu/h-x86_64-mingw32/bin/../lib/gcc/nios2-elf/5.3.0/../../../../../H-x86_64-mingw32/nios2-elf/lib/mno-hw-mul\libc.a(lib_a-__atexit.o)
 .text.__register_exitproc
                0x000000000000a444      0x118 c:/intelfpga/16.1/nios2eds/bin/gnu/h-x86_64-mingw32/bin/../lib/gcc/nios2-elf/5.3.0/../../../../../H-x86_64-mingw32/nios2-elf/lib/mno-hw-mul\libc.a(lib_a-__atexit.o)
                0x000000000000a444                __register_exitproc
 .text          0x000000000000a55c        0x0 c:/intelfpga/16.1/nios2eds/bin/gnu/h-x86_64-mingw32/bin/../lib/gcc/nios2-elf/5.3.0/../../../../../H-x86_64-mingw32/nios2-elf/lib/mno-hw-mul\libc.a(lib_a-__call_atexit.o)
 .text.__call_exitprocs
                0x000000000000a55c      0x180 c:/intelfpga/16.1/nios2eds/bin/gnu/h-x86_64-mingw32/bin/../lib/gcc/nios2-elf/5.3.0/../../../../../H-x86_64-mingw32/nios2-elf/lib/mno-hw-mul\libc.a(lib_a-__call_atexit.o)
                0x000000000000a55c                __call_exitprocs
 .text          0x000000000000a6dc       0x28 c:/intelfpga/16.1/nios2eds/bin/gnu/h-x86_64-mingw32/bin/../lib/gcc/nios2-elf/5.3.0/mno-hw-mul\libgcc.a(lib2-mul.o)
                0x000000000000a6dc                __mulsi3
 .text          0x000000000000a704       0x34 ../niosSoftware_bsp/\libhal_bsp.a(alt_exit.o)
                0x000000000000a704                _exit
 *(.gnu.warning.*)
 *(.fini)
                [!provide]                        PROVIDE (__etext, ABSOLUTE (.))
                [!provide]                        PROVIDE (_etext, ABSOLUTE (.))
                [!provide]                        PROVIDE (etext, ABSOLUTE (.))
 *(.eh_frame_hdr)
                0x000000000000a738                . = ALIGN (0x4)
                [!provide]                        PROVIDE (__preinit_array_start, ABSOLUTE (.))
 *(.preinit_array)
                [!provide]                        PROVIDE (__preinit_array_end, ABSOLUTE (.))
                [!provide]                        PROVIDE (__init_array_start, ABSOLUTE (.))
 *(.init_array)
                [!provide]                        PROVIDE (__init_array_end, ABSOLUTE (.))
                [!provide]                        PROVIDE (__fini_array_start, ABSOLUTE (.))
 *(.fini_array)
                [!provide]                        PROVIDE (__fini_array_end, ABSOLUTE (.))
 *(.eh_frame)
 *(.gcc_except_table .gcc_except_table.*)
 *(.dynamic)
                0x000000000000a738                PROVIDE (__CTOR_LIST__, ABSOLUTE (.))
 *(.ctors)
 *(SORT(.ctors.*))
                0x000000000000a738                PROVIDE (__CTOR_END__, ABSOLUTE (.))
                0x000000000000a738                PROVIDE (__DTOR_LIST__, ABSOLUTE (.))
 *(.dtors)
 *(SORT(.dtors.*))
                0x000000000000a738                PROVIDE (__DTOR_END__, ABSOLUTE (.))
 *(.jcr)
                0x000000000000a738                . = ALIGN (0x4)

.rodata         0x000000000000a738       0x38
                0x000000000000a738                PROVIDE (__ram_rodata_start, ABSOLUTE (.))
                0x000000000000a738                . = ALIGN (0x4)
 *(.rodata .rodata.* .gnu.linkonce.r.*)
 .rodata        0x000000000000a738       0x11 ../niosSoftware_bsp/\libhal_bsp.a(alt_main.o)
 *fill*         0x000000000000a749        0x3 
 .rodata        0x000000000000a74c       0x11 ../niosSoftware_bsp/\libhal_bsp.a(alt_sys_init.o)
 *fill*         0x000000000000a75d        0x3 
 .rodata        0x000000000000a760        0xa ../niosSoftware_bsp/\libhal_bsp.a(alt_dev.o)
 *fill*         0x000000000000a76a        0x2 
 .rodata.str1.4
                0x000000000000a76c        0x4 c:/intelfpga/16.1/nios2eds/bin/gnu/h-x86_64-mingw32/bin/../lib/gcc/nios2-elf/5.3.0/../../../../../H-x86_64-mingw32/nios2-elf/lib/mno-hw-mul\libc.a(lib_a-impure.o)
                                          0x2 (size before relaxing)
 *(.rodata1)
                0x000000000000a770                . = ALIGN (0x4)
                0x000000000000a770                PROVIDE (__ram_rodata_end, ABSOLUTE (.))
                0x000000000000a738                PROVIDE (__flash_rodata_start, LOADADDR (.rodata))

.rwdata         0x000000000000a770     0x1660 load address 0x000000000000bdd0
                0x000000000000a770                PROVIDE (__ram_rwdata_start, ABSOLUTE (.))
                0x000000000000a770                . = ALIGN (0x4)
 *(.got.plt)
 *(.got)
 *(.data1)
 *(.data .data.* .gnu.linkonce.d.*)
 .data          0x000000000000a770        0x0 ../niosSoftware_bsp//obj/HAL/src/crt0.o
 .data          0x000000000000a770        0x0 obj/default/main.o
 .data          0x000000000000a770        0x0 ../niosSoftware_bsp/\libhal_bsp.a(alt_load.o)
 .data          0x000000000000a770        0x0 ../niosSoftware_bsp/\libhal_bsp.a(alt_main.o)
 .data          0x000000000000a770     0x1060 ../niosSoftware_bsp/\libhal_bsp.a(alt_sys_init.o)
 .data          0x000000000000b7d0        0x0 ../niosSoftware_bsp/\libhal_bsp.a(altera_avalon_jtag_uart_fd.o)
 .data          0x000000000000b7d0        0x0 ../niosSoftware_bsp/\libhal_bsp.a(altera_avalon_jtag_uart_init.o)
 .data          0x000000000000b7d0        0x0 ../niosSoftware_bsp/\libhal_bsp.a(altera_avalon_jtag_uart_ioctl.o)
 .data          0x000000000000b7d0        0x0 ../niosSoftware_bsp/\libhal_bsp.a(altera_avalon_jtag_uart_read.o)
 .data          0x000000000000b7d0        0x0 ../niosSoftware_bsp/\libhal_bsp.a(altera_avalon_jtag_uart_write.o)
 .data          0x000000000000b7d0        0x0 ../niosSoftware_bsp/\libhal_bsp.a(alt_alarm_start.o)
 .data          0x000000000000b7d0        0x0 ../niosSoftware_bsp/\libhal_bsp.a(alt_close.o)
 .data          0x000000000000b7d0        0x0 ../niosSoftware_bsp/\libhal_bsp.a(alt_dcache_flush_all.o)
 .data          0x000000000000b7d0      0x1a8 ../niosSoftware_bsp/\libhal_bsp.a(alt_dev.o)
                0x000000000000b7d0                alt_dev_null
                0x000000000000b7f8                alt_fd_list
 .data          0x000000000000b978        0x0 ../niosSoftware_bsp/\libhal_bsp.a(alt_dev_llist_insert.o)
 .data          0x000000000000b978        0x0 ../niosSoftware_bsp/\libhal_bsp.a(alt_do_ctors.o)
 .data          0x000000000000b978        0x0 ../niosSoftware_bsp/\libhal_bsp.a(alt_do_dtors.o)
 .data          0x000000000000b978        0x0 ../niosSoftware_bsp/\libhal_bsp.a(alt_errno.o)
 .data          0x000000000000b978        0x0 ../niosSoftware_bsp/\libhal_bsp.a(alt_icache_flush_all.o)
 .data          0x000000000000b978        0x0 ../niosSoftware_bsp/\libhal_bsp.a(alt_iic.o)
 .data          0x000000000000b978        0x0 ../niosSoftware_bsp/\libhal_bsp.a(alt_iic_isr_register.o)
 .data          0x000000000000b978        0x0 ../niosSoftware_bsp/\libhal_bsp.a(alt_io_redirect.o)
 .data          0x000000000000b978        0x0 ../niosSoftware_bsp/\libhal_bsp.a(alt_irq_entry.o)
 .data          0x000000000000b978        0x0 ../niosSoftware_bsp/\libhal_bsp.a(alt_irq_handler.o)
 .data          0x000000000000b978        0x0 ../niosSoftware_bsp/\libhal_bsp.a(alt_irq_vars.o)
 .data          0x000000000000b978        0x0 ../niosSoftware_bsp/\libhal_bsp.a(alt_open.o)
 .data          0x000000000000b978        0x0 ../niosSoftware_bsp/\libhal_bsp.a(alt_release_fd.o)
 .data          0x000000000000b978        0x0 ../niosSoftware_bsp/\libhal_bsp.a(alt_tick.o)
 .data          0x000000000000b978        0x0 ../niosSoftware_bsp/\libhal_bsp.a(altera_nios2_gen2_irq.o)
 .data          0x000000000000b978        0x0 ../niosSoftware_bsp/\libhal_bsp.a(alt_exception_entry.o)
 .data          0x000000000000b978        0x0 ../niosSoftware_bsp/\libhal_bsp.a(alt_find_dev.o)
 .data          0x000000000000b978        0x0 ../niosSoftware_bsp/\libhal_bsp.a(alt_find_file.o)
 .data          0x000000000000b978        0x0 ../niosSoftware_bsp/\libhal_bsp.a(alt_get_fd.o)
 .data          0x000000000000b978        0x0 ../niosSoftware_bsp/\libhal_bsp.a(alt_instruction_exception_entry.o)
 .data          0x000000000000b978        0x0 c:/intelfpga/16.1/nios2eds/bin/gnu/h-x86_64-mingw32/bin/../lib/gcc/nios2-elf/5.3.0/../../../../../H-x86_64-mingw32/nios2-elf/lib/mno-hw-mul\libc.a(lib_a-atexit.o)
 .data          0x000000000000b978        0x0 c:/intelfpga/16.1/nios2eds/bin/gnu/h-x86_64-mingw32/bin/../lib/gcc/nios2-elf/5.3.0/../../../../../H-x86_64-mingw32/nios2-elf/lib/mno-hw-mul\libc.a(lib_a-exit.o)
 .data          0x000000000000b978        0x0 c:/intelfpga/16.1/nios2eds/bin/gnu/h-x86_64-mingw32/bin/../lib/gcc/nios2-elf/5.3.0/../../../../../H-x86_64-mingw32/nios2-elf/lib/mno-hw-mul\libc.a(lib_a-impure.o)
 .data.impure_data
                0x000000000000b978      0x424 c:/intelfpga/16.1/nios2eds/bin/gnu/h-x86_64-mingw32/bin/../lib/gcc/nios2-elf/5.3.0/../../../../../H-x86_64-mingw32/nios2-elf/lib/mno-hw-mul\libc.a(lib_a-impure.o)
 .data          0x000000000000bd9c        0x0 c:/intelfpga/16.1/nios2eds/bin/gnu/h-x86_64-mingw32/bin/../lib/gcc/nios2-elf/5.3.0/../../../../../H-x86_64-mingw32/nios2-elf/lib/mno-hw-mul\libc.a(lib_a-int_errno.o)
 .data          0x000000000000bd9c        0x0 c:/intelfpga/16.1/nios2eds/bin/gnu/h-x86_64-mingw32/bin/../lib/gcc/nios2-elf/5.3.0/../../../../../H-x86_64-mingw32/nios2-elf/lib/mno-hw-mul\libc.a(lib_a-memcmp.o)
 .data          0x000000000000bd9c        0x0 c:/intelfpga/16.1/nios2eds/bin/gnu/h-x86_64-mingw32/bin/../lib/gcc/nios2-elf/5.3.0/../../../../../H-x86_64-mingw32/nios2-elf/lib/mno-hw-mul\libc.a(lib_a-memcpy.o)
 .data          0x000000000000bd9c        0x0 c:/intelfpga/16.1/nios2eds/bin/gnu/h-x86_64-mingw32/bin/../lib/gcc/nios2-elf/5.3.0/../../../../../H-x86_64-mingw32/nios2-elf/lib/mno-hw-mul\libc.a(lib_a-strlen.o)
 .data          0x000000000000bd9c        0x0 c:/intelfpga/16.1/nios2eds/bin/gnu/h-x86_64-mingw32/bin/../lib/gcc/nios2-elf/5.3.0/../../../../../H-x86_64-mingw32/nios2-elf/lib/mno-hw-mul\libc.a(lib_a-__atexit.o)
 .data          0x000000000000bd9c        0x0 c:/intelfpga/16.1/nios2eds/bin/gnu/h-x86_64-mingw32/bin/../lib/gcc/nios2-elf/5.3.0/../../../../../H-x86_64-mingw32/nios2-elf/lib/mno-hw-mul\libc.a(lib_a-__call_atexit.o)
 .data          0x000000000000bd9c        0x0 c:/intelfpga/16.1/nios2eds/bin/gnu/h-x86_64-mingw32/bin/../lib/gcc/nios2-elf/5.3.0/mno-hw-mul\libgcc.a(lib2-mul.o)
 .data          0x000000000000bd9c        0x0 ../niosSoftware_bsp/\libhal_bsp.a(alt_exit.o)
                0x0000000000013d9c                _gp = ABSOLUTE ((. + 0x8000))
                [!provide]                        PROVIDE (gp, _gp)
 *(.rwdata .rwdata.*)
 *(.sdata .sdata.* .gnu.linkonce.s.*)
 .sdata         0x000000000000bd9c        0x8 obj/default/main.o
                0x000000000000bd9c                ledPtr
                0x000000000000bda0                keyptr
 .sdata         0x000000000000bda4       0x14 ../niosSoftware_bsp/\libhal_bsp.a(alt_dev.o)
                0x000000000000bda4                alt_fs_list
                0x000000000000bdac                alt_dev_list
                0x000000000000bdb4                alt_max_fd
 .sdata         0x000000000000bdb8        0x4 ../niosSoftware_bsp/\libhal_bsp.a(alt_errno.o)
                0x000000000000bdb8                alt_errno
 .sdata         0x000000000000bdbc        0x4 ../niosSoftware_bsp/\libhal_bsp.a(alt_irq_vars.o)
                0x000000000000bdbc                alt_priority_mask
 .sdata         0x000000000000bdc0        0x8 ../niosSoftware_bsp/\libhal_bsp.a(alt_tick.o)
                0x000000000000bdc0                alt_alarm_list
 .sdata._global_impure_ptr
                0x000000000000bdc8        0x4 c:/intelfpga/16.1/nios2eds/bin/gnu/h-x86_64-mingw32/bin/../lib/gcc/nios2-elf/5.3.0/../../../../../H-x86_64-mingw32/nios2-elf/lib/mno-hw-mul\libc.a(lib_a-impure.o)
                0x000000000000bdc8                _global_impure_ptr
 .sdata._impure_ptr
                0x000000000000bdcc        0x4 c:/intelfpga/16.1/nios2eds/bin/gnu/h-x86_64-mingw32/bin/../lib/gcc/nios2-elf/5.3.0/../../../../../H-x86_64-mingw32/nios2-elf/lib/mno-hw-mul\libc.a(lib_a-impure.o)
                0x000000000000bdcc                _impure_ptr
 *(.sdata2 .sdata2.* .gnu.linkonce.s2.*)
                0x000000000000bdd0                . = ALIGN (0x4)
                0x000000000000bdd0                _edata = ABSOLUTE (.)
                [!provide]                        PROVIDE (edata, ABSOLUTE (.))
                0x000000000000bdd0                PROVIDE (__ram_rwdata_end, ABSOLUTE (.))
                0x000000000000bdd0                PROVIDE (__flash_rwdata_start, LOADADDR (.rwdata))

.bss            0x000000000000d430      0x130
                0x000000000000d430                __bss_start = ABSOLUTE (.)
                [!provide]                        PROVIDE (__sbss_start, ABSOLUTE (.))
                [!provide]                        PROVIDE (___sbss_start, ABSOLUTE (.))
 *(.dynsbss)
 *(.sbss .sbss.* .gnu.linkonce.sb.*)
 .sbss          0x000000000000d430        0xa obj/default/main.o
                0x000000000000d430                addr
                0x000000000000d434                ledVal
                0x000000000000d438                count
 *fill*         0x000000000000d43a        0x2 
 .sbss          0x000000000000d43c        0x4 obj/default/main.o
                0x000000000000d43c                keyVal
 .sbss          0x000000000000d440        0xc ../niosSoftware_bsp/\libhal_bsp.a(alt_main.o)
                0x000000000000d440                alt_argc
                0x000000000000d444                alt_argv
                0x000000000000d448                alt_envp
 .sbss          0x000000000000d44c        0x4 ../niosSoftware_bsp/\libhal_bsp.a(alt_irq_vars.o)
                0x000000000000d44c                alt_irq_active
 .sbss          0x000000000000d450        0x8 ../niosSoftware_bsp/\libhal_bsp.a(alt_tick.o)
                0x000000000000d450                _alt_tick_rate
                0x000000000000d454                _alt_nticks
 .sbss          0x000000000000d458        0x4 ../niosSoftware_bsp/\libhal_bsp.a(alt_instruction_exception_entry.o)
                0x000000000000d458                alt_instruction_exception_handler
 .sbss          0x000000000000d45c        0x4 c:/intelfpga/16.1/nios2eds/bin/gnu/h-x86_64-mingw32/bin/../lib/gcc/nios2-elf/5.3.0/../../../../../H-x86_64-mingw32/nios2-elf/lib/mno-hw-mul\libc.a(lib_a-int_errno.o)
                0x000000000000d45c                errno
 *(.sbss2 .sbss2.* .gnu.linkonce.sb2.*)
 *(.scommon)
                [!provide]                        PROVIDE (__sbss_end, ABSOLUTE (.))
                [!provide]                        PROVIDE (___sbss_end, ABSOLUTE (.))
 *(.dynbss)
 *(.bss .bss.* .gnu.linkonce.b.*)
 .bss           0x000000000000d460        0x0 ../niosSoftware_bsp//obj/HAL/src/crt0.o
 .bss           0x000000000000d460        0x0 obj/default/main.o
 .bss           0x000000000000d460        0x0 ../niosSoftware_bsp/\libhal_bsp.a(alt_load.o)
 .bss           0x000000000000d460        0x0 ../niosSoftware_bsp/\libhal_bsp.a(alt_main.o)
 .bss           0x000000000000d460        0x0 ../niosSoftware_bsp/\libhal_bsp.a(alt_sys_init.o)
 .bss           0x000000000000d460        0x0 ../niosSoftware_bsp/\libhal_bsp.a(altera_avalon_jtag_uart_fd.o)
 .bss           0x000000000000d460        0x0 ../niosSoftware_bsp/\libhal_bsp.a(altera_avalon_jtag_uart_init.o)
 .bss           0x000000000000d460        0x0 ../niosSoftware_bsp/\libhal_bsp.a(altera_avalon_jtag_uart_ioctl.o)
 .bss           0x000000000000d460        0x0 ../niosSoftware_bsp/\libhal_bsp.a(altera_avalon_jtag_uart_read.o)
 .bss           0x000000000000d460        0x0 ../niosSoftware_bsp/\libhal_bsp.a(altera_avalon_jtag_uart_write.o)
 .bss           0x000000000000d460        0x0 ../niosSoftware_bsp/\libhal_bsp.a(alt_alarm_start.o)
 .bss           0x000000000000d460        0x0 ../niosSoftware_bsp/\libhal_bsp.a(alt_close.o)
 .bss           0x000000000000d460        0x0 ../niosSoftware_bsp/\libhal_bsp.a(alt_dcache_flush_all.o)
 .bss           0x000000000000d460        0x0 ../niosSoftware_bsp/\libhal_bsp.a(alt_dev.o)
 .bss           0x000000000000d460        0x0 ../niosSoftware_bsp/\libhal_bsp.a(alt_dev_llist_insert.o)
 .bss           0x000000000000d460        0x0 ../niosSoftware_bsp/\libhal_bsp.a(alt_do_ctors.o)
 .bss           0x000000000000d460        0x0 ../niosSoftware_bsp/\libhal_bsp.a(alt_do_dtors.o)
 .bss           0x000000000000d460        0x0 ../niosSoftware_bsp/\libhal_bsp.a(alt_errno.o)
 .bss           0x000000000000d460        0x0 ../niosSoftware_bsp/\libhal_bsp.a(alt_icache_flush_all.o)
 .bss           0x000000000000d460        0x0 ../niosSoftware_bsp/\libhal_bsp.a(alt_iic.o)
 .bss           0x000000000000d460        0x0 ../niosSoftware_bsp/\libhal_bsp.a(alt_iic_isr_register.o)
 .bss           0x000000000000d460        0x0 ../niosSoftware_bsp/\libhal_bsp.a(alt_io_redirect.o)
 .bss           0x000000000000d460        0x0 ../niosSoftware_bsp/\libhal_bsp.a(alt_irq_entry.o)
 .bss           0x000000000000d460        0x0 ../niosSoftware_bsp/\libhal_bsp.a(alt_irq_handler.o)
 .bss           0x000000000000d460        0x0 ../niosSoftware_bsp/\libhal_bsp.a(alt_irq_vars.o)
 .bss           0x000000000000d460        0x0 ../niosSoftware_bsp/\libhal_bsp.a(alt_open.o)
 .bss           0x000000000000d460        0x0 ../niosSoftware_bsp/\libhal_bsp.a(alt_release_fd.o)
 .bss           0x000000000000d460        0x0 ../niosSoftware_bsp/\libhal_bsp.a(alt_tick.o)
 .bss           0x000000000000d460        0x0 ../niosSoftware_bsp/\libhal_bsp.a(altera_nios2_gen2_irq.o)
 .bss           0x000000000000d460        0x0 ../niosSoftware_bsp/\libhal_bsp.a(alt_exception_entry.o)
 .bss           0x000000000000d460        0x0 ../niosSoftware_bsp/\libhal_bsp.a(alt_find_dev.o)
 .bss           0x000000000000d460        0x0 ../niosSoftware_bsp/\libhal_bsp.a(alt_find_file.o)
 .bss           0x000000000000d460        0x0 ../niosSoftware_bsp/\libhal_bsp.a(alt_get_fd.o)
 .bss           0x000000000000d460        0x0 ../niosSoftware_bsp/\libhal_bsp.a(alt_instruction_exception_entry.o)
 .bss           0x000000000000d460        0x0 c:/intelfpga/16.1/nios2eds/bin/gnu/h-x86_64-mingw32/bin/../lib/gcc/nios2-elf/5.3.0/../../../../../H-x86_64-mingw32/nios2-elf/lib/mno-hw-mul\libc.a(lib_a-atexit.o)
 .bss           0x000000000000d460        0x0 c:/intelfpga/16.1/nios2eds/bin/gnu/h-x86_64-mingw32/bin/../lib/gcc/nios2-elf/5.3.0/../../../../../H-x86_64-mingw32/nios2-elf/lib/mno-hw-mul\libc.a(lib_a-exit.o)
 .bss           0x000000000000d460        0x0 c:/intelfpga/16.1/nios2eds/bin/gnu/h-x86_64-mingw32/bin/../lib/gcc/nios2-elf/5.3.0/../../../../../H-x86_64-mingw32/nios2-elf/lib/mno-hw-mul\libc.a(lib_a-impure.o)
 .bss           0x000000000000d460        0x0 c:/intelfpga/16.1/nios2eds/bin/gnu/h-x86_64-mingw32/bin/../lib/gcc/nios2-elf/5.3.0/../../../../../H-x86_64-mingw32/nios2-elf/lib/mno-hw-mul\libc.a(lib_a-int_errno.o)
 .bss           0x000000000000d460        0x0 c:/intelfpga/16.1/nios2eds/bin/gnu/h-x86_64-mingw32/bin/../lib/gcc/nios2-elf/5.3.0/../../../../../H-x86_64-mingw32/nios2-elf/lib/mno-hw-mul\libc.a(lib_a-memcmp.o)
 .bss           0x000000000000d460        0x0 c:/intelfpga/16.1/nios2eds/bin/gnu/h-x86_64-mingw32/bin/../lib/gcc/nios2-elf/5.3.0/../../../../../H-x86_64-mingw32/nios2-elf/lib/mno-hw-mul\libc.a(lib_a-memcpy.o)
 .bss           0x000000000000d460        0x0 c:/intelfpga/16.1/nios2eds/bin/gnu/h-x86_64-mingw32/bin/../lib/gcc/nios2-elf/5.3.0/../../../../../H-x86_64-mingw32/nios2-elf/lib/mno-hw-mul\libc.a(lib_a-strlen.o)
 .bss           0x000000000000d460        0x0 c:/intelfpga/16.1/nios2eds/bin/gnu/h-x86_64-mingw32/bin/../lib/gcc/nios2-elf/5.3.0/../../../../../H-x86_64-mingw32/nios2-elf/lib/mno-hw-mul\libc.a(lib_a-__atexit.o)
 .bss           0x000000000000d460        0x0 c:/intelfpga/16.1/nios2eds/bin/gnu/h-x86_64-mingw32/bin/../lib/gcc/nios2-elf/5.3.0/../../../../../H-x86_64-mingw32/nios2-elf/lib/mno-hw-mul\libc.a(lib_a-__call_atexit.o)
 .bss           0x000000000000d460        0x0 c:/intelfpga/16.1/nios2eds/bin/gnu/h-x86_64-mingw32/bin/../lib/gcc/nios2-elf/5.3.0/mno-hw-mul\libgcc.a(lib2-mul.o)
 .bss           0x000000000000d460        0x0 ../niosSoftware_bsp/\libhal_bsp.a(alt_exit.o)
 *(COMMON)
 COMMON         0x000000000000d460      0x100 ../niosSoftware_bsp/\libhal_bsp.a(alt_irq_handler.o)
                0x000000000000d460                alt_irq
                0x000000000000d560                . = ALIGN (0x4)
                0x000000000000d560                __bss_end = ABSOLUTE (.)

.onchip_memory2_0
                0x000000000000d560        0x0
                [!provide]                        PROVIDE (_alt_partition_onchip_memory2_0_start, ABSOLUTE (.))
 *(.onchip_memory2_0 .onchip_memory2_0. onchip_memory2_0.*)
                0x000000000000d560                . = ALIGN (0x4)
                [!provide]                        PROVIDE (_alt_partition_onchip_memory2_0_end, ABSOLUTE (.))
                0x000000000000d560                _end = ABSOLUTE (.)
                0x000000000000d560                end = ABSOLUTE (.)
                0x000000000000d560                __alt_stack_base = ABSOLUTE (.)
                [!provide]                        PROVIDE (_alt_partition_onchip_memory2_0_load_addr, LOADADDR (.onchip_memory2_0))

.stab
 *(.stab)

.stabstr
 *(.stabstr)

.stab.excl
 *(.stab.excl)

.stab.exclstr
 *(.stab.exclstr)

.stab.index
 *(.stab.index)

.stab.indexstr
 *(.stab.indexstr)

.comment        0x0000000000000000       0x23
 *(.comment)
 .comment       0x0000000000000000       0x23 obj/default/main.o
                                         0x24 (size before relaxing)
 .comment       0x0000000000000023       0x24 ../niosSoftware_bsp/\libhal_bsp.a(alt_load.o)
 .comment       0x0000000000000023       0x24 ../niosSoftware_bsp/\libhal_bsp.a(alt_main.o)
 .comment       0x0000000000000023       0x24 ../niosSoftware_bsp/\libhal_bsp.a(alt_sys_init.o)
 .comment       0x0000000000000023       0x24 ../niosSoftware_bsp/\libhal_bsp.a(altera_avalon_jtag_uart_fd.o)
 .comment       0x0000000000000023       0x24 ../niosSoftware_bsp/\libhal_bsp.a(altera_avalon_jtag_uart_init.o)
 .comment       0x0000000000000023       0x24 ../niosSoftware_bsp/\libhal_bsp.a(altera_avalon_jtag_uart_ioctl.o)
 .comment       0x0000000000000023       0x24 ../niosSoftware_bsp/\libhal_bsp.a(altera_avalon_jtag_uart_read.o)
 .comment       0x0000000000000023       0x24 ../niosSoftware_bsp/\libhal_bsp.a(altera_avalon_jtag_uart_write.o)
 .comment       0x0000000000000023       0x24 ../niosSoftware_bsp/\libhal_bsp.a(alt_alarm_start.o)
 .comment       0x0000000000000023       0x24 ../niosSoftware_bsp/\libhal_bsp.a(alt_close.o)
 .comment       0x0000000000000023       0x24 ../niosSoftware_bsp/\libhal_bsp.a(alt_dcache_flush_all.o)
 .comment       0x0000000000000023       0x24 ../niosSoftware_bsp/\libhal_bsp.a(alt_dev.o)
 .comment       0x0000000000000023       0x24 ../niosSoftware_bsp/\libhal_bsp.a(alt_dev_llist_insert.o)
 .comment       0x0000000000000023       0x24 ../niosSoftware_bsp/\libhal_bsp.a(alt_do_ctors.o)
 .comment       0x0000000000000023       0x24 ../niosSoftware_bsp/\libhal_bsp.a(alt_do_dtors.o)
 .comment       0x0000000000000023       0x24 ../niosSoftware_bsp/\libhal_bsp.a(alt_errno.o)
 .comment       0x0000000000000023       0x24 ../niosSoftware_bsp/\libhal_bsp.a(alt_icache_flush_all.o)
 .comment       0x0000000000000023       0x24 ../niosSoftware_bsp/\libhal_bsp.a(alt_iic.o)
 .comment       0x0000000000000023       0x24 ../niosSoftware_bsp/\libhal_bsp.a(alt_iic_isr_register.o)
 .comment       0x0000000000000023       0x24 ../niosSoftware_bsp/\libhal_bsp.a(alt_io_redirect.o)
 .comment       0x0000000000000023       0x24 ../niosSoftware_bsp/\libhal_bsp.a(alt_irq_handler.o)
 .comment       0x0000000000000023       0x24 ../niosSoftware_bsp/\libhal_bsp.a(alt_irq_vars.o)
 .comment       0x0000000000000023       0x24 ../niosSoftware_bsp/\libhal_bsp.a(alt_open.o)
 .comment       0x0000000000000023       0x24 ../niosSoftware_bsp/\libhal_bsp.a(alt_release_fd.o)
 .comment       0x0000000000000023       0x24 ../niosSoftware_bsp/\libhal_bsp.a(alt_tick.o)
 .comment       0x0000000000000023       0x24 ../niosSoftware_bsp/\libhal_bsp.a(altera_nios2_gen2_irq.o)
 .comment       0x0000000000000023       0x24 ../niosSoftware_bsp/\libhal_bsp.a(alt_find_dev.o)
 .comment       0x0000000000000023       0x24 ../niosSoftware_bsp/\libhal_bsp.a(alt_find_file.o)
 .comment       0x0000000000000023       0x24 ../niosSoftware_bsp/\libhal_bsp.a(alt_get_fd.o)
 .comment       0x0000000000000023       0x24 ../niosSoftware_bsp/\libhal_bsp.a(alt_instruction_exception_entry.o)
 .comment       0x0000000000000023       0x24 c:/intelfpga/16.1/nios2eds/bin/gnu/h-x86_64-mingw32/bin/../lib/gcc/nios2-elf/5.3.0/../../../../../H-x86_64-mingw32/nios2-elf/lib/mno-hw-mul\libc.a(lib_a-atexit.o)
 .comment       0x0000000000000023       0x24 c:/intelfpga/16.1/nios2eds/bin/gnu/h-x86_64-mingw32/bin/../lib/gcc/nios2-elf/5.3.0/../../../../../H-x86_64-mingw32/nios2-elf/lib/mno-hw-mul\libc.a(lib_a-exit.o)
 .comment       0x0000000000000023       0x24 c:/intelfpga/16.1/nios2eds/bin/gnu/h-x86_64-mingw32/bin/../lib/gcc/nios2-elf/5.3.0/../../../../../H-x86_64-mingw32/nios2-elf/lib/mno-hw-mul\libc.a(lib_a-impure.o)
 .comment       0x0000000000000023       0x24 c:/intelfpga/16.1/nios2eds/bin/gnu/h-x86_64-mingw32/bin/../lib/gcc/nios2-elf/5.3.0/../../../../../H-x86_64-mingw32/nios2-elf/lib/mno-hw-mul\libc.a(lib_a-int_errno.o)
 .comment       0x0000000000000023       0x24 c:/intelfpga/16.1/nios2eds/bin/gnu/h-x86_64-mingw32/bin/../lib/gcc/nios2-elf/5.3.0/../../../../../H-x86_64-mingw32/nios2-elf/lib/mno-hw-mul\libc.a(lib_a-memcmp.o)
 .comment       0x0000000000000023       0x24 c:/intelfpga/16.1/nios2eds/bin/gnu/h-x86_64-mingw32/bin/../lib/gcc/nios2-elf/5.3.0/../../../../../H-x86_64-mingw32/nios2-elf/lib/mno-hw-mul\libc.a(lib_a-memcpy.o)
 .comment       0x0000000000000023       0x24 c:/intelfpga/16.1/nios2eds/bin/gnu/h-x86_64-mingw32/bin/../lib/gcc/nios2-elf/5.3.0/../../../../../H-x86_64-mingw32/nios2-elf/lib/mno-hw-mul\libc.a(lib_a-strlen.o)
 .comment       0x0000000000000023       0x24 c:/intelfpga/16.1/nios2eds/bin/gnu/h-x86_64-mingw32/bin/../lib/gcc/nios2-elf/5.3.0/../../../../../H-x86_64-mingw32/nios2-elf/lib/mno-hw-mul\libc.a(lib_a-__atexit.o)
 .comment       0x0000000000000023       0x24 c:/intelfpga/16.1/nios2eds/bin/gnu/h-x86_64-mingw32/bin/../lib/gcc/nios2-elf/5.3.0/../../../../../H-x86_64-mingw32/nios2-elf/lib/mno-hw-mul\libc.a(lib_a-__call_atexit.o)
 .comment       0x0000000000000023       0x24 c:/intelfpga/16.1/nios2eds/bin/gnu/h-x86_64-mingw32/bin/../lib/gcc/nios2-elf/5.3.0/mno-hw-mul\libgcc.a(lib2-mul.o)
 .comment       0x0000000000000023       0x24 ../niosSoftware_bsp/\libhal_bsp.a(alt_exit.o)

.debug
 *(.debug)

.line
 *(.line)

.debug_srcinfo
 *(.debug_srcinfo)

.debug_sfnames
 *(.debug_sfnames)

.debug_aranges  0x0000000000000000      0x5b8
 *(.debug_aranges)
 .debug_aranges
                0x0000000000000000       0x28 ../niosSoftware_bsp//obj/HAL/src/crt0.o
 .debug_aranges
                0x0000000000000028       0x20 obj/default/main.o
 .debug_aranges
                0x0000000000000048       0x20 ../niosSoftware_bsp/\libhal_bsp.a(alt_load.o)
 .debug_aranges
                0x0000000000000068       0x20 ../niosSoftware_bsp/\libhal_bsp.a(alt_main.o)
 .debug_aranges
                0x0000000000000088       0x20 ../niosSoftware_bsp/\libhal_bsp.a(alt_sys_init.o)
 .debug_aranges
                0x00000000000000a8       0x20 ../niosSoftware_bsp/\libhal_bsp.a(altera_avalon_jtag_uart_fd.o)
 .debug_aranges
                0x00000000000000c8       0x20 ../niosSoftware_bsp/\libhal_bsp.a(altera_avalon_jtag_uart_init.o)
 .debug_aranges
                0x00000000000000e8       0x20 ../niosSoftware_bsp/\libhal_bsp.a(altera_avalon_jtag_uart_ioctl.o)
 .debug_aranges
                0x0000000000000108       0x20 ../niosSoftware_bsp/\libhal_bsp.a(altera_avalon_jtag_uart_read.o)
 .debug_aranges
                0x0000000000000128       0x20 ../niosSoftware_bsp/\libhal_bsp.a(altera_avalon_jtag_uart_write.o)
 .debug_aranges
                0x0000000000000148       0x20 ../niosSoftware_bsp/\libhal_bsp.a(alt_alarm_start.o)
 .debug_aranges
                0x0000000000000168       0x20 ../niosSoftware_bsp/\libhal_bsp.a(alt_close.o)
 .debug_aranges
                0x0000000000000188       0x20 ../niosSoftware_bsp/\libhal_bsp.a(alt_dcache_flush_all.o)
 .debug_aranges
                0x00000000000001a8       0x20 ../niosSoftware_bsp/\libhal_bsp.a(alt_dev.o)
 .debug_aranges
                0x00000000000001c8       0x20 ../niosSoftware_bsp/\libhal_bsp.a(alt_dev_llist_insert.o)
 .debug_aranges
                0x00000000000001e8       0x20 ../niosSoftware_bsp/\libhal_bsp.a(alt_do_ctors.o)
 .debug_aranges
                0x0000000000000208       0x20 ../niosSoftware_bsp/\libhal_bsp.a(alt_do_dtors.o)
 .debug_aranges
                0x0000000000000228       0x18 ../niosSoftware_bsp/\libhal_bsp.a(alt_errno.o)
 .debug_aranges
                0x0000000000000240       0x20 ../niosSoftware_bsp/\libhal_bsp.a(alt_icache_flush_all.o)
 .debug_aranges
                0x0000000000000260       0x20 ../niosSoftware_bsp/\libhal_bsp.a(alt_iic.o)
 .debug_aranges
                0x0000000000000280       0x20 ../niosSoftware_bsp/\libhal_bsp.a(alt_iic_isr_register.o)
 .debug_aranges
                0x00000000000002a0       0x20 ../niosSoftware_bsp/\libhal_bsp.a(alt_io_redirect.o)
 .debug_aranges
                0x00000000000002c0       0x30 ../niosSoftware_bsp/\libhal_bsp.a(alt_irq_entry.o)
 .debug_aranges
                0x00000000000002f0       0x20 ../niosSoftware_bsp/\libhal_bsp.a(alt_irq_handler.o)
 .debug_aranges
                0x0000000000000310       0x18 ../niosSoftware_bsp/\libhal_bsp.a(alt_irq_vars.o)
 .debug_aranges
                0x0000000000000328       0x20 ../niosSoftware_bsp/\libhal_bsp.a(alt_open.o)
 .debug_aranges
                0x0000000000000348       0x20 ../niosSoftware_bsp/\libhal_bsp.a(alt_release_fd.o)
 .debug_aranges
                0x0000000000000368       0x20 ../niosSoftware_bsp/\libhal_bsp.a(alt_tick.o)
 .debug_aranges
                0x0000000000000388       0x20 ../niosSoftware_bsp/\libhal_bsp.a(altera_nios2_gen2_irq.o)
 .debug_aranges
                0x00000000000003a8       0x38 ../niosSoftware_bsp/\libhal_bsp.a(alt_exception_entry.o)
 .debug_aranges
                0x00000000000003e0       0x20 ../niosSoftware_bsp/\libhal_bsp.a(alt_find_dev.o)
 .debug_aranges
                0x0000000000000400       0x20 ../niosSoftware_bsp/\libhal_bsp.a(alt_find_file.o)
 .debug_aranges
                0x0000000000000420       0x20 ../niosSoftware_bsp/\libhal_bsp.a(alt_get_fd.o)
 .debug_aranges
                0x0000000000000440       0x28 ../niosSoftware_bsp/\libhal_bsp.a(alt_instruction_exception_entry.o)
 .debug_aranges
                0x0000000000000468       0x20 c:/intelfpga/16.1/nios2eds/bin/gnu/h-x86_64-mingw32/bin/../lib/gcc/nios2-elf/5.3.0/../../../../../H-x86_64-mingw32/nios2-elf/lib/mno-hw-mul\libc.a(lib_a-atexit.o)
 .debug_aranges
                0x0000000000000488       0x20 c:/intelfpga/16.1/nios2eds/bin/gnu/h-x86_64-mingw32/bin/../lib/gcc/nios2-elf/5.3.0/../../../../../H-x86_64-mingw32/nios2-elf/lib/mno-hw-mul\libc.a(lib_a-exit.o)
 .debug_aranges
                0x00000000000004a8       0x18 c:/intelfpga/16.1/nios2eds/bin/gnu/h-x86_64-mingw32/bin/../lib/gcc/nios2-elf/5.3.0/../../../../../H-x86_64-mingw32/nios2-elf/lib/mno-hw-mul\libc.a(lib_a-impure.o)
 .debug_aranges
                0x00000000000004c0       0x18 c:/intelfpga/16.1/nios2eds/bin/gnu/h-x86_64-mingw32/bin/../lib/gcc/nios2-elf/5.3.0/../../../../../H-x86_64-mingw32/nios2-elf/lib/mno-hw-mul\libc.a(lib_a-int_errno.o)
 .debug_aranges
                0x00000000000004d8       0x20 c:/intelfpga/16.1/nios2eds/bin/gnu/h-x86_64-mingw32/bin/../lib/gcc/nios2-elf/5.3.0/../../../../../H-x86_64-mingw32/nios2-elf/lib/mno-hw-mul\libc.a(lib_a-memcmp.o)
 .debug_aranges
                0x00000000000004f8       0x20 c:/intelfpga/16.1/nios2eds/bin/gnu/h-x86_64-mingw32/bin/../lib/gcc/nios2-elf/5.3.0/../../../../../H-x86_64-mingw32/nios2-elf/lib/mno-hw-mul\libc.a(lib_a-memcpy.o)
 .debug_aranges
                0x0000000000000518       0x20 c:/intelfpga/16.1/nios2eds/bin/gnu/h-x86_64-mingw32/bin/../lib/gcc/nios2-elf/5.3.0/../../../../../H-x86_64-mingw32/nios2-elf/lib/mno-hw-mul\libc.a(lib_a-strlen.o)
 .debug_aranges
                0x0000000000000538       0x20 c:/intelfpga/16.1/nios2eds/bin/gnu/h-x86_64-mingw32/bin/../lib/gcc/nios2-elf/5.3.0/../../../../../H-x86_64-mingw32/nios2-elf/lib/mno-hw-mul\libc.a(lib_a-__atexit.o)
 .debug_aranges
                0x0000000000000558       0x20 c:/intelfpga/16.1/nios2eds/bin/gnu/h-x86_64-mingw32/bin/../lib/gcc/nios2-elf/5.3.0/../../../../../H-x86_64-mingw32/nios2-elf/lib/mno-hw-mul\libc.a(lib_a-__call_atexit.o)
 .debug_aranges
                0x0000000000000578       0x20 c:/intelfpga/16.1/nios2eds/bin/gnu/h-x86_64-mingw32/bin/../lib/gcc/nios2-elf/5.3.0/mno-hw-mul\libgcc.a(lib2-mul.o)
 .debug_aranges
                0x0000000000000598       0x20 ../niosSoftware_bsp/\libhal_bsp.a(alt_exit.o)

.debug_pubnames
 *(.debug_pubnames)

.debug_info     0x0000000000000000     0x76b3
 *(.debug_info .gnu.linkonce.wi.*)
 .debug_info    0x0000000000000000       0x7a ../niosSoftware_bsp//obj/HAL/src/crt0.o
 .debug_info    0x000000000000007a      0x24a obj/default/main.o
 .debug_info    0x00000000000002c4      0x145 ../niosSoftware_bsp/\libhal_bsp.a(alt_load.o)
 .debug_info    0x0000000000000409      0x131 ../niosSoftware_bsp/\libhal_bsp.a(alt_main.o)
 .debug_info    0x000000000000053a      0x4c3 ../niosSoftware_bsp/\libhal_bsp.a(alt_sys_init.o)
 .debug_info    0x00000000000009fd      0x52e ../niosSoftware_bsp/\libhal_bsp.a(altera_avalon_jtag_uart_fd.o)
 .debug_info    0x0000000000000f2b      0x3a0 ../niosSoftware_bsp/\libhal_bsp.a(altera_avalon_jtag_uart_init.o)
 .debug_info    0x00000000000012cb      0x280 ../niosSoftware_bsp/\libhal_bsp.a(altera_avalon_jtag_uart_ioctl.o)
 .debug_info    0x000000000000154b      0x345 ../niosSoftware_bsp/\libhal_bsp.a(altera_avalon_jtag_uart_read.o)
 .debug_info    0x0000000000001890      0x340 ../niosSoftware_bsp/\libhal_bsp.a(altera_avalon_jtag_uart_write.o)
 .debug_info    0x0000000000001bd0      0x2cc ../niosSoftware_bsp/\libhal_bsp.a(alt_alarm_start.o)
 .debug_info    0x0000000000001e9c      0x321 ../niosSoftware_bsp/\libhal_bsp.a(alt_close.o)
 .debug_info    0x00000000000021bd       0x92 ../niosSoftware_bsp/\libhal_bsp.a(alt_dcache_flush_all.o)
 .debug_info    0x000000000000224f      0x49c ../niosSoftware_bsp/\libhal_bsp.a(alt_dev.o)
 .debug_info    0x00000000000026eb      0x1a9 ../niosSoftware_bsp/\libhal_bsp.a(alt_dev_llist_insert.o)
 .debug_info    0x0000000000002894       0x83 ../niosSoftware_bsp/\libhal_bsp.a(alt_do_ctors.o)
 .debug_info    0x0000000000002917       0x83 ../niosSoftware_bsp/\libhal_bsp.a(alt_do_dtors.o)
 .debug_info    0x000000000000299a       0xa6 ../niosSoftware_bsp/\libhal_bsp.a(alt_errno.o)
 .debug_info    0x0000000000002a40       0x92 ../niosSoftware_bsp/\libhal_bsp.a(alt_icache_flush_all.o)
 .debug_info    0x0000000000002ad2      0x350 ../niosSoftware_bsp/\libhal_bsp.a(alt_iic.o)
 .debug_info    0x0000000000002e22      0x1ef ../niosSoftware_bsp/\libhal_bsp.a(alt_iic_isr_register.o)
 .debug_info    0x0000000000003011      0x4a5 ../niosSoftware_bsp/\libhal_bsp.a(alt_io_redirect.o)
 .debug_info    0x00000000000034b6       0x83 ../niosSoftware_bsp/\libhal_bsp.a(alt_irq_entry.o)
 .debug_info    0x0000000000003539      0x187 ../niosSoftware_bsp/\libhal_bsp.a(alt_irq_handler.o)
 .debug_info    0x00000000000036c0       0x88 ../niosSoftware_bsp/\libhal_bsp.a(alt_irq_vars.o)
 .debug_info    0x0000000000003748      0x3bb ../niosSoftware_bsp/\libhal_bsp.a(alt_open.o)
 .debug_info    0x0000000000003b03      0x2b0 ../niosSoftware_bsp/\libhal_bsp.a(alt_release_fd.o)
 .debug_info    0x0000000000003db3      0x299 ../niosSoftware_bsp/\libhal_bsp.a(alt_tick.o)
 .debug_info    0x000000000000404c       0x92 ../niosSoftware_bsp/\libhal_bsp.a(altera_nios2_gen2_irq.o)
 .debug_info    0x00000000000040de       0x89 ../niosSoftware_bsp/\libhal_bsp.a(alt_exception_entry.o)
 .debug_info    0x0000000000004167      0x2e9 ../niosSoftware_bsp/\libhal_bsp.a(alt_find_dev.o)
 .debug_info    0x0000000000004450      0x2e6 ../niosSoftware_bsp/\libhal_bsp.a(alt_find_file.o)
 .debug_info    0x0000000000004736      0x310 ../niosSoftware_bsp/\libhal_bsp.a(alt_get_fd.o)
 .debug_info    0x0000000000004a46      0x1e7 ../niosSoftware_bsp/\libhal_bsp.a(alt_instruction_exception_entry.o)
 .debug_info    0x0000000000004c2d       0xfe c:/intelfpga/16.1/nios2eds/bin/gnu/h-x86_64-mingw32/bin/../lib/gcc/nios2-elf/5.3.0/../../../../../H-x86_64-mingw32/nios2-elf/lib/mno-hw-mul\libc.a(lib_a-atexit.o)
 .debug_info    0x0000000000004d2b      0x8e4 c:/intelfpga/16.1/nios2eds/bin/gnu/h-x86_64-mingw32/bin/../lib/gcc/nios2-elf/5.3.0/../../../../../H-x86_64-mingw32/nios2-elf/lib/mno-hw-mul\libc.a(lib_a-exit.o)
 .debug_info    0x000000000000560f      0x8a1 c:/intelfpga/16.1/nios2eds/bin/gnu/h-x86_64-mingw32/bin/../lib/gcc/nios2-elf/5.3.0/../../../../../H-x86_64-mingw32/nios2-elf/lib/mno-hw-mul\libc.a(lib_a-impure.o)
 .debug_info    0x0000000000005eb0       0x8a c:/intelfpga/16.1/nios2eds/bin/gnu/h-x86_64-mingw32/bin/../lib/gcc/nios2-elf/5.3.0/../../../../../H-x86_64-mingw32/nios2-elf/lib/mno-hw-mul\libc.a(lib_a-int_errno.o)
 .debug_info    0x0000000000005f3a      0x11a c:/intelfpga/16.1/nios2eds/bin/gnu/h-x86_64-mingw32/bin/../lib/gcc/nios2-elf/5.3.0/../../../../../H-x86_64-mingw32/nios2-elf/lib/mno-hw-mul\libc.a(lib_a-memcmp.o)
 .debug_info    0x0000000000006054      0x144 c:/intelfpga/16.1/nios2eds/bin/gnu/h-x86_64-mingw32/bin/../lib/gcc/nios2-elf/5.3.0/../../../../../H-x86_64-mingw32/nios2-elf/lib/mno-hw-mul\libc.a(lib_a-memcpy.o)
 .debug_info    0x0000000000006198       0xe2 c:/intelfpga/16.1/nios2eds/bin/gnu/h-x86_64-mingw32/bin/../lib/gcc/nios2-elf/5.3.0/../../../../../H-x86_64-mingw32/nios2-elf/lib/mno-hw-mul\libc.a(lib_a-strlen.o)
 .debug_info    0x000000000000627a      0x934 c:/intelfpga/16.1/nios2eds/bin/gnu/h-x86_64-mingw32/bin/../lib/gcc/nios2-elf/5.3.0/../../../../../H-x86_64-mingw32/nios2-elf/lib/mno-hw-mul\libc.a(lib_a-__atexit.o)
 .debug_info    0x0000000000006bae      0x965 c:/intelfpga/16.1/nios2eds/bin/gnu/h-x86_64-mingw32/bin/../lib/gcc/nios2-elf/5.3.0/../../../../../H-x86_64-mingw32/nios2-elf/lib/mno-hw-mul\libc.a(lib_a-__call_atexit.o)
 .debug_info    0x0000000000007513       0xb4 c:/intelfpga/16.1/nios2eds/bin/gnu/h-x86_64-mingw32/bin/../lib/gcc/nios2-elf/5.3.0/mno-hw-mul\libgcc.a(lib2-mul.o)
 .debug_info    0x00000000000075c7       0xec ../niosSoftware_bsp/\libhal_bsp.a(alt_exit.o)

.debug_abbrev   0x0000000000000000     0x29ca
 *(.debug_abbrev)
 .debug_abbrev  0x0000000000000000       0x12 ../niosSoftware_bsp//obj/HAL/src/crt0.o
 .debug_abbrev  0x0000000000000012      0x116 obj/default/main.o
 .debug_abbrev  0x0000000000000128       0x9f ../niosSoftware_bsp/\libhal_bsp.a(alt_load.o)
 .debug_abbrev  0x00000000000001c7       0xba ../niosSoftware_bsp/\libhal_bsp.a(alt_main.o)
 .debug_abbrev  0x0000000000000281      0x187 ../niosSoftware_bsp/\libhal_bsp.a(alt_sys_init.o)
 .debug_abbrev  0x0000000000000408      0x127 ../niosSoftware_bsp/\libhal_bsp.a(altera_avalon_jtag_uart_fd.o)
 .debug_abbrev  0x000000000000052f      0x19e ../niosSoftware_bsp/\libhal_bsp.a(altera_avalon_jtag_uart_init.o)
 .debug_abbrev  0x00000000000006cd      0x111 ../niosSoftware_bsp/\libhal_bsp.a(altera_avalon_jtag_uart_ioctl.o)
 .debug_abbrev  0x00000000000007de      0x1aa ../niosSoftware_bsp/\libhal_bsp.a(altera_avalon_jtag_uart_read.o)
 .debug_abbrev  0x0000000000000988      0x1a8 ../niosSoftware_bsp/\libhal_bsp.a(altera_avalon_jtag_uart_write.o)
 .debug_abbrev  0x0000000000000b30      0x162 ../niosSoftware_bsp/\libhal_bsp.a(alt_alarm_start.o)
 .debug_abbrev  0x0000000000000c92      0x11f ../niosSoftware_bsp/\libhal_bsp.a(alt_close.o)
 .debug_abbrev  0x0000000000000db1       0x42 ../niosSoftware_bsp/\libhal_bsp.a(alt_dcache_flush_all.o)
 .debug_abbrev  0x0000000000000df3       0xd9 ../niosSoftware_bsp/\libhal_bsp.a(alt_dev.o)
 .debug_abbrev  0x0000000000000ecc      0x114 ../niosSoftware_bsp/\libhal_bsp.a(alt_dev_llist_insert.o)
 .debug_abbrev  0x0000000000000fe0       0x79 ../niosSoftware_bsp/\libhal_bsp.a(alt_do_ctors.o)
 .debug_abbrev  0x0000000000001059       0x79 ../niosSoftware_bsp/\libhal_bsp.a(alt_do_dtors.o)
 .debug_abbrev  0x00000000000010d2       0x5a ../niosSoftware_bsp/\libhal_bsp.a(alt_errno.o)
 .debug_abbrev  0x000000000000112c       0x42 ../niosSoftware_bsp/\libhal_bsp.a(alt_icache_flush_all.o)
 .debug_abbrev  0x000000000000116e      0x163 ../niosSoftware_bsp/\libhal_bsp.a(alt_iic.o)
 .debug_abbrev  0x00000000000012d1      0x169 ../niosSoftware_bsp/\libhal_bsp.a(alt_iic_isr_register.o)
 .debug_abbrev  0x000000000000143a      0x114 ../niosSoftware_bsp/\libhal_bsp.a(alt_io_redirect.o)
 .debug_abbrev  0x000000000000154e       0x12 ../niosSoftware_bsp/\libhal_bsp.a(alt_irq_entry.o)
 .debug_abbrev  0x0000000000001560      0x122 ../niosSoftware_bsp/\libhal_bsp.a(alt_irq_handler.o)
 .debug_abbrev  0x0000000000001682       0x40 ../niosSoftware_bsp/\libhal_bsp.a(alt_irq_vars.o)
 .debug_abbrev  0x00000000000016c2      0x148 ../niosSoftware_bsp/\libhal_bsp.a(alt_open.o)
 .debug_abbrev  0x000000000000180a       0xde ../niosSoftware_bsp/\libhal_bsp.a(alt_release_fd.o)
 .debug_abbrev  0x00000000000018e8      0x15a ../niosSoftware_bsp/\libhal_bsp.a(alt_tick.o)
 .debug_abbrev  0x0000000000001a42       0x42 ../niosSoftware_bsp/\libhal_bsp.a(altera_nios2_gen2_irq.o)
 .debug_abbrev  0x0000000000001a84       0x12 ../niosSoftware_bsp/\libhal_bsp.a(alt_exception_entry.o)
 .debug_abbrev  0x0000000000001a96       0xf0 ../niosSoftware_bsp/\libhal_bsp.a(alt_find_dev.o)
 .debug_abbrev  0x0000000000001b86       0xf0 ../niosSoftware_bsp/\libhal_bsp.a(alt_find_file.o)
 .debug_abbrev  0x0000000000001c76      0x10d ../niosSoftware_bsp/\libhal_bsp.a(alt_get_fd.o)
 .debug_abbrev  0x0000000000001d83       0xdc ../niosSoftware_bsp/\libhal_bsp.a(alt_instruction_exception_entry.o)
 .debug_abbrev  0x0000000000001e5f       0xaa c:/intelfpga/16.1/nios2eds/bin/gnu/h-x86_64-mingw32/bin/../lib/gcc/nios2-elf/5.3.0/../../../../../H-x86_64-mingw32/nios2-elf/lib/mno-hw-mul\libc.a(lib_a-atexit.o)
 .debug_abbrev  0x0000000000001f09      0x1e5 c:/intelfpga/16.1/nios2eds/bin/gnu/h-x86_64-mingw32/bin/../lib/gcc/nios2-elf/5.3.0/../../../../../H-x86_64-mingw32/nios2-elf/lib/mno-hw-mul\libc.a(lib_a-exit.o)
 .debug_abbrev  0x00000000000020ee      0x18f c:/intelfpga/16.1/nios2eds/bin/gnu/h-x86_64-mingw32/bin/../lib/gcc/nios2-elf/5.3.0/../../../../../H-x86_64-mingw32/nios2-elf/lib/mno-hw-mul\libc.a(lib_a-impure.o)
 .debug_abbrev  0x000000000000227d       0x37 c:/intelfpga/16.1/nios2eds/bin/gnu/h-x86_64-mingw32/bin/../lib/gcc/nios2-elf/5.3.0/../../../../../H-x86_64-mingw32/nios2-elf/lib/mno-hw-mul\libc.a(lib_a-int_errno.o)
 .debug_abbrev  0x00000000000022b4       0x7f c:/intelfpga/16.1/nios2eds/bin/gnu/h-x86_64-mingw32/bin/../lib/gcc/nios2-elf/5.3.0/../../../../../H-x86_64-mingw32/nios2-elf/lib/mno-hw-mul\libc.a(lib_a-memcmp.o)
 .debug_abbrev  0x0000000000002333       0xa3 c:/intelfpga/16.1/nios2eds/bin/gnu/h-x86_64-mingw32/bin/../lib/gcc/nios2-elf/5.3.0/../../../../../H-x86_64-mingw32/nios2-elf/lib/mno-hw-mul\libc.a(lib_a-memcpy.o)
 .debug_abbrev  0x00000000000023d6       0x90 c:/intelfpga/16.1/nios2eds/bin/gnu/h-x86_64-mingw32/bin/../lib/gcc/nios2-elf/5.3.0/../../../../../H-x86_64-mingw32/nios2-elf/lib/mno-hw-mul\libc.a(lib_a-strlen.o)
 .debug_abbrev  0x0000000000002466      0x21e c:/intelfpga/16.1/nios2eds/bin/gnu/h-x86_64-mingw32/bin/../lib/gcc/nios2-elf/5.3.0/../../../../../H-x86_64-mingw32/nios2-elf/lib/mno-hw-mul\libc.a(lib_a-__atexit.o)
 .debug_abbrev  0x0000000000002684      0x22e c:/intelfpga/16.1/nios2eds/bin/gnu/h-x86_64-mingw32/bin/../lib/gcc/nios2-elf/5.3.0/../../../../../H-x86_64-mingw32/nios2-elf/lib/mno-hw-mul\libc.a(lib_a-__call_atexit.o)
 .debug_abbrev  0x00000000000028b2       0x6f c:/intelfpga/16.1/nios2eds/bin/gnu/h-x86_64-mingw32/bin/../lib/gcc/nios2-elf/5.3.0/mno-hw-mul\libgcc.a(lib2-mul.o)
 .debug_abbrev  0x0000000000002921       0xa9 ../niosSoftware_bsp/\libhal_bsp.a(alt_exit.o)

.debug_line     0x0000000000000000     0x2997
 *(.debug_line)
 .debug_line    0x0000000000000000       0x66 ../niosSoftware_bsp//obj/HAL/src/crt0.o
 .debug_line    0x0000000000000066       0x92 obj/default/main.o
 .debug_line    0x00000000000000f8       0x8e ../niosSoftware_bsp/\libhal_bsp.a(alt_load.o)
 .debug_line    0x0000000000000186       0xa4 ../niosSoftware_bsp/\libhal_bsp.a(alt_main.o)
 .debug_line    0x000000000000022a      0x137 ../niosSoftware_bsp/\libhal_bsp.a(alt_sys_init.o)
 .debug_line    0x0000000000000361      0x12f ../niosSoftware_bsp/\libhal_bsp.a(altera_avalon_jtag_uart_fd.o)
 .debug_line    0x0000000000000490      0x18b ../niosSoftware_bsp/\libhal_bsp.a(altera_avalon_jtag_uart_init.o)
 .debug_line    0x000000000000061b      0x131 ../niosSoftware_bsp/\libhal_bsp.a(altera_avalon_jtag_uart_ioctl.o)
 .debug_line    0x000000000000074c      0x171 ../niosSoftware_bsp/\libhal_bsp.a(altera_avalon_jtag_uart_read.o)
 .debug_line    0x00000000000008bd      0x170 ../niosSoftware_bsp/\libhal_bsp.a(altera_avalon_jtag_uart_write.o)
 .debug_line    0x0000000000000a2d       0xf9 ../niosSoftware_bsp/\libhal_bsp.a(alt_alarm_start.o)
 .debug_line    0x0000000000000b26      0x160 ../niosSoftware_bsp/\libhal_bsp.a(alt_close.o)
 .debug_line    0x0000000000000c86       0x51 ../niosSoftware_bsp/\libhal_bsp.a(alt_dcache_flush_all.o)
 .debug_line    0x0000000000000cd7       0xf3 ../niosSoftware_bsp/\libhal_bsp.a(alt_dev.o)
 .debug_line    0x0000000000000dca       0xcf ../niosSoftware_bsp/\libhal_bsp.a(alt_dev_llist_insert.o)
 .debug_line    0x0000000000000e99       0x59 ../niosSoftware_bsp/\libhal_bsp.a(alt_do_ctors.o)
 .debug_line    0x0000000000000ef2       0x59 ../niosSoftware_bsp/\libhal_bsp.a(alt_do_dtors.o)
 .debug_line    0x0000000000000f4b       0x51 ../niosSoftware_bsp/\libhal_bsp.a(alt_errno.o)
 .debug_line    0x0000000000000f9c       0x4f ../niosSoftware_bsp/\libhal_bsp.a(alt_icache_flush_all.o)
 .debug_line    0x0000000000000feb       0xeb ../niosSoftware_bsp/\libhal_bsp.a(alt_iic.o)
 .debug_line    0x00000000000010d6       0xdb ../niosSoftware_bsp/\libhal_bsp.a(alt_iic_isr_register.o)
 .debug_line    0x00000000000011b1      0x130 ../niosSoftware_bsp/\libhal_bsp.a(alt_io_redirect.o)
 .debug_line    0x00000000000012e1       0x6b ../niosSoftware_bsp/\libhal_bsp.a(alt_irq_entry.o)
 .debug_line    0x000000000000134c       0xaa ../niosSoftware_bsp/\libhal_bsp.a(alt_irq_handler.o)
 .debug_line    0x00000000000013f6       0x50 ../niosSoftware_bsp/\libhal_bsp.a(alt_irq_vars.o)
 .debug_line    0x0000000000001446      0x12b ../niosSoftware_bsp/\libhal_bsp.a(alt_open.o)
 .debug_line    0x0000000000001571       0xb0 ../niosSoftware_bsp/\libhal_bsp.a(alt_release_fd.o)
 .debug_line    0x0000000000001621       0xff ../niosSoftware_bsp/\libhal_bsp.a(alt_tick.o)
 .debug_line    0x0000000000001720       0x51 ../niosSoftware_bsp/\libhal_bsp.a(altera_nios2_gen2_irq.o)
 .debug_line    0x0000000000001771       0xb3 ../niosSoftware_bsp/\libhal_bsp.a(alt_exception_entry.o)
 .debug_line    0x0000000000001824       0xb5 ../niosSoftware_bsp/\libhal_bsp.a(alt_find_dev.o)
 .debug_line    0x00000000000018d9       0xd1 ../niosSoftware_bsp/\libhal_bsp.a(alt_find_file.o)
 .debug_line    0x00000000000019aa       0xd7 ../niosSoftware_bsp/\libhal_bsp.a(alt_get_fd.o)
 .debug_line    0x0000000000001a81       0xb9 ../niosSoftware_bsp/\libhal_bsp.a(alt_instruction_exception_entry.o)
 .debug_line    0x0000000000001b3a       0xe7 c:/intelfpga/16.1/nios2eds/bin/gnu/h-x86_64-mingw32/bin/../lib/gcc/nios2-elf/5.3.0/../../../../../H-x86_64-mingw32/nios2-elf/lib/mno-hw-mul\libc.a(lib_a-atexit.o)
 .debug_line    0x0000000000001c21      0x1fc c:/intelfpga/16.1/nios2eds/bin/gnu/h-x86_64-mingw32/bin/../lib/gcc/nios2-elf/5.3.0/../../../../../H-x86_64-mingw32/nios2-elf/lib/mno-hw-mul\libc.a(lib_a-exit.o)
 .debug_line    0x0000000000001e1d      0x160 c:/intelfpga/16.1/nios2eds/bin/gnu/h-x86_64-mingw32/bin/../lib/gcc/nios2-elf/5.3.0/../../../../../H-x86_64-mingw32/nios2-elf/lib/mno-hw-mul\libc.a(lib_a-impure.o)
 .debug_line    0x0000000000001f7d       0x5f c:/intelfpga/16.1/nios2eds/bin/gnu/h-x86_64-mingw32/bin/../lib/gcc/nios2-elf/5.3.0/../../../../../H-x86_64-mingw32/nios2-elf/lib/mno-hw-mul\libc.a(lib_a-int_errno.o)
 .debug_line    0x0000000000001fdc      0x176 c:/intelfpga/16.1/nios2eds/bin/gnu/h-x86_64-mingw32/bin/../lib/gcc/nios2-elf/5.3.0/../../../../../H-x86_64-mingw32/nios2-elf/lib/mno-hw-mul\libc.a(lib_a-memcmp.o)
 .debug_line    0x0000000000002152      0x18c c:/intelfpga/16.1/nios2eds/bin/gnu/h-x86_64-mingw32/bin/../lib/gcc/nios2-elf/5.3.0/../../../../../H-x86_64-mingw32/nios2-elf/lib/mno-hw-mul\libc.a(lib_a-memcpy.o)
 .debug_line    0x00000000000022de      0x16f c:/intelfpga/16.1/nios2eds/bin/gnu/h-x86_64-mingw32/bin/../lib/gcc/nios2-elf/5.3.0/../../../../../H-x86_64-mingw32/nios2-elf/lib/mno-hw-mul\libc.a(lib_a-strlen.o)
 .debug_line    0x000000000000244d      0x21f c:/intelfpga/16.1/nios2eds/bin/gnu/h-x86_64-mingw32/bin/../lib/gcc/nios2-elf/5.3.0/../../../../../H-x86_64-mingw32/nios2-elf/lib/mno-hw-mul\libc.a(lib_a-__atexit.o)
 .debug_line    0x000000000000266c      0x23a c:/intelfpga/16.1/nios2eds/bin/gnu/h-x86_64-mingw32/bin/../lib/gcc/nios2-elf/5.3.0/../../../../../H-x86_64-mingw32/nios2-elf/lib/mno-hw-mul\libc.a(lib_a-__call_atexit.o)
 .debug_line    0x00000000000028a6       0x80 c:/intelfpga/16.1/nios2eds/bin/gnu/h-x86_64-mingw32/bin/../lib/gcc/nios2-elf/5.3.0/mno-hw-mul\libgcc.a(lib2-mul.o)
 .debug_line    0x0000000000002926       0x71 ../niosSoftware_bsp/\libhal_bsp.a(alt_exit.o)

.debug_frame    0x0000000000000000      0xb34
 *(.debug_frame)
 .debug_frame   0x0000000000000000       0xbc obj/default/main.o
 .debug_frame   0x00000000000000bc       0x5c ../niosSoftware_bsp/\libhal_bsp.a(alt_load.o)
 .debug_frame   0x0000000000000118       0x2c ../niosSoftware_bsp/\libhal_bsp.a(alt_main.o)
 .debug_frame   0x0000000000000144       0x88 ../niosSoftware_bsp/\libhal_bsp.a(alt_sys_init.o)
 .debug_frame   0x00000000000001cc       0xb0 ../niosSoftware_bsp/\libhal_bsp.a(altera_avalon_jtag_uart_fd.o)
 .debug_frame   0x000000000000027c       0xa4 ../niosSoftware_bsp/\libhal_bsp.a(altera_avalon_jtag_uart_init.o)
 .debug_frame   0x0000000000000320       0x34 ../niosSoftware_bsp/\libhal_bsp.a(altera_avalon_jtag_uart_ioctl.o)
 .debug_frame   0x0000000000000354       0x38 ../niosSoftware_bsp/\libhal_bsp.a(altera_avalon_jtag_uart_read.o)
 .debug_frame   0x000000000000038c       0x38 ../niosSoftware_bsp/\libhal_bsp.a(altera_avalon_jtag_uart_write.o)
 .debug_frame   0x00000000000003c4       0x34 ../niosSoftware_bsp/\libhal_bsp.a(alt_alarm_start.o)
 .debug_frame   0x00000000000003f8       0x60 ../niosSoftware_bsp/\libhal_bsp.a(alt_close.o)
 .debug_frame   0x0000000000000458       0x34 ../niosSoftware_bsp/\libhal_bsp.a(alt_dcache_flush_all.o)
 .debug_frame   0x000000000000048c       0x34 ../niosSoftware_bsp/\libhal_bsp.a(alt_dev.o)
 .debug_frame   0x00000000000004c0       0x60 ../niosSoftware_bsp/\libhal_bsp.a(alt_dev_llist_insert.o)
 .debug_frame   0x0000000000000520       0x38 ../niosSoftware_bsp/\libhal_bsp.a(alt_do_ctors.o)
 .debug_frame   0x0000000000000558       0x38 ../niosSoftware_bsp/\libhal_bsp.a(alt_do_dtors.o)
 .debug_frame   0x0000000000000590       0x34 ../niosSoftware_bsp/\libhal_bsp.a(alt_icache_flush_all.o)
 .debug_frame   0x00000000000005c4       0xa4 ../niosSoftware_bsp/\libhal_bsp.a(alt_iic.o)
 .debug_frame   0x0000000000000668       0x38 ../niosSoftware_bsp/\libhal_bsp.a(alt_iic_isr_register.o)
 .debug_frame   0x00000000000006a0       0x64 ../niosSoftware_bsp/\libhal_bsp.a(alt_io_redirect.o)
 .debug_frame   0x0000000000000704       0x38 ../niosSoftware_bsp/\libhal_bsp.a(alt_irq_handler.o)
 .debug_frame   0x000000000000073c       0x8c ../niosSoftware_bsp/\libhal_bsp.a(alt_open.o)
 .debug_frame   0x00000000000007c8       0x3c ../niosSoftware_bsp/\libhal_bsp.a(alt_release_fd.o)
 .debug_frame   0x0000000000000804       0x5c ../niosSoftware_bsp/\libhal_bsp.a(alt_tick.o)
 .debug_frame   0x0000000000000860       0x34 ../niosSoftware_bsp/\libhal_bsp.a(altera_nios2_gen2_irq.o)
 .debug_frame   0x0000000000000894       0x38 ../niosSoftware_bsp/\libhal_bsp.a(alt_find_dev.o)
 .debug_frame   0x00000000000008cc       0x38 ../niosSoftware_bsp/\libhal_bsp.a(alt_find_file.o)
 .debug_frame   0x0000000000000904       0x3c ../niosSoftware_bsp/\libhal_bsp.a(alt_get_fd.o)
 .debug_frame   0x0000000000000940       0x5c ../niosSoftware_bsp/\libhal_bsp.a(alt_instruction_exception_entry.o)
 .debug_frame   0x000000000000099c       0x20 c:/intelfpga/16.1/nios2eds/bin/gnu/h-x86_64-mingw32/bin/../lib/gcc/nios2-elf/5.3.0/../../../../../H-x86_64-mingw32/nios2-elf/lib/mno-hw-mul\libc.a(lib_a-atexit.o)
 .debug_frame   0x00000000000009bc       0x28 c:/intelfpga/16.1/nios2eds/bin/gnu/h-x86_64-mingw32/bin/../lib/gcc/nios2-elf/5.3.0/../../../../../H-x86_64-mingw32/nios2-elf/lib/mno-hw-mul\libc.a(lib_a-exit.o)
 .debug_frame   0x00000000000009e4       0x20 c:/intelfpga/16.1/nios2eds/bin/gnu/h-x86_64-mingw32/bin/../lib/gcc/nios2-elf/5.3.0/../../../../../H-x86_64-mingw32/nios2-elf/lib/mno-hw-mul\libc.a(lib_a-memcmp.o)
 .debug_frame   0x0000000000000a04       0x38 c:/intelfpga/16.1/nios2eds/bin/gnu/h-x86_64-mingw32/bin/../lib/gcc/nios2-elf/5.3.0/../../../../../H-x86_64-mingw32/nios2-elf/lib/mno-hw-mul\libc.a(lib_a-memcpy.o)
 .debug_frame   0x0000000000000a3c       0x20 c:/intelfpga/16.1/nios2eds/bin/gnu/h-x86_64-mingw32/bin/../lib/gcc/nios2-elf/5.3.0/../../../../../H-x86_64-mingw32/nios2-elf/lib/mno-hw-mul\libc.a(lib_a-strlen.o)
 .debug_frame   0x0000000000000a5c       0x38 c:/intelfpga/16.1/nios2eds/bin/gnu/h-x86_64-mingw32/bin/../lib/gcc/nios2-elf/5.3.0/../../../../../H-x86_64-mingw32/nios2-elf/lib/mno-hw-mul\libc.a(lib_a-__atexit.o)
 .debug_frame   0x0000000000000a94       0x54 c:/intelfpga/16.1/nios2eds/bin/gnu/h-x86_64-mingw32/bin/../lib/gcc/nios2-elf/5.3.0/../../../../../H-x86_64-mingw32/nios2-elf/lib/mno-hw-mul\libc.a(lib_a-__call_atexit.o)
 .debug_frame   0x0000000000000ae8       0x20 c:/intelfpga/16.1/nios2eds/bin/gnu/h-x86_64-mingw32/bin/../lib/gcc/nios2-elf/5.3.0/mno-hw-mul\libgcc.a(lib2-mul.o)
 .debug_frame   0x0000000000000b08       0x2c ../niosSoftware_bsp/\libhal_bsp.a(alt_exit.o)

.debug_str      0x0000000000000000     0x1bdb
 *(.debug_str)
 .debug_str     0x0000000000000000      0x126 obj/default/main.o
                                        0x161 (size before relaxing)
 .debug_str     0x0000000000000126      0x17b ../niosSoftware_bsp/\libhal_bsp.a(alt_load.o)
                                        0x21e (size before relaxing)
 .debug_str     0x00000000000002a1       0x70 ../niosSoftware_bsp/\libhal_bsp.a(alt_main.o)
                                        0x1a9 (size before relaxing)
 .debug_str     0x0000000000000311      0x1a2 ../niosSoftware_bsp/\libhal_bsp.a(alt_sys_init.o)
                                        0x364 (size before relaxing)
 .debug_str     0x00000000000004b3       0xb9 ../niosSoftware_bsp/\libhal_bsp.a(altera_avalon_jtag_uart_fd.o)
                                        0x3b0 (size before relaxing)
 .debug_str     0x000000000000056c       0xd1 ../niosSoftware_bsp/\libhal_bsp.a(altera_avalon_jtag_uart_init.o)
                                        0x344 (size before relaxing)
 .debug_str     0x000000000000063d       0x4a ../niosSoftware_bsp/\libhal_bsp.a(altera_avalon_jtag_uart_ioctl.o)
                                        0x29f (size before relaxing)
 .debug_str     0x0000000000000687       0x7f ../niosSoftware_bsp/\libhal_bsp.a(altera_avalon_jtag_uart_read.o)
                                        0x2f4 (size before relaxing)
 .debug_str     0x0000000000000706       0x4a ../niosSoftware_bsp/\libhal_bsp.a(altera_avalon_jtag_uart_write.o)
                                        0x2f5 (size before relaxing)
 .debug_str     0x0000000000000750       0x59 ../niosSoftware_bsp/\libhal_bsp.a(alt_alarm_start.o)
                                        0x28a (size before relaxing)
 .debug_str     0x00000000000007a9       0x44 ../niosSoftware_bsp/\libhal_bsp.a(alt_close.o)
                                        0x217 (size before relaxing)
 .debug_str     0x00000000000007ed       0x34 ../niosSoftware_bsp/\libhal_bsp.a(alt_dcache_flush_all.o)
                                        0x161 (size before relaxing)
 .debug_str     0x0000000000000821      0x120 ../niosSoftware_bsp/\libhal_bsp.a(alt_dev.o)
                                        0x311 (size before relaxing)
 .debug_str     0x0000000000000941       0x34 ../niosSoftware_bsp/\libhal_bsp.a(alt_dev_llist_insert.o)
                                        0x1d8 (size before relaxing)
 .debug_str     0x0000000000000975       0x48 ../niosSoftware_bsp/\libhal_bsp.a(alt_do_ctors.o)
                                         0xdc (size before relaxing)
 .debug_str     0x00000000000009bd       0x4c ../niosSoftware_bsp/\libhal_bsp.a(alt_do_dtors.o)
                                         0xdb (size before relaxing)
 .debug_str     0x0000000000000a09       0x14 ../niosSoftware_bsp/\libhal_bsp.a(alt_errno.o)
                                        0x151 (size before relaxing)
 .debug_str     0x0000000000000a1d       0x34 ../niosSoftware_bsp/\libhal_bsp.a(alt_icache_flush_all.o)
                                        0x161 (size before relaxing)
 .debug_str     0x0000000000000a51       0xc4 ../niosSoftware_bsp/\libhal_bsp.a(alt_iic.o)
                                        0x24a (size before relaxing)
 .debug_str     0x0000000000000b15       0x4c ../niosSoftware_bsp/\libhal_bsp.a(alt_iic_isr_register.o)
                                        0x1f4 (size before relaxing)
 .debug_str     0x0000000000000b61       0x56 ../niosSoftware_bsp/\libhal_bsp.a(alt_io_redirect.o)
                                        0x322 (size before relaxing)
 .debug_str     0x0000000000000bb7       0x3a ../niosSoftware_bsp/\libhal_bsp.a(alt_irq_handler.o)
                                        0x1a3 (size before relaxing)
 .debug_str     0x0000000000000bf1       0x17 ../niosSoftware_bsp/\libhal_bsp.a(alt_irq_vars.o)
                                        0x146 (size before relaxing)
 .debug_str     0x0000000000000c08       0x2f ../niosSoftware_bsp/\libhal_bsp.a(alt_open.o)
                                        0x257 (size before relaxing)
 .debug_str     0x0000000000000c37       0x28 ../niosSoftware_bsp/\libhal_bsp.a(alt_release_fd.o)
                                        0x1df (size before relaxing)
 .debug_str     0x0000000000000c5f       0x4a ../niosSoftware_bsp/\libhal_bsp.a(alt_tick.o)
                                        0x25e (size before relaxing)
 .debug_str     0x0000000000000ca9       0x3b ../niosSoftware_bsp/\libhal_bsp.a(altera_nios2_gen2_irq.o)
                                        0x168 (size before relaxing)
 .debug_str     0x0000000000000ce4       0x24 ../niosSoftware_bsp/\libhal_bsp.a(alt_find_dev.o)
                                        0x1f8 (size before relaxing)
 .debug_str     0x0000000000000d08       0x26 ../niosSoftware_bsp/\libhal_bsp.a(alt_find_file.o)
                                        0x206 (size before relaxing)
 .debug_str     0x0000000000000d2e       0x30 ../niosSoftware_bsp/\libhal_bsp.a(alt_get_fd.o)
                                        0x228 (size before relaxing)
 .debug_str     0x0000000000000d5e      0x48b ../niosSoftware_bsp/\libhal_bsp.a(alt_instruction_exception_entry.o)
                                        0x5ac (size before relaxing)
 .debug_str     0x00000000000011e9      0x17c c:/intelfpga/16.1/nios2eds/bin/gnu/h-x86_64-mingw32/bin/../lib/gcc/nios2-elf/5.3.0/../../../../../H-x86_64-mingw32/nios2-elf/lib/mno-hw-mul\libc.a(lib_a-atexit.o)
                                        0x221 (size before relaxing)
 .debug_str     0x0000000000001365      0x3b5 c:/intelfpga/16.1/nios2eds/bin/gnu/h-x86_64-mingw32/bin/../lib/gcc/nios2-elf/5.3.0/../../../../../H-x86_64-mingw32/nios2-elf/lib/mno-hw-mul\libc.a(lib_a-exit.o)
                                        0x5be (size before relaxing)
 .debug_str     0x000000000000171a       0xd6 c:/intelfpga/16.1/nios2eds/bin/gnu/h-x86_64-mingw32/bin/../lib/gcc/nios2-elf/5.3.0/../../../../../H-x86_64-mingw32/nios2-elf/lib/mno-hw-mul\libc.a(lib_a-impure.o)
                                        0x5b5 (size before relaxing)
 .debug_str     0x00000000000017f0       0x3f c:/intelfpga/16.1/nios2eds/bin/gnu/h-x86_64-mingw32/bin/../lib/gcc/nios2-elf/5.3.0/../../../../../H-x86_64-mingw32/nios2-elf/lib/mno-hw-mul\libc.a(lib_a-int_errno.o)
                                        0x1dd (size before relaxing)
 .debug_str     0x000000000000182f       0xda c:/intelfpga/16.1/nios2eds/bin/gnu/h-x86_64-mingw32/bin/../lib/gcc/nios2-elf/5.3.0/../../../../../H-x86_64-mingw32/nios2-elf/lib/mno-hw-mul\libc.a(lib_a-memcmp.o)
                                        0x1e4 (size before relaxing)
 .debug_str     0x0000000000001909       0x6b c:/intelfpga/16.1/nios2eds/bin/gnu/h-x86_64-mingw32/bin/../lib/gcc/nios2-elf/5.3.0/../../../../../H-x86_64-mingw32/nios2-elf/lib/mno-hw-mul\libc.a(lib_a-memcpy.o)
                                        0x20b (size before relaxing)
 .debug_str     0x0000000000001974       0x51 c:/intelfpga/16.1/nios2eds/bin/gnu/h-x86_64-mingw32/bin/../lib/gcc/nios2-elf/5.3.0/../../../../../H-x86_64-mingw32/nios2-elf/lib/mno-hw-mul\libc.a(lib_a-strlen.o)
                                        0x1f7 (size before relaxing)
 .debug_str     0x00000000000019c5       0x3f c:/intelfpga/16.1/nios2eds/bin/gnu/h-x86_64-mingw32/bin/../lib/gcc/nios2-elf/5.3.0/../../../../../H-x86_64-mingw32/nios2-elf/lib/mno-hw-mul\libc.a(lib_a-__atexit.o)
                                        0x5f6 (size before relaxing)
 .debug_str     0x0000000000001a04       0x65 c:/intelfpga/16.1/nios2eds/bin/gnu/h-x86_64-mingw32/bin/../lib/gcc/nios2-elf/5.3.0/../../../../../H-x86_64-mingw32/nios2-elf/lib/mno-hw-mul\libc.a(lib_a-__call_atexit.o)
                                        0x5e2 (size before relaxing)
 .debug_str     0x0000000000001a69      0x148 c:/intelfpga/16.1/nios2eds/bin/gnu/h-x86_64-mingw32/bin/../lib/gcc/nios2-elf/5.3.0/mno-hw-mul\libgcc.a(lib2-mul.o)
                                        0x193 (size before relaxing)
 .debug_str     0x0000000000001bb1       0x2a ../niosSoftware_bsp/\libhal_bsp.a(alt_exit.o)
                                        0x15d (size before relaxing)

.debug_loc      0x0000000000000000      0x803
 *(.debug_loc)
 .debug_loc     0x0000000000000000       0x2c c:/intelfpga/16.1/nios2eds/bin/gnu/h-x86_64-mingw32/bin/../lib/gcc/nios2-elf/5.3.0/../../../../../H-x86_64-mingw32/nios2-elf/lib/mno-hw-mul\libc.a(lib_a-atexit.o)
 .debug_loc     0x000000000000002c       0x1e c:/intelfpga/16.1/nios2eds/bin/gnu/h-x86_64-mingw32/bin/../lib/gcc/nios2-elf/5.3.0/../../../../../H-x86_64-mingw32/nios2-elf/lib/mno-hw-mul\libc.a(lib_a-exit.o)
 .debug_loc     0x000000000000004a      0x126 c:/intelfpga/16.1/nios2eds/bin/gnu/h-x86_64-mingw32/bin/../lib/gcc/nios2-elf/5.3.0/../../../../../H-x86_64-mingw32/nios2-elf/lib/mno-hw-mul\libc.a(lib_a-memcmp.o)
 .debug_loc     0x0000000000000170      0x266 c:/intelfpga/16.1/nios2eds/bin/gnu/h-x86_64-mingw32/bin/../lib/gcc/nios2-elf/5.3.0/../../../../../H-x86_64-mingw32/nios2-elf/lib/mno-hw-mul\libc.a(lib_a-memcpy.o)
 .debug_loc     0x00000000000003d6       0x47 c:/intelfpga/16.1/nios2eds/bin/gnu/h-x86_64-mingw32/bin/../lib/gcc/nios2-elf/5.3.0/../../../../../H-x86_64-mingw32/nios2-elf/lib/mno-hw-mul\libc.a(lib_a-strlen.o)
 .debug_loc     0x000000000000041d      0x185 c:/intelfpga/16.1/nios2eds/bin/gnu/h-x86_64-mingw32/bin/../lib/gcc/nios2-elf/5.3.0/../../../../../H-x86_64-mingw32/nios2-elf/lib/mno-hw-mul\libc.a(lib_a-__atexit.o)
 .debug_loc     0x00000000000005a2      0x1ce c:/intelfpga/16.1/nios2eds/bin/gnu/h-x86_64-mingw32/bin/../lib/gcc/nios2-elf/5.3.0/../../../../../H-x86_64-mingw32/nios2-elf/lib/mno-hw-mul\libc.a(lib_a-__call_atexit.o)
 .debug_loc     0x0000000000000770       0x93 c:/intelfpga/16.1/nios2eds/bin/gnu/h-x86_64-mingw32/bin/../lib/gcc/nios2-elf/5.3.0/mno-hw-mul\libgcc.a(lib2-mul.o)

.debug_macinfo
 *(.debug_macinfo)

.debug_weaknames
 *(.debug_weaknames)

.debug_funcnames
 *(.debug_funcnames)

.debug_typenames
 *(.debug_typenames)

.debug_varnames
 *(.debug_varnames)

.debug_alt_sim_info
                0x0000000000000000       0x10
 *(.debug_alt_sim_info)
 .debug_alt_sim_info
                0x0000000000000000       0x10 ../niosSoftware_bsp//obj/HAL/src/crt0.o
                0x0000000000010000                __alt_data_end = 0x10000
                0x0000000000010000                PROVIDE (__alt_stack_pointer, __alt_data_end)
                [!provide]                        PROVIDE (__alt_stack_limit, __alt_stack_base)
                [!provide]                        PROVIDE (__alt_heap_start, end)
                [!provide]                        PROVIDE (__alt_heap_limit, 0x10000)
OUTPUT(niosSoftware.elf elf32-littlenios2)

.debug_ranges   0x0000000000000000      0x178
 .debug_ranges  0x0000000000000000       0x20 ../niosSoftware_bsp//obj/HAL/src/crt0.o
 .debug_ranges  0x0000000000000020       0x30 ../niosSoftware_bsp/\libhal_bsp.a(altera_avalon_jtag_uart_init.o)
 .debug_ranges  0x0000000000000050       0x18 ../niosSoftware_bsp/\libhal_bsp.a(altera_avalon_jtag_uart_read.o)
 .debug_ranges  0x0000000000000068       0x28 ../niosSoftware_bsp/\libhal_bsp.a(alt_irq_entry.o)
 .debug_ranges  0x0000000000000090       0x10 ../niosSoftware_bsp/\libhal_bsp.a(alt_irq_handler.o)
 .debug_ranges  0x00000000000000a0       0x30 ../niosSoftware_bsp/\libhal_bsp.a(alt_exception_entry.o)
 .debug_ranges  0x00000000000000d0       0x18 ../niosSoftware_bsp/\libhal_bsp.a(alt_instruction_exception_entry.o)
 .debug_ranges  0x00000000000000e8       0x10 c:/intelfpga/16.1/nios2eds/bin/gnu/h-x86_64-mingw32/bin/../lib/gcc/nios2-elf/5.3.0/../../../../../H-x86_64-mingw32/nios2-elf/lib/mno-hw-mul\libc.a(lib_a-atexit.o)
 .debug_ranges  0x00000000000000f8       0x10 c:/intelfpga/16.1/nios2eds/bin/gnu/h-x86_64-mingw32/bin/../lib/gcc/nios2-elf/5.3.0/../../../../../H-x86_64-mingw32/nios2-elf/lib/mno-hw-mul\libc.a(lib_a-exit.o)
 .debug_ranges  0x0000000000000108       0x10 c:/intelfpga/16.1/nios2eds/bin/gnu/h-x86_64-mingw32/bin/../lib/gcc/nios2-elf/5.3.0/../../../../../H-x86_64-mingw32/nios2-elf/lib/mno-hw-mul\libc.a(lib_a-memcmp.o)
 .debug_ranges  0x0000000000000118       0x10 c:/intelfpga/16.1/nios2eds/bin/gnu/h-x86_64-mingw32/bin/../lib/gcc/nios2-elf/5.3.0/../../../../../H-x86_64-mingw32/nios2-elf/lib/mno-hw-mul\libc.a(lib_a-memcpy.o)
 .debug_ranges  0x0000000000000128       0x10 c:/intelfpga/16.1/nios2eds/bin/gnu/h-x86_64-mingw32/bin/../lib/gcc/nios2-elf/5.3.0/../../../../../H-x86_64-mingw32/nios2-elf/lib/mno-hw-mul\libc.a(lib_a-strlen.o)
 .debug_ranges  0x0000000000000138       0x10 c:/intelfpga/16.1/nios2eds/bin/gnu/h-x86_64-mingw32/bin/../lib/gcc/nios2-elf/5.3.0/../../../../../H-x86_64-mingw32/nios2-elf/lib/mno-hw-mul\libc.a(lib_a-__atexit.o)
 .debug_ranges  0x0000000000000148       0x30 c:/intelfpga/16.1/nios2eds/bin/gnu/h-x86_64-mingw32/bin/../lib/gcc/nios2-elf/5.3.0/../../../../../H-x86_64-mingw32/nios2-elf/lib/mno-hw-mul\libc.a(lib_a-__call_atexit.o)
